******************************************************************************
                  TI ARM Linker PC v16.9.0                     
******************************************************************************
>> Linked Mon Jul 03 20:01:35 2017

OUTPUT FILE NAME:   <console.out>
ENTRY POINT SYMBOL: "_c_int00"  address: 00001ac9


MEMORY CONFIGURATION

         name            origin    length      used     unused   attr    fill
----------------------  --------  ---------  --------  --------  ----  --------
  FLASH                 00000000   00040000  00002506  0003dafa  R  X
  SRAM                  20000000   00008000  00007951  000006af  RW X


SEGMENT ALLOCATION MAP

run origin  load origin   length   init length attrs members
----------  ----------- ---------- ----------- ----- -------
00000000    00000000    00002508   00002508    r-x
  00000000    00000000    0000026c   0000026c    r-- .intvecs
  0000026c    0000026c    000020aa   000020aa    r-x .text
  00002318    00002318    000001a8   000001a8    r-- .const
  000024c0    000024c0    00000048   00000048    r-- .cinit
20000000    20000000    00007951   00000000    rw-
  20000000    20000000    000076f4   00000000    rw- .bss
  200076f4    200076f4    00000200   00000000    rw- .stack
  200078f4    200078f4    0000005d   00000000    rw- .data


SECTION ALLOCATION MAP

 output                                  attributes/
section   page    origin      length       input sections
--------  ----  ----------  ----------   ----------------
.intvecs   0    00000000    0000026c     
                  00000000    0000026c     startup_ccs.obj (.intvecs)

.text      0    0000026c    000020aa     
                  0000026c    000001ea     uartstdio.obj (.text:UARTvprintf)
                  00000456    00000136     driverlib.lib : can.obj (.text:CANMessageSet)
                  0000058c    00000132                   : gpio.obj (.text:GPIOPadConfigSet)
                  000006be    00000002     startup_ccs.obj (.text:FaultISR)
                  000006c0    00000118     queue.obj (.text:xQueueGenericReceive)
                  000007d8    00000110     driverlib.lib : sysctl.obj (.text:SysCtlClockGet)
                  000008e8    00000104     tasks.obj (.text:xTaskGenericCreate)
                  000009ec    00000104     tasks.obj (.text:xTaskIncrementTick)
                  00000af0    000000e8     queue.obj (.text:xQueueGenericSend)
                  00000bd8    000000e4     tasks.obj (.text:xTaskResumeAll)
                  00000cbc    000000d2     portasm.obj (.text)
                  00000d8e    00000002     startup_ccs.obj (.text:IntDefaultHandler)
                  00000d90    000000d0     button_task.obj (.text:ButtonTask)
                  00000e60    000000b0     can0_task.obj (.text:CAN0TaskInit)
                  00000f10    000000ac     heap_2.obj (.text:pvPortMalloc)
                  00000fbc    0000009c     rtsv7M4_T_le_v4SPD16_eabi.lib : memcpy_t2.obj (.text)
                  00001058    00000094     tasks.obj (.text:vTaskPriorityInherit)
                  000010ec    0000008c     buttons.obj (.text:ButtonsPoll)
                  00001178    0000008c     tasks.obj (.text:vTaskSwitchContext)
                  00001204    00000084     can0_task.obj (.text:CAN0Task)
                  00001288    00000084     queue.obj (.text:xQueueGenericReset)
                  0000130c    0000007c     tasks.obj (.text:xTaskPriorityDisinherit)
                  00001388    0000007a     rtsv7M4_T_le_v4SPD16_eabi.lib : memset_t2.obj (.text)
                  00001402    00000002     startup_ccs.obj (.text:NmiSR)
                  00001404    00000074     freertos_demo.obj (.text:main)
                  00001478    00000074     tasks.obj (.text:xTaskRemoveFromEventList)
                  000014ec    00000072     queue.obj (.text:prvCopyDataToQueue)
                  0000155e    00000002     rtsv7M4_T_le_v4SPD16_eabi.lib : i_div0.obj (.text)
                  00001560    00000070                                   : autoinit.obj (.text)
                  000015d0    0000006c     driverlib.lib : can.obj (.text:CANBitRateSet)
                  0000163c    00000068     buttons.obj (.text:ButtonsInit)
                  000016a4    00000068     driverlib.lib : interrupt.obj (.text:IntEnable)
                  0000170c    00000068     rtsv7M4_T_le_v4SPD16_eabi.lib : copy_decompress_lzss.obj (.text:decompress:lzss)
                  00001774    00000064     freertos_demo.obj (.text:ConfigureUART)
                  000017d8    00000064     tasks.obj (.text:vTaskPlaceOnEventList)
                  0000183c    00000062     queue.obj (.text:prvUnlockQueue)
                  0000189e    00000002     rtsv7M4_T_le_v4SPD16_eabi.lib : mpu_init.obj (.text)
                  000018a0    00000060     uartstdio.obj (.text:UARTStdioConfig)
                  00001900    00000060     tasks.obj (.text:prvInitialiseTaskLists)
                  00001960    00000060     tasks.obj (.text:vTaskStartScheduler)
                  000019c0    0000005c     tasks.obj (.text:vTaskDelay)
                  00001a1c    00000058     tasks.obj (.text:prvCheckTasksWaitingTermination)
                  00001a74    00000054     tasks.obj (.text:prvInitialiseTCBVariables)
                  00001ac8    00000054     rtsv7M4_T_le_v4SPD16_eabi.lib : boot.obj (.text)
                  00001b1c    00000054                                   : exit.obj (.text)
                  00001b70    00000054     tasks.obj (.text:xTaskCheckForTimeOut)
                  00001bc4    0000004c     tasks.obj (.text:prvAddCurrentTaskToDelayedList)
                  00001c10    0000004c     rtsv7M4_T_le_v4SPD16_eabi.lib : cpy_tbl.obj (.text)
                  00001c5c    0000004c     queue.obj (.text:xQueueCreateMutex)
                  00001ca8    00000048     driverlib.lib : gpio.obj (.text:GPIOPinConfigure)
                  00001cf0    00000048     uartstdio.obj (.text:UARTwrite)
                  00001d38    00000044     heap_2.obj (.text:vPortFree)
                  00001d7c    00000040     driverlib.lib : can.obj (.text:CANStatusGet)
                  00001dbc    00000040     rtsv7M4_T_le_v4SPD16_eabi.lib : u_divt2.obj (.text)
                  00001dfc    00000040     port.obj (.text:xPortStartScheduler)
                  00001e3c    0000003c     can0_task.obj (.text:CAN0IntHandler)
                  00001e78    0000003c     queue.obj (.text:xQueueGenericCreate)
                  00001eb4    0000003a     driverlib.lib : can.obj (.text:CANInit)
                  00001eee    0000003a     tasks.obj (.text:prvAllocateTCBAndStack)
                  00001f28    00000038     button_task.obj (.text:ButtonsTaskInit)
                  00001f60    00000038     list.obj (.text:vListInsert)
                  00001f98    00000034     driverlib.lib : sysctl.obj (.text:SysCtlPeripheralEnable)
                  00001fcc    00000030     heap_2.obj (.text:prvHeapInit)
                  00001ffc    0000002c     port.obj (.text:xPortSysTickHandler)
                  00002028    0000002a     driverlib.lib : gpio.obj (.text:GPIODirModeSet)
                  00002052    00000002     rtsv7M4_T_le_v4SPD16_eabi.lib : startup.obj (.text)
                  00002054    00000028     tasks.obj (.text:prvResetNextTaskUnblockTime)
                  0000207c    00000028     port.obj (.text:pxPortInitialiseStack)
                  000020a4    00000026     queue.obj (.text:prvCopyDataFromQueue)
                  000020ca    00000024     driverlib.lib : can.obj (.text:_CANDataRegWrite)
                  000020ee    00000022                   : can.obj (.text:CANIntClear)
                  00002110    00000020                   : can.obj (.text:CANIntStatus)
                  00002130    00000020     list.obj (.text:uxListRemove)
                  00002150    0000001c     queue.obj (.text:prvIsQueueFull)
                  0000216c    0000001c     port.obj (.text:vPortEnterCritical)
                  00002188    0000001a     uartstdio.obj (.text:UARTprintf)
                  000021a2    0000001a     queue.obj (.text:prvIsQueueEmpty)
                  000021bc    00000018     tasks.obj (.text:pvTaskIncrementMutexHeldCount)
                  000021d4    00000018     rtsv7M4_T_le_v4SPD16_eabi.lib : args_main.obj (.text)
                  000021ec    00000018     list.obj (.text:vListInsertEnd)
                  00002204    00000018     port.obj (.text:vPortExitCritical)
                  0000221c    00000018     tasks.obj (.text:vTaskSetTimeOutState)
                  00002234    00000016     list.obj (.text:vListInitialise)
                  0000224a    00000002     freertos_demo.obj (.text:vApplicationStackOverflowHook)
                  0000224c    00000014     rtsv7M4_T_le_v4SPD16_eabi.lib : _lock.obj (.text)
                  00002260    00000014     port.obj (.text:vPortSetupTimerInterrupt)
                  00002274    00000012     driverlib.lib : gpio.obj (.text:GPIOPinTypeCAN)
                  00002286    00000012     tasks.obj (.text:prvDeleteTCB)
                  00002298    00000010     port.obj (.text:prvTaskExitError)
                  000022a8    00000010     tasks.obj (.text:vTaskSuspendAll)
                  000022b8    0000000e     rtsv7M4_T_le_v4SPD16_eabi.lib : copy_decompress_none.obj (.text:decompress:none)
                  000022c6    0000000c                                   : copy_zero_init.obj (.text:decompress:ZI)
                  000022d2    00000002     --HOLE-- [fill = 0]
                  000022d4    0000000c     tasks.obj (.text:vTaskMissedYield)
                  000022e0    0000000a     driverlib.lib : can.obj (.text:CANEnable)
                  000022ea    00000008                   : can.obj (.text:CANIntEnable)
                  000022f2    00000008     tasks.obj (.text:prvIdleTask)
                  000022fa    00000006     startup_ccs.obj (.text:ResetISR)
                  00002300    00000006     driverlib.lib : sysctl.obj (.text:SysCtlDelay)
                  00002306    00000006                   : uart.obj (.text:UARTClockSourceSet)
                  0000230c    00000006     list.obj (.text:vListInitialiseItem)
                  00002312    00000004     rtsv7M4_T_le_v4SPD16_eabi.lib : pre_init.obj (.text)

.const     0    00002318    000001a8     
                  00002318    00000090     driverlib.lib : gpio.obj (.const:g_pui32GPIOBaseAddrs)
                  000023a8    00000070                   : interrupt.obj (.const)
                  00002418    0000006c                   : sysctl.obj (.const:g_pui32Xtals)
                  00002484    00000020                   : can.obj (.const)
                  000024a4    0000000c     uartstdio.obj (.const:g_ui32UARTBase)
                  000024b0    0000000c     uartstdio.obj (.const:g_ui32UARTPeriph)
                  000024bc    00000004     port.obj (.const)

.cinit     0    000024c0    00000048     
                  000024c0    0000001d     (.cinit..data.load) [load image, compression = lzss]
                  000024dd    00000003     --HOLE-- [fill = 0]
                  000024e0    0000000c     (__TI_handler_table)
                  000024ec    00000004     --HOLE-- [fill = 0]
                  000024f0    00000008     (.cinit..bss.load) [load image, compression = zero_init]
                  000024f8    00000010     (__TI_cinit_table)

.init_array 
*          0    00000000    00000000     UNINITIALIZED

.bss       0    20000000    000076f4     UNINITIALIZED
                  20000000    00007530     heap_2.obj (.bss:ucHeap)
                  20007530    00000140     tasks.obj (.bss:pxReadyTasksLists)
                  20007670    00000014     tasks.obj (.bss:xDelayedTaskList1)
                  20007684    00000014     tasks.obj (.bss:xDelayedTaskList2)
                  20007698    00000014     tasks.obj (.bss:xPendingReadyList)
                  200076ac    00000014     tasks.obj (.bss:xSuspendedTaskList)
                  200076c0    00000014     tasks.obj (.bss:xTasksWaitingTermination)
                  200076d4    00000008     tasks.obj (.bss)
                  200076dc    00000008     heap_2.obj (.bss:xEnd)
                  200076e4    00000008     heap_2.obj (.bss:xStart)
                  200076ec    00000004     (.common:g_pCAN0Queue)
                  200076f0    00000004     (.common:g_pUARTSemaphore)

.stack     0    200076f4    00000200     UNINITIALIZED
                  200076f4    00000200     --HOLE--

.data      0    200078f4    0000005d     UNINITIALIZED
                  200078f4    00000030     tasks.obj (.data)
                  20007924    0000000c     rtsv7M4_T_le_v4SPD16_eabi.lib : exit.obj (.data:$O1$$)
                  20007930    00000008                                   : _lock.obj (.data:$O1$$)
                  20007938    00000008     heap_2.obj (.data)
                  20007940    00000005     uartstdio.obj (.data)
                  20007945    00000003     buttons.obj (.data)
                  20007948    00000004     port.obj (.data)
                  2000794c    00000004     rtsv7M4_T_le_v4SPD16_eabi.lib : stkdepth_vars.obj (.data)
                  20007950    00000001     can0_task.obj (.data)

MODULE SUMMARY

       Module                     code   ro data   rw data
       ------                     ----   -------   -------
    .\
       startup_ccs.obj            12     620       0      
       can0_task.obj              368    0         5      
       button_task.obj            264    0         0      
       freertos_demo.obj          218    0         4      
    +--+--------------------------+------+---------+---------+
       Total:                     862    620       9      
                                                          
    .\drivers\
       buttons.obj                244    0         3      
    +--+--------------------------+------+---------+---------+
       Total:                     244    0         3      
                                                          
    .\third_party\FreeRTOS\Source\
       tasks.obj                  2192   0         476    
       queue.obj                  1084   0         0      
       list.obj                   140    0         0      
    +--+--------------------------+------+---------+---------+
       Total:                     3416   0         476    
                                                          
    .\third_party\FreeRTOS\Source\portable\CCS\ARM_CM4F\
       port.obj                   236    4         4      
       portasm.obj                210    0         0      
    +--+--------------------------+------+---------+---------+
       Total:                     446    4         4      
                                                          
    .\third_party\FreeRTOS\Source\portable\MemMang\
       heap_2.obj                 288    0         30024  
    +--+--------------------------+------+---------+---------+
       Total:                     288    0         30024  
                                                          
    .\utils\
       uartstdio.obj              684    24        5      
    +--+--------------------------+------+---------+---------+
       Total:                     684    24        5      
                                                          
    C:/ti/TivaWare_C_Series-2.1.2.111/driverlib/ccs/Debug/driverlib.lib
       can.obj                    660    32        0      
       gpio.obj                   438    144       0      
       sysctl.obj                 330    108       0      
       interrupt.obj              104    112       0      
       uart.obj                   6      0         0      
    +--+--------------------------+------+---------+---------+
       Total:                     1538   396       0      
                                                          
    C:\ti\ccsv7\tools\compiler\ti-cgt-arm_16.9.0.LTS\lib\rtsv7M4_T_le_v4SPD16_eabi.lib
       memcpy_t2.obj              156    0         0      
       memset_t2.obj              122    0         0      
       autoinit.obj               112    0         0      
       copy_decompress_lzss.obj   104    0         0      
       exit.obj                   84     0         12     
       boot.obj                   84     0         0      
       cpy_tbl.obj                76     0         0      
       u_divt2.obj                64     0         0      
       _lock.obj                  20     0         8      
       args_main.obj              24     0         0      
       copy_decompress_none.obj   14     0         0      
       copy_zero_init.obj         12     0         0      
       pre_init.obj               4      0         0      
       stkdepth_vars.obj          0      0         4      
       i_div0.obj                 2      0         0      
       mpu_init.obj               2      0         0      
       startup.obj                2      0         0      
    +--+--------------------------+------+---------+---------+
       Total:                     882    0         24     
                                                          
       Stack:                     0      0         512    
       Linker Generated:          0      65        0      
    +--+--------------------------+------+---------+---------+
       Grand Total:               8360   1109      31057  


LINKER GENERATED COPY TABLES

__TI_cinit_table @ 000024f8 records: 2, size/record: 8, table size: 16
	.data: load addr=000024c0, load size=0000001d bytes, run addr=200078f4, run size=0000005d bytes, compression=lzss
	.bss: load addr=000024f0, load size=00000008 bytes, run addr=20000000, run size=000076f4 bytes, compression=zero_init


LINKER GENERATED HANDLER TABLE

__TI_handler_table @ 000024e0 records: 3, size/record: 4, table size: 12
	index: 0, handler: __TI_decompress_lzss
	index: 1, handler: __TI_decompress_none
	index: 2, handler: __TI_zero_init


GLOBAL SYMBOLS: SORTED ALPHABETICALLY BY Name 

address   name                           
-------   ----                           
0000163d  ButtonsInit                    
000010ed  ButtonsPoll                    
00001f29  ButtonsTaskInit                
00001b1d  C$$EXIT                        
00001e3d  CAN0IntHandler                 
00000e61  CAN0TaskInit                   
000015d1  CANBitRateSet                  
000022e1  CANEnable                      
00001eb5  CANInit                        
000020ef  CANIntClear                    
000022eb  CANIntEnable                   
00002111  CANIntStatus                   
00000457  CANMessageSet                  
00001d7d  CANStatusGet                   
00001775  ConfigureUART                  
00002029  GPIODirModeSet                 
0000058d  GPIOPadConfigSet               
00001ca9  GPIOPinConfigure               
00002275  GPIOPinTypeCAN                 
000016a5  IntEnable                      
000022fb  ResetISR                       
UNDEFED   SHT$$INIT_ARRAY$$Base          
UNDEFED   SHT$$INIT_ARRAY$$Limit         
000007d9  SysCtlClockGet                 
00002301  SysCtlDelay                    
00001f99  SysCtlPeripheralEnable         
00002307  UARTClockSourceSet             
000018a1  UARTStdioConfig                
00002189  UARTprintf                     
0000026d  UARTvprintf                    
00001cf1  UARTwrite                      
200078f4  __STACK_END                    
00000200  __STACK_SIZE                   
200078f4  __STACK_TOP                    
000024f8  __TI_CINIT_Base                
00002508  __TI_CINIT_Limit               
000024e0  __TI_Handler_Table_Base        
000024ec  __TI_Handler_Table_Limit       
00001561  __TI_auto_init                 
20007924  __TI_cleanup_ptr               
0000170d  __TI_decompress_lzss           
000022b9  __TI_decompress_none           
20007928  __TI_dtors_ptr                 
2000792c  __TI_enable_exit_profile_output
ffffffff  __TI_pprof_out_hndl            
ffffffff  __TI_prof_data_size            
ffffffff  __TI_prof_data_start           
00000000  __TI_static_base__             
000022c7  __TI_zero_init                 
0000155f  __aeabi_idiv0                  
00001389  __aeabi_memclr                 
00001389  __aeabi_memclr4                
00001389  __aeabi_memclr8                
00000fbd  __aeabi_memcpy                 
00000fbd  __aeabi_memcpy4                
00000fbd  __aeabi_memcpy8                
0000138b  __aeabi_memset                 
0000138b  __aeabi_memset4                
0000138b  __aeabi_memset8                
00001dbd  __aeabi_uidiv                  
00001dbd  __aeabi_uidivmod               
ffffffff  __binit__                      
ffffffff  __c_args__                     
0000189f  __mpu_init                     
200076f4  __stack                        
000021d5  _args_main                     
00001ac9  _c_int00                       
20007930  _lock                          
0000225b  _nop                           
00002253  _register_lock                 
0000224d  _register_unlock               
00002053  _system_post_cinit             
00002313  _system_pre_init               
20007934  _unlock                        
00001b21  abort                          
ffffffff  binit                          
00001c11  copy_in                        
00001b29  exit                           
20007950  g_bErrFlag                     
200076ec  g_pCAN0Queue                   
200076f0  g_pUARTSemaphore               
00000000  g_pfnVectors                   
00001405  main                           
2000794c  main_func_sp                   
00000fbd  memcpy                         
00001391  memset                         
00000f11  pvPortMalloc                   
000021bd  pvTaskIncrementMutexHeldCount  
200078f4  pxCurrentTCB                   
0000207d  pxPortInitialiseStack          
000024bc  ulMaxSyscallInterruptPriority  
00000ccd  ulPortGetIPSR                  
00002131  uxListRemove                   
0000224b  vApplicationStackOverflowHook  
00002235  vListInitialise                
0000230d  vListInitialiseItem            
00001f61  vListInsert                    
000021ed  vListInsertEnd                 
00000d81  vPortEnableVFP                 
0000216d  vPortEnterCritical             
00002205  vPortExitCritical              
00001d39  vPortFree                      
00000d45  vPortSVCHandler                
00002261  vPortSetupTimerInterrupt       
00000d65  vPortStartFirstTask            
000019c1  vTaskDelay                     
000022d5  vTaskMissedYield               
000017d9  vTaskPlaceOnEventList          
00001059  vTaskPriorityInherit           
0000221d  vTaskSetTimeOutState           
00001961  vTaskStartScheduler            
000022a9  vTaskSuspendAll                
00001179  vTaskSwitchContext             
00000ce5  xPortPendSVHandler             
00001dfd  xPortStartScheduler            
00001ffd  xPortSysTickHandler            
00001c5d  xQueueCreateMutex              
00001e79  xQueueGenericCreate            
000006c1  xQueueGenericReceive           
00001289  xQueueGenericReset             
00000af1  xQueueGenericSend              
00001b71  xTaskCheckForTimeOut           
000008e9  xTaskGenericCreate             
000009ed  xTaskIncrementTick             
0000130d  xTaskPriorityDisinherit        
00001479  xTaskRemoveFromEventList       
00000bd9  xTaskResumeAll                 


GLOBAL SYMBOLS: SORTED BY Symbol Address 

address   name                           
-------   ----                           
00000000  __TI_static_base__             
00000000  g_pfnVectors                   
00000200  __STACK_SIZE                   
0000026d  UARTvprintf                    
00000457  CANMessageSet                  
0000058d  GPIOPadConfigSet               
000006c1  xQueueGenericReceive           
000007d9  SysCtlClockGet                 
000008e9  xTaskGenericCreate             
000009ed  xTaskIncrementTick             
00000af1  xQueueGenericSend              
00000bd9  xTaskResumeAll                 
00000ccd  ulPortGetIPSR                  
00000ce5  xPortPendSVHandler             
00000d45  vPortSVCHandler                
00000d65  vPortStartFirstTask            
00000d81  vPortEnableVFP                 
00000e61  CAN0TaskInit                   
00000f11  pvPortMalloc                   
00000fbd  __aeabi_memcpy                 
00000fbd  __aeabi_memcpy4                
00000fbd  __aeabi_memcpy8                
00000fbd  memcpy                         
00001059  vTaskPriorityInherit           
000010ed  ButtonsPoll                    
00001179  vTaskSwitchContext             
00001289  xQueueGenericReset             
0000130d  xTaskPriorityDisinherit        
00001389  __aeabi_memclr                 
00001389  __aeabi_memclr4                
00001389  __aeabi_memclr8                
0000138b  __aeabi_memset                 
0000138b  __aeabi_memset4                
0000138b  __aeabi_memset8                
00001391  memset                         
00001405  main                           
00001479  xTaskRemoveFromEventList       
0000155f  __aeabi_idiv0                  
00001561  __TI_auto_init                 
000015d1  CANBitRateSet                  
0000163d  ButtonsInit                    
000016a5  IntEnable                      
0000170d  __TI_decompress_lzss           
00001775  ConfigureUART                  
000017d9  vTaskPlaceOnEventList          
0000189f  __mpu_init                     
000018a1  UARTStdioConfig                
00001961  vTaskStartScheduler            
000019c1  vTaskDelay                     
00001ac9  _c_int00                       
00001b1d  C$$EXIT                        
00001b21  abort                          
00001b29  exit                           
00001b71  xTaskCheckForTimeOut           
00001c11  copy_in                        
00001c5d  xQueueCreateMutex              
00001ca9  GPIOPinConfigure               
00001cf1  UARTwrite                      
00001d39  vPortFree                      
00001d7d  CANStatusGet                   
00001dbd  __aeabi_uidiv                  
00001dbd  __aeabi_uidivmod               
00001dfd  xPortStartScheduler            
00001e3d  CAN0IntHandler                 
00001e79  xQueueGenericCreate            
00001eb5  CANInit                        
00001f29  ButtonsTaskInit                
00001f61  vListInsert                    
00001f99  SysCtlPeripheralEnable         
00001ffd  xPortSysTickHandler            
00002029  GPIODirModeSet                 
00002053  _system_post_cinit             
0000207d  pxPortInitialiseStack          
000020ef  CANIntClear                    
00002111  CANIntStatus                   
00002131  uxListRemove                   
0000216d  vPortEnterCritical             
00002189  UARTprintf                     
000021bd  pvTaskIncrementMutexHeldCount  
000021d5  _args_main                     
000021ed  vListInsertEnd                 
00002205  vPortExitCritical              
0000221d  vTaskSetTimeOutState           
00002235  vListInitialise                
0000224b  vApplicationStackOverflowHook  
0000224d  _register_unlock               
00002253  _register_lock                 
0000225b  _nop                           
00002261  vPortSetupTimerInterrupt       
00002275  GPIOPinTypeCAN                 
000022a9  vTaskSuspendAll                
000022b9  __TI_decompress_none           
000022c7  __TI_zero_init                 
000022d5  vTaskMissedYield               
000022e1  CANEnable                      
000022eb  CANIntEnable                   
000022fb  ResetISR                       
00002301  SysCtlDelay                    
00002307  UARTClockSourceSet             
0000230d  vListInitialiseItem            
00002313  _system_pre_init               
000024bc  ulMaxSyscallInterruptPriority  
000024e0  __TI_Handler_Table_Base        
000024ec  __TI_Handler_Table_Limit       
000024f8  __TI_CINIT_Base                
00002508  __TI_CINIT_Limit               
200076ec  g_pCAN0Queue                   
200076f0  g_pUARTSemaphore               
200076f4  __stack                        
200078f4  __STACK_END                    
200078f4  __STACK_TOP                    
200078f4  pxCurrentTCB                   
20007924  __TI_cleanup_ptr               
20007928  __TI_dtors_ptr                 
2000792c  __TI_enable_exit_profile_output
20007930  _lock                          
20007934  _unlock                        
2000794c  main_func_sp                   
20007950  g_bErrFlag                     
ffffffff  __TI_pprof_out_hndl            
ffffffff  __TI_prof_data_size            
ffffffff  __TI_prof_data_start           
ffffffff  __binit__                      
ffffffff  __c_args__                     
ffffffff  binit                          
UNDEFED   SHT$$INIT_ARRAY$$Base          
UNDEFED   SHT$$INIT_ARRAY$$Limit         

[127 symbols]
