<?xml version="1.0"?>
<link_info>
   <banner>TI ARM Linker PC v16.9.0.LTS</banner>
   <copyright>Copyright (c) 1996-2015 Texas Instruments Incorporated</copyright>
   <link_time>0x59591ac9</link_time>
   <link_errors>0x0</link_errors>
   <output_file>gateway.out</output_file>
   <entry_point>
      <name>_c_int00</name>
      <address>0x1ce9</address>
   </entry_point>
   <input_file_list>
      <input_file id="fl-2">
         <path>.\</path>
         <kind>object</kind>
         <file>can0_task.obj</file>
         <name>can0_task.obj</name>
      </input_file>
      <input_file id="fl-3">
         <path>.\</path>
         <kind>object</kind>
         <file>can1_task.obj</file>
         <name>can1_task.obj</name>
      </input_file>
      <input_file id="fl-4">
         <path>.\</path>
         <kind>object</kind>
         <file>freertos_demo.obj</file>
         <name>freertos_demo.obj</name>
      </input_file>
      <input_file id="fl-5">
         <path>.\</path>
         <kind>object</kind>
         <file>mapping_task.obj</file>
         <name>mapping_task.obj</name>
      </input_file>
      <input_file id="fl-6">
         <path>.\</path>
         <kind>object</kind>
         <file>startup_ccs.obj</file>
         <name>startup_ccs.obj</name>
      </input_file>
      <input_file id="fl-7">
         <path>.\drivers\</path>
         <kind>object</kind>
         <file>buttons.obj</file>
         <name>buttons.obj</name>
      </input_file>
      <input_file id="fl-8">
         <path>.\drivers\</path>
         <kind>object</kind>
         <file>rgb.obj</file>
         <name>rgb.obj</name>
      </input_file>
      <input_file id="fl-9">
         <path>.\third_party\FreeRTOS\Source\</path>
         <kind>object</kind>
         <file>list.obj</file>
         <name>list.obj</name>
      </input_file>
      <input_file id="fl-a">
         <path>.\third_party\FreeRTOS\Source\</path>
         <kind>object</kind>
         <file>queue.obj</file>
         <name>queue.obj</name>
      </input_file>
      <input_file id="fl-b">
         <path>.\third_party\FreeRTOS\Source\</path>
         <kind>object</kind>
         <file>tasks.obj</file>
         <name>tasks.obj</name>
      </input_file>
      <input_file id="fl-c">
         <path>.\third_party\FreeRTOS\Source\portable\CCS\ARM_CM4F\</path>
         <kind>object</kind>
         <file>port.obj</file>
         <name>port.obj</name>
      </input_file>
      <input_file id="fl-d">
         <path>.\third_party\FreeRTOS\Source\portable\CCS\ARM_CM4F\</path>
         <kind>object</kind>
         <file>portasm.obj</file>
         <name>portasm.obj</name>
      </input_file>
      <input_file id="fl-e">
         <path>.\third_party\FreeRTOS\Source\portable\MemMang\</path>
         <kind>object</kind>
         <file>heap_2.obj</file>
         <name>heap_2.obj</name>
      </input_file>
      <input_file id="fl-f">
         <path>.\utils\</path>
         <kind>object</kind>
         <file>uartstdio.obj</file>
         <name>uartstdio.obj</name>
      </input_file>
      <input_file id="fl-10">
         <path>.\utils\</path>
         <kind>object</kind>
         <file>ustdlib.obj</file>
         <name>ustdlib.obj</name>
      </input_file>
      <input_file id="fl-cb">
         <path>C:\ti\ccsv7\tools\compiler\ti-cgt-arm_16.9.0.LTS\lib\</path>
         <kind>archive</kind>
         <file>rtsv7M4_T_le_v4SPD16_eabi.lib</file>
         <name>boot.obj</name>
      </input_file>
      <input_file id="fl-cc">
         <path>C:\ti\ccsv7\tools\compiler\ti-cgt-arm_16.9.0.LTS\lib\</path>
         <kind>archive</kind>
         <file>rtsv7M4_T_le_v4SPD16_eabi.lib</file>
         <name>copy_decompress_lzss.obj</name>
      </input_file>
      <input_file id="fl-cd">
         <path>C:\ti\ccsv7\tools\compiler\ti-cgt-arm_16.9.0.LTS\lib\</path>
         <kind>archive</kind>
         <file>rtsv7M4_T_le_v4SPD16_eabi.lib</file>
         <name>copy_decompress_none.obj</name>
      </input_file>
      <input_file id="fl-ce">
         <path>C:\ti\ccsv7\tools\compiler\ti-cgt-arm_16.9.0.LTS\lib\</path>
         <kind>archive</kind>
         <file>rtsv7M4_T_le_v4SPD16_eabi.lib</file>
         <name>copy_zero_init.obj</name>
      </input_file>
      <input_file id="fl-cf">
         <path>C:\ti\ccsv7\tools\compiler\ti-cgt-arm_16.9.0.LTS\lib\</path>
         <kind>archive</kind>
         <file>rtsv7M4_T_le_v4SPD16_eabi.lib</file>
         <name>exit.obj</name>
      </input_file>
      <input_file id="fl-d0">
         <path>C:\ti\ccsv7\tools\compiler\ti-cgt-arm_16.9.0.LTS\lib\</path>
         <kind>archive</kind>
         <file>rtsv7M4_T_le_v4SPD16_eabi.lib</file>
         <name>fs_toull_t2.obj</name>
      </input_file>
      <input_file id="fl-d1">
         <path>C:\ti\ccsv7\tools\compiler\ti-cgt-arm_16.9.0.LTS\lib\</path>
         <kind>archive</kind>
         <file>rtsv7M4_T_le_v4SPD16_eabi.lib</file>
         <name>memcpy_t2.obj</name>
      </input_file>
      <input_file id="fl-d2">
         <path>C:\ti\ccsv7\tools\compiler\ti-cgt-arm_16.9.0.LTS\lib\</path>
         <kind>archive</kind>
         <file>rtsv7M4_T_le_v4SPD16_eabi.lib</file>
         <name>memset_t2.obj</name>
      </input_file>
      <input_file id="fl-d3">
         <path>C:\ti\ccsv7\tools\compiler\ti-cgt-arm_16.9.0.LTS\lib\</path>
         <kind>archive</kind>
         <file>rtsv7M4_T_le_v4SPD16_eabi.lib</file>
         <name>mpu_init.obj</name>
      </input_file>
      <input_file id="fl-d4">
         <path>C:\ti\ccsv7\tools\compiler\ti-cgt-arm_16.9.0.LTS\lib\</path>
         <kind>archive</kind>
         <file>rtsv7M4_T_le_v4SPD16_eabi.lib</file>
         <name>pre_init.obj</name>
      </input_file>
      <input_file id="fl-d5">
         <path>C:\ti\ccsv7\tools\compiler\ti-cgt-arm_16.9.0.LTS\lib\</path>
         <kind>archive</kind>
         <file>rtsv7M4_T_le_v4SPD16_eabi.lib</file>
         <name>stkdepth_vars.obj</name>
      </input_file>
      <input_file id="fl-d6">
         <path>C:\ti\ccsv7\tools\compiler\ti-cgt-arm_16.9.0.LTS\lib\</path>
         <kind>archive</kind>
         <file>rtsv7M4_T_le_v4SPD16_eabi.lib</file>
         <name>u_divt2.obj</name>
      </input_file>
      <input_file id="fl-d7">
         <path>C:\ti\ccsv7\tools\compiler\ti-cgt-arm_16.9.0.LTS\lib\</path>
         <kind>archive</kind>
         <file>rtsv7M4_T_le_v4SPD16_eabi.lib</file>
         <name>_lock.obj</name>
      </input_file>
      <input_file id="fl-d8">
         <path>C:\ti\ccsv7\tools\compiler\ti-cgt-arm_16.9.0.LTS\lib\</path>
         <kind>archive</kind>
         <file>rtsv7M4_T_le_v4SPD16_eabi.lib</file>
         <name>args_main.obj</name>
      </input_file>
      <input_file id="fl-d9">
         <path>C:\ti\ccsv7\tools\compiler\ti-cgt-arm_16.9.0.LTS\lib\</path>
         <kind>archive</kind>
         <file>rtsv7M4_T_le_v4SPD16_eabi.lib</file>
         <name>autoinit.obj</name>
      </input_file>
      <input_file id="fl-da">
         <path>C:\ti\ccsv7\tools\compiler\ti-cgt-arm_16.9.0.LTS\lib\</path>
         <kind>archive</kind>
         <file>rtsv7M4_T_le_v4SPD16_eabi.lib</file>
         <name>cpy_tbl.obj</name>
      </input_file>
      <input_file id="fl-db">
         <path>C:\ti\ccsv7\tools\compiler\ti-cgt-arm_16.9.0.LTS\lib\</path>
         <kind>archive</kind>
         <file>rtsv7M4_T_le_v4SPD16_eabi.lib</file>
         <name>i_div0.obj</name>
      </input_file>
      <input_file id="fl-dc">
         <path>C:\ti\ccsv7\tools\compiler\ti-cgt-arm_16.9.0.LTS\lib\</path>
         <kind>archive</kind>
         <file>rtsv7M4_T_le_v4SPD16_eabi.lib</file>
         <name>startup.obj</name>
      </input_file>
      <input_file id="fl-dd">
         <path>C:\ti\TivaWare_C_Series-2.1.2.111\driverlib\ccs\Debug\</path>
         <kind>archive</kind>
         <file>driverlib.lib</file>
         <name>can.obj</name>
      </input_file>
      <input_file id="fl-de">
         <path>C:\ti\TivaWare_C_Series-2.1.2.111\driverlib\ccs\Debug\</path>
         <kind>archive</kind>
         <file>driverlib.lib</file>
         <name>gpio.obj</name>
      </input_file>
      <input_file id="fl-df">
         <path>C:\ti\TivaWare_C_Series-2.1.2.111\driverlib\ccs\Debug\</path>
         <kind>archive</kind>
         <file>driverlib.lib</file>
         <name>interrupt.obj</name>
      </input_file>
      <input_file id="fl-e0">
         <path>C:\ti\TivaWare_C_Series-2.1.2.111\driverlib\ccs\Debug\</path>
         <kind>archive</kind>
         <file>driverlib.lib</file>
         <name>sysctl.obj</name>
      </input_file>
      <input_file id="fl-e1">
         <path>C:\ti\TivaWare_C_Series-2.1.2.111\driverlib\ccs\Debug\</path>
         <kind>archive</kind>
         <file>driverlib.lib</file>
         <name>cpu.obj</name>
      </input_file>
   </input_file_list>
   <object_component_list>
      <object_component id="oc-f">
         <name>.intvecs</name>
         <load_address>0x0</load_address>
         <run_address>0x0</run_address>
         <size>0x26c</size>
         <input_file_ref idref="fl-6"/>
      </object_component>
      <object_component id="oc-1ea">
         <name>.text:UARTvprintf</name>
         <load_address>0x26c</load_address>
         <run_address>0x26c</run_address>
         <size>0x1ea</size>
         <input_file_ref idref="fl-f"/>
      </object_component>
      <object_component id="oc-337">
         <name>.text:CANMessageSet</name>
         <load_address>0x456</load_address>
         <run_address>0x456</run_address>
         <size>0x136</size>
         <input_file_ref idref="fl-dd"/>
      </object_component>
      <object_component id="oc-2f4">
         <name>.text:GPIOPadConfigSet</name>
         <load_address>0x58c</load_address>
         <run_address>0x58c</run_address>
         <size>0x132</size>
         <input_file_ref idref="fl-de"/>
      </object_component>
      <object_component id="oc-37">
         <name>.text:FaultISR</name>
         <load_address>0x6be</load_address>
         <run_address>0x6be</run_address>
         <size>0x2</size>
         <input_file_ref idref="fl-6"/>
      </object_component>
      <object_component id="oc-331">
         <name>.text:xQueueGenericReceive</name>
         <load_address>0x6c0</load_address>
         <run_address>0x6c0</run_address>
         <size>0x118</size>
         <input_file_ref idref="fl-a"/>
      </object_component>
      <object_component id="oc-224">
         <name>.text:SysCtlClockGet</name>
         <load_address>0x7d8</load_address>
         <run_address>0x7d8</run_address>
         <size>0x110</size>
         <input_file_ref idref="fl-e0"/>
      </object_component>
      <object_component id="oc-346">
         <name>.text:CANMessageGet</name>
         <load_address>0x8e8</load_address>
         <run_address>0x8e8</run_address>
         <size>0x10e</size>
         <input_file_ref idref="fl-dd"/>
      </object_component>
      <object_component id="oc-3d">
         <name>.text:IntDefaultHandler</name>
         <load_address>0x9f6</load_address>
         <run_address>0x9f6</run_address>
         <size>0x2</size>
         <input_file_ref idref="fl-6"/>
      </object_component>
      <object_component id="oc-256">
         <name>.text:CAN1Task</name>
         <load_address>0x9f8</load_address>
         <run_address>0x9f8</run_address>
         <size>0x104</size>
         <input_file_ref idref="fl-3"/>
      </object_component>
      <object_component id="oc-248">
         <name>.text:xTaskGenericCreate</name>
         <load_address>0xafc</load_address>
         <run_address>0xafc</run_address>
         <size>0x104</size>
         <input_file_ref idref="fl-b"/>
      </object_component>
      <object_component id="oc-b3">
         <name>.text:xTaskIncrementTick</name>
         <load_address>0xc00</load_address>
         <run_address>0xc00</run_address>
         <size>0x104</size>
         <input_file_ref idref="fl-b"/>
      </object_component>
      <object_component id="oc-32b">
         <name>.text:SysCtlClockSet</name>
         <load_address>0xd04</load_address>
         <run_address>0xd04</run_address>
         <size>0xf4</size>
         <input_file_ref idref="fl-e0"/>
      </object_component>
      <object_component id="oc-203">
         <name>.text:xQueueGenericSend</name>
         <load_address>0xdf8</load_address>
         <run_address>0xdf8</run_address>
         <size>0xe8</size>
         <input_file_ref idref="fl-a"/>
      </object_component>
      <object_component id="oc-297">
         <name>.text:xTaskResumeAll</name>
         <load_address>0xee0</load_address>
         <run_address>0xee0</run_address>
         <size>0xe4</size>
         <input_file_ref idref="fl-b"/>
      </object_component>
      <object_component id="oc-43">
         <name>.text</name>
         <load_address>0xfc4</load_address>
         <run_address>0xfc4</run_address>
         <size>0xd2</size>
         <input_file_ref idref="fl-d"/>
      </object_component>
      <object_component id="oc-31">
         <name>.text:NmiSR</name>
         <load_address>0x1096</load_address>
         <run_address>0x1096</run_address>
         <size>0x2</size>
         <input_file_ref idref="fl-6"/>
      </object_component>
      <object_component id="oc-24f">
         <name>.text:CAN0Task</name>
         <load_address>0x1098</load_address>
         <run_address>0x1098</run_address>
         <size>0xc8</size>
         <input_file_ref idref="fl-2"/>
      </object_component>
      <object_component id="oc-172">
         <name>.text:CAN0TaskInit</name>
         <load_address>0x1160</load_address>
         <run_address>0x1160</run_address>
         <size>0xb0</size>
         <input_file_ref idref="fl-2"/>
      </object_component>
      <object_component id="oc-1f7">
         <name>.text:pvPortMalloc</name>
         <load_address>0x1210</load_address>
         <run_address>0x1210</run_address>
         <size>0xac</size>
         <input_file_ref idref="fl-e"/>
      </object_component>
      <object_component id="oc-25d">
         <name>.text:MapTask</name>
         <load_address>0x12bc</load_address>
         <run_address>0x12bc</run_address>
         <size>0x9c</size>
         <input_file_ref idref="fl-5"/>
      </object_component>
      <object_component id="oc-68">
         <name>.text</name>
         <load_address>0x1358</load_address>
         <run_address>0x1358</run_address>
         <size>0x9c</size>
         <input_file_ref idref="fl-d1"/>
      </object_component>
      <object_component id="oc-178">
         <name>.text:CAN1TaskInit</name>
         <load_address>0x13f4</load_address>
         <run_address>0x13f4</run_address>
         <size>0x94</size>
         <input_file_ref idref="fl-3"/>
      </object_component>
      <object_component id="oc-3ea">
         <name>.text:vTaskPriorityInherit</name>
         <load_address>0x1488</load_address>
         <run_address>0x1488</run_address>
         <size>0x94</size>
         <input_file_ref idref="fl-b"/>
      </object_component>
      <object_component id="oc-ac">
         <name>.text:vTaskSwitchContext</name>
         <load_address>0x151c</load_address>
         <run_address>0x151c</run_address>
         <size>0x8c</size>
         <input_file_ref idref="fl-b"/>
      </object_component>
      <object_component id="oc-34c">
         <name>.text:vTaskDelayUntil</name>
         <load_address>0x15a8</load_address>
         <run_address>0x15a8</run_address>
         <size>0x84</size>
         <input_file_ref idref="fl-b"/>
      </object_component>
      <object_component id="oc-30b">
         <name>.text:xQueueGenericReset</name>
         <load_address>0x162c</load_address>
         <run_address>0x162c</run_address>
         <size>0x84</size>
         <input_file_ref idref="fl-a"/>
      </object_component>
      <object_component id="oc-3a6">
         <name>.text:xTaskPriorityDisinherit</name>
         <load_address>0x16b0</load_address>
         <run_address>0x16b0</run_address>
         <size>0x7c</size>
         <input_file_ref idref="fl-b"/>
      </object_component>
      <object_component id="oc-74">
         <name>.text</name>
         <load_address>0x172c</load_address>
         <run_address>0x172c</run_address>
         <size>0x7a</size>
         <input_file_ref idref="fl-d2"/>
      </object_component>
      <object_component id="oc-36d">
         <name>.text</name>
         <load_address>0x17a6</load_address>
         <run_address>0x17a6</run_address>
         <size>0x2</size>
         <input_file_ref idref="fl-db"/>
      </object_component>
      <object_component id="oc-101">
         <name>.text:main</name>
         <load_address>0x17a8</load_address>
         <run_address>0x17a8</run_address>
         <size>0x78</size>
         <input_file_ref idref="fl-4"/>
      </object_component>
      <object_component id="oc-2d9">
         <name>.text:xTaskRemoveFromEventList</name>
         <load_address>0x1820</load_address>
         <run_address>0x1820</run_address>
         <size>0x74</size>
         <input_file_ref idref="fl-b"/>
      </object_component>
      <object_component id="oc-2d3">
         <name>.text:prvCopyDataToQueue</name>
         <load_address>0x1894</load_address>
         <run_address>0x1894</run_address>
         <size>0x72</size>
         <input_file_ref idref="fl-a"/>
      </object_component>
      <object_component id="oc-80">
         <name>.text</name>
         <load_address>0x1906</load_address>
         <run_address>0x1906</run_address>
         <size>0x2</size>
         <input_file_ref idref="fl-d3"/>
      </object_component>
      <object_component id="oc-8c">
         <name>.text</name>
         <load_address>0x1908</load_address>
         <run_address>0x1908</run_address>
         <size>0x70</size>
         <input_file_ref idref="fl-d9"/>
      </object_component>
      <object_component id="oc-22a">
         <name>.text:CANBitRateSet</name>
         <load_address>0x1978</load_address>
         <run_address>0x1978</run_address>
         <size>0x6c</size>
         <input_file_ref idref="fl-dd"/>
      </object_component>
      <object_component id="oc-236">
         <name>.text:IntEnable</name>
         <load_address>0x19e4</load_address>
         <run_address>0x19e4</run_address>
         <size>0x68</size>
         <input_file_ref idref="fl-df"/>
      </object_component>
      <object_component id="oc-12">
         <name>.text:decompress:lzss</name>
         <load_address>0x1a4c</load_address>
         <run_address>0x1a4c</run_address>
         <size>0x68</size>
         <input_file_ref idref="fl-cc"/>
      </object_component>
      <object_component id="oc-2cd">
         <name>.text:vTaskPlaceOnEventList</name>
         <load_address>0x1ab4</load_address>
         <run_address>0x1ab4</run_address>
         <size>0x64</size>
         <input_file_ref idref="fl-b"/>
      </object_component>
      <object_component id="oc-2c1">
         <name>.text:prvUnlockQueue</name>
         <load_address>0x1b18</load_address>
         <run_address>0x1b18</run_address>
         <size>0x62</size>
         <input_file_ref idref="fl-a"/>
      </object_component>
      <object_component id="oc-f9">
         <name>.text</name>
         <load_address>0x1b7a</load_address>
         <run_address>0x1b7a</run_address>
         <size>0x2</size>
         <input_file_ref idref="fl-dc"/>
      </object_component>
      <object_component id="oc-324">
         <name>.text:prvInitialiseTaskLists</name>
         <load_address>0x1b7c</load_address>
         <run_address>0x1b7c</run_address>
         <size>0x60</size>
         <input_file_ref idref="fl-b"/>
      </object_component>
      <object_component id="oc-184">
         <name>.text:vTaskStartScheduler</name>
         <load_address>0x1bdc</load_address>
         <run_address>0x1bdc</run_address>
         <size>0x60</size>
         <input_file_ref idref="fl-b"/>
      </object_component>
      <object_component id="oc-35f">
         <name>.text:prvCheckTasksWaitingTermination</name>
         <load_address>0x1c3c</load_address>
         <run_address>0x1c3c</run_address>
         <size>0x58</size>
         <input_file_ref idref="fl-b"/>
      </object_component>
      <object_component id="oc-318">
         <name>.text:prvInitialiseTCBVariables</name>
         <load_address>0x1c94</load_address>
         <run_address>0x1c94</run_address>
         <size>0x54</size>
         <input_file_ref idref="fl-b"/>
      </object_component>
      <object_component id="oc-24">
         <name>.text</name>
         <load_address>0x1ce8</load_address>
         <run_address>0x1ce8</run_address>
         <size>0x54</size>
         <input_file_ref idref="fl-cb"/>
      </object_component>
      <object_component id="oc-98">
         <name>.text</name>
         <load_address>0x1d3c</load_address>
         <run_address>0x1d3c</run_address>
         <size>0x54</size>
         <input_file_ref idref="fl-cf"/>
      </object_component>
      <object_component id="oc-2bb">
         <name>.text:xTaskCheckForTimeOut</name>
         <load_address>0x1d90</load_address>
         <run_address>0x1d90</run_address>
         <size>0x54</size>
         <input_file_ref idref="fl-b"/>
      </object_component>
      <object_component id="oc-39c">
         <name>.text:prvAddCurrentTaskToDelayedList</name>
         <load_address>0x1de4</load_address>
         <run_address>0x1de4</run_address>
         <size>0x4c</size>
         <input_file_ref idref="fl-b"/>
      </object_component>
      <object_component id="oc-f3">
         <name>.text</name>
         <load_address>0x1e30</load_address>
         <run_address>0x1e30</run_address>
         <size>0x4c</size>
         <input_file_ref idref="fl-da"/>
      </object_component>
      <object_component id="oc-16c">
         <name>.text:xQueueCreateMutex</name>
         <load_address>0x1e7c</load_address>
         <run_address>0x1e7c</run_address>
         <size>0x4c</size>
         <input_file_ref idref="fl-a"/>
      </object_component>
      <object_component id="oc-54">
         <name>.text:CAN1IntHandler</name>
         <load_address>0x1ec8</load_address>
         <run_address>0x1ec8</run_address>
         <size>0x48</size>
         <input_file_ref idref="fl-3"/>
      </object_component>
      <object_component id="oc-212">
         <name>.text:GPIOPinConfigure</name>
         <load_address>0x1f10</load_address>
         <run_address>0x1f10</run_address>
         <size>0x48</size>
         <input_file_ref idref="fl-de"/>
      </object_component>
      <object_component id="oc-27d">
         <name>.text:UARTwrite</name>
         <load_address>0x1f58</load_address>
         <run_address>0x1f58</run_address>
         <size>0x48</size>
         <input_file_ref idref="fl-f"/>
      </object_component>
      <object_component id="oc-3c4">
         <name>.text:vPortFree</name>
         <load_address>0x1fa0</load_address>
         <run_address>0x1fa0</run_address>
         <size>0x44</size>
         <input_file_ref idref="fl-e"/>
      </object_component>
      <object_component id="oc-c6">
         <name>.text:CANStatusGet</name>
         <load_address>0x1fe4</load_address>
         <run_address>0x1fe4</run_address>
         <size>0x40</size>
         <input_file_ref idref="fl-dd"/>
      </object_component>
      <object_component id="oc-283">
         <name>.text</name>
         <load_address>0x2024</load_address>
         <run_address>0x2024</run_address>
         <size>0x40</size>
         <input_file_ref idref="fl-d6"/>
      </object_component>
      <object_component id="oc-264">
         <name>.text:xPortStartScheduler</name>
         <load_address>0x2064</load_address>
         <run_address>0x2064</run_address>
         <size>0x40</size>
         <input_file_ref idref="fl-c"/>
      </object_component>
      <object_component id="oc-4e">
         <name>.text:CAN0IntHandler</name>
         <load_address>0x20a4</load_address>
         <run_address>0x20a4</run_address>
         <size>0x3c</size>
         <input_file_ref idref="fl-2"/>
      </object_component>
      <object_component id="oc-242">
         <name>.text:xQueueGenericCreate</name>
         <load_address>0x20e0</load_address>
         <run_address>0x20e0</run_address>
         <size>0x3c</size>
         <input_file_ref idref="fl-a"/>
      </object_component>
      <object_component id="oc-21e">
         <name>.text:CANInit</name>
         <load_address>0x211c</load_address>
         <run_address>0x211c</run_address>
         <size>0x3a</size>
         <input_file_ref idref="fl-dd"/>
      </object_component>
      <object_component id="oc-312">
         <name>.text:prvAllocateTCBAndStack</name>
         <load_address>0x2156</load_address>
         <run_address>0x2156</run_address>
         <size>0x3a</size>
         <input_file_ref idref="fl-b"/>
      </object_component>
      <object_component id="oc-396">
         <name>.text:vListInsert</name>
         <load_address>0x2190</load_address>
         <run_address>0x2190</run_address>
         <size>0x38</size>
         <input_file_ref idref="fl-9"/>
      </object_component>
      <object_component id="oc-17e">
         <name>.text:MapTaskInit</name>
         <load_address>0x21c8</load_address>
         <run_address>0x21c8</run_address>
         <size>0x34</size>
         <input_file_ref idref="fl-5"/>
      </object_component>
      <object_component id="oc-20c">
         <name>.text:SysCtlPeripheralEnable</name>
         <load_address>0x21fc</load_address>
         <run_address>0x21fc</run_address>
         <size>0x34</size>
         <input_file_ref idref="fl-e0"/>
      </object_component>
      <object_component id="oc-291">
         <name>.text:prvHeapInit</name>
         <load_address>0x2230</load_address>
         <run_address>0x2230</run_address>
         <size>0x30</size>
         <input_file_ref idref="fl-e"/>
      </object_component>
      <object_component id="oc-48">
         <name>.text:xPortSysTickHandler</name>
         <load_address>0x2260</load_address>
         <run_address>0x2260</run_address>
         <size>0x2c</size>
         <input_file_ref idref="fl-c"/>
      </object_component>
      <object_component id="oc-2ee">
         <name>.text:GPIODirModeSet</name>
         <load_address>0x228c</load_address>
         <run_address>0x228c</run_address>
         <size>0x2a</size>
         <input_file_ref idref="fl-de"/>
      </object_component>
      <object_component id="oc-405">
         <name>.text:_CANDataRegRead</name>
         <load_address>0x22b6</load_address>
         <run_address>0x22b6</run_address>
         <size>0x2a</size>
         <input_file_ref idref="fl-dd"/>
      </object_component>
      <object_component id="oc-129">
         <name>.text:prvResetNextTaskUnblockTime</name>
         <load_address>0x22e0</load_address>
         <run_address>0x22e0</run_address>
         <size>0x28</size>
         <input_file_ref idref="fl-b"/>
      </object_component>
      <object_component id="oc-31e">
         <name>.text:pxPortInitialiseStack</name>
         <load_address>0x2308</load_address>
         <run_address>0x2308</run_address>
         <size>0x28</size>
         <input_file_ref idref="fl-c"/>
      </object_component>
      <object_component id="oc-3f0">
         <name>.text:prvCopyDataFromQueue</name>
         <load_address>0x2330</load_address>
         <run_address>0x2330</run_address>
         <size>0x26</size>
         <input_file_ref idref="fl-a"/>
      </object_component>
      <object_component id="oc-3fd">
         <name>.text:_CANDataRegWrite</name>
         <load_address>0x2356</load_address>
         <run_address>0x2356</run_address>
         <size>0x24</size>
         <input_file_ref idref="fl-dd"/>
      </object_component>
      <object_component id="oc-c0">
         <name>.text:CANIntClear</name>
         <load_address>0x237a</load_address>
         <run_address>0x237a</run_address>
         <size>0x22</size>
         <input_file_ref idref="fl-dd"/>
      </object_component>
      <object_component id="oc-ba">
         <name>.text:CANIntStatus</name>
         <load_address>0x239c</load_address>
         <run_address>0x239c</run_address>
         <size>0x20</size>
         <input_file_ref idref="fl-dd"/>
      </object_component>
      <object_component id="oc-12f">
         <name>.text:uxListRemove</name>
         <load_address>0x23bc</load_address>
         <run_address>0x23bc</run_address>
         <size>0x20</size>
         <input_file_ref idref="fl-9"/>
      </object_component>
      <object_component id="oc-2c7">
         <name>.text:prvIsQueueFull</name>
         <load_address>0x23dc</load_address>
         <run_address>0x23dc</run_address>
         <size>0x1c</size>
         <input_file_ref idref="fl-a"/>
      </object_component>
      <object_component id="oc-2b5">
         <name>.text:vPortEnterCritical</name>
         <load_address>0x23f8</load_address>
         <run_address>0x23f8</run_address>
         <size>0x1c</size>
         <input_file_ref idref="fl-c"/>
      </object_component>
      <object_component id="oc-166">
         <name>.text:UARTprintf</name>
         <load_address>0x2414</load_address>
         <run_address>0x2414</run_address>
         <size>0x1a</size>
         <input_file_ref idref="fl-f"/>
      </object_component>
      <object_component id="oc-3e4">
         <name>.text:prvIsQueueEmpty</name>
         <load_address>0x242e</load_address>
         <run_address>0x242e</run_address>
         <size>0x1a</size>
         <input_file_ref idref="fl-a"/>
      </object_component>
      <object_component id="oc-3f6">
         <name>.text:pvTaskIncrementMutexHeldCount</name>
         <load_address>0x2448</load_address>
         <run_address>0x2448</run_address>
         <size>0x18</size>
         <input_file_ref idref="fl-b"/>
      </object_component>
      <object_component id="oc-92">
         <name>.text</name>
         <load_address>0x2460</load_address>
         <run_address>0x2460</run_address>
         <size>0x18</size>
         <input_file_ref idref="fl-d8"/>
      </object_component>
      <object_component id="oc-135">
         <name>.text:vListInsertEnd</name>
         <load_address>0x2478</load_address>
         <run_address>0x2478</run_address>
         <size>0x18</size>
         <input_file_ref idref="fl-9"/>
      </object_component>
      <object_component id="oc-2af">
         <name>.text:vPortExitCritical</name>
         <load_address>0x2490</load_address>
         <run_address>0x2490</run_address>
         <size>0x18</size>
         <input_file_ref idref="fl-c"/>
      </object_component>
      <object_component id="oc-2a9">
         <name>.text:vTaskSetTimeOutState</name>
         <load_address>0x24a8</load_address>
         <run_address>0x24a8</run_address>
         <size>0x18</size>
         <input_file_ref idref="fl-b"/>
      </object_component>
      <object_component id="oc-1fd">
         <name>.text:vListInitialise</name>
         <load_address>0x24c0</load_address>
         <run_address>0x24c0</run_address>
         <size>0x16</size>
         <input_file_ref idref="fl-9"/>
      </object_component>
      <object_component id="oc-11f">
         <name>.text:vApplicationStackOverflowHook</name>
         <load_address>0x24d6</load_address>
         <run_address>0x24d6</run_address>
         <size>0x2</size>
         <input_file_ref idref="fl-4"/>
      </object_component>
      <object_component id="oc-197">
         <name>.text</name>
         <load_address>0x24d8</load_address>
         <run_address>0x24d8</run_address>
         <size>0x14</size>
         <input_file_ref idref="fl-d7"/>
      </object_component>
      <object_component id="oc-355">
         <name>.text:vPortSetupTimerInterrupt</name>
         <load_address>0x24ec</load_address>
         <run_address>0x24ec</run_address>
         <size>0x14</size>
         <input_file_ref idref="fl-c"/>
      </object_component>
      <object_component id="oc-218">
         <name>.text:GPIOPinTypeCAN</name>
         <load_address>0x2500</load_address>
         <run_address>0x2500</run_address>
         <size>0x12</size>
         <input_file_ref idref="fl-de"/>
      </object_component>
      <object_component id="oc-412">
         <name>.text:prvDeleteTCB</name>
         <load_address>0x2512</load_address>
         <run_address>0x2512</run_address>
         <size>0x12</size>
         <input_file_ref idref="fl-b"/>
      </object_component>
      <object_component id="oc-3d2">
         <name>.text:prvTaskExitError</name>
         <load_address>0x2524</load_address>
         <run_address>0x2524</run_address>
         <size>0x10</size>
         <input_file_ref idref="fl-c"/>
      </object_component>
      <object_component id="oc-28b">
         <name>.text:vTaskSuspendAll</name>
         <load_address>0x2534</load_address>
         <run_address>0x2534</run_address>
         <size>0x10</size>
         <input_file_ref idref="fl-b"/>
      </object_component>
      <object_component id="oc-18">
         <name>.text:decompress:none</name>
         <load_address>0x2544</load_address>
         <run_address>0x2544</run_address>
         <size>0xe</size>
         <input_file_ref idref="fl-cd"/>
      </object_component>
      <object_component id="oc-1e">
         <name>.text:decompress:ZI</name>
         <load_address>0x2552</load_address>
         <run_address>0x2552</run_address>
         <size>0xc</size>
         <input_file_ref idref="fl-ce"/>
      </object_component>
      <object_component id="oc-38e">
         <name>.text:vTaskMissedYield</name>
         <load_address>0x2560</load_address>
         <run_address>0x2560</run_address>
         <size>0xc</size>
         <input_file_ref idref="fl-b"/>
      </object_component>
      <object_component id="oc-340">
         <name>.text:xTaskGetTickCount</name>
         <load_address>0x256c</load_address>
         <run_address>0x256c</run_address>
         <size>0xc</size>
         <input_file_ref idref="fl-b"/>
      </object_component>
      <object_component id="oc-23c">
         <name>.text:CANEnable</name>
         <load_address>0x2578</load_address>
         <run_address>0x2578</run_address>
         <size>0xa</size>
         <input_file_ref idref="fl-dd"/>
      </object_component>
      <object_component id="oc-230">
         <name>.text:CANIntEnable</name>
         <load_address>0x2582</load_address>
         <run_address>0x2582</run_address>
         <size>0x8</size>
         <input_file_ref idref="fl-dd"/>
      </object_component>
      <object_component id="oc-26a">
         <name>.text:prvIdleTask</name>
         <load_address>0x258a</load_address>
         <run_address>0x258a</run_address>
         <size>0x8</size>
         <input_file_ref idref="fl-b"/>
      </object_component>
      <object_component id="oc-2b">
         <name>.text:ResetISR</name>
         <load_address>0x2592</load_address>
         <run_address>0x2592</run_address>
         <size>0x6</size>
         <input_file_ref idref="fl-6"/>
      </object_component>
      <object_component id="oc-33d">
         <name>.text:SysCtlDelay</name>
         <load_address>0x2598</load_address>
         <run_address>0x2598</run_address>
         <size>0x6</size>
         <input_file_ref idref="fl-e0"/>
      </object_component>
      <object_component id="oc-3cb">
         <name>.text:vListInitialiseItem</name>
         <load_address>0x259e</load_address>
         <run_address>0x259e</run_address>
         <size>0x6</size>
         <input_file_ref idref="fl-9"/>
      </object_component>
      <object_component id="oc-86">
         <name>.text</name>
         <load_address>0x25a4</load_address>
         <run_address>0x25a4</run_address>
         <size>0x4</size>
         <input_file_ref idref="fl-d4"/>
      </object_component>
      <object_component id="oc-2e9">
         <name>.const:g_pui32GPIOBaseAddrs</name>
         <load_address>0x25a8</load_address>
         <run_address>0x25a8</run_address>
         <size>0x90</size>
         <input_file_ref idref="fl-de"/>
      </object_component>
      <object_component id="oc-305">
         <name>.const</name>
         <load_address>0x2638</load_address>
         <run_address>0x2638</run_address>
         <size>0x70</size>
         <input_file_ref idref="fl-df"/>
      </object_component>
      <object_component id="oc-2fc">
         <name>.const:g_pui32Xtals</name>
         <load_address>0x26a8</load_address>
         <run_address>0x26a8</run_address>
         <size>0x6c</size>
         <input_file_ref idref="fl-e0"/>
      </object_component>
      <object_component id="oc-300">
         <name>.const</name>
         <load_address>0x2714</load_address>
         <run_address>0x2714</run_address>
         <size>0x20</size>
         <input_file_ref idref="fl-dd"/>
      </object_component>
      <object_component id="oc-a9">
         <name>.const</name>
         <load_address>0x2734</load_address>
         <run_address>0x2734</run_address>
         <size>0x4</size>
         <input_file_ref idref="fl-c"/>
      </object_component>
      <object_component id="oc-459">
         <name>.cinit..data.load</name>
         <load_address>0x2738</load_address>
         <run_address>0x2738</run_address>
         <size>0x19</size>
      </object_component>
      <object_component id="oc-457">
         <name>__TI_handler_table</name>
         <load_address>0x2754</load_address>
         <run_address>0x2754</run_address>
         <size>0xc</size>
      </object_component>
      <object_component id="oc-45a">
         <name>.cinit..bss.load</name>
         <load_address>0x2760</load_address>
         <run_address>0x2760</run_address>
         <size>0x8</size>
      </object_component>
      <object_component id="oc-458">
         <name>__TI_cinit_table</name>
         <load_address>0x2768</load_address>
         <run_address>0x2768</run_address>
         <size>0x10</size>
      </object_component>
      <object_component id="oc-cc">
         <name>.data</name>
         <load_address>0x2000794b</load_address>
         <run_address>0x2000794b</run_address>
         <size>0x1</size>
         <input_file_ref idref="fl-2"/>
      </object_component>
      <object_component id="oc-d5">
         <name>.data</name>
         <load_address>0x20007949</load_address>
         <run_address>0x20007949</run_address>
         <size>0x2</size>
         <input_file_ref idref="fl-3"/>
      </object_component>
      <object_component id="oc-a6">
         <name>.data</name>
         <load_address>0x200078f8</load_address>
         <run_address>0x200078f8</run_address>
         <size>0x30</size>
         <input_file_ref idref="fl-b"/>
      </object_component>
      <object_component id="oc-35b">
         <name>.data</name>
         <load_address>0x2000794c</load_address>
         <run_address>0x2000794c</run_address>
         <size>0x4</size>
         <input_file_ref idref="fl-c"/>
      </object_component>
      <object_component id="oc-29d">
         <name>.data</name>
         <load_address>0x2000793c</load_address>
         <run_address>0x2000793c</run_address>
         <size>0x8</size>
         <input_file_ref idref="fl-e"/>
      </object_component>
      <object_component id="oc-366">
         <name>.data</name>
         <load_address>0x20007944</load_address>
         <run_address>0x20007944</run_address>
         <size>0x5</size>
         <input_file_ref idref="fl-f"/>
      </object_component>
      <object_component id="oc-109">
         <name>.data:$O1$$</name>
         <load_address>0x20007928</load_address>
         <run_address>0x20007928</run_address>
         <size>0xc</size>
         <input_file_ref idref="fl-cf"/>
      </object_component>
      <object_component id="oc-9e">
         <name>.data</name>
         <load_address>0x20007950</load_address>
         <run_address>0x20007950</run_address>
         <size>0x4</size>
         <input_file_ref idref="fl-d5"/>
      </object_component>
      <object_component id="oc-10c">
         <name>.data:$O1$$</name>
         <load_address>0x20007934</load_address>
         <run_address>0x20007934</run_address>
         <size>0x8</size>
         <input_file_ref idref="fl-d7"/>
      </object_component>
      <object_component id="oc-125">
         <name>.bss:pxReadyTasksLists</name>
         <uninitialized>true</uninitialized>
         <run_address>0x20007530</run_address>
         <size>0x140</size>
         <input_file_ref idref="fl-b"/>
      </object_component>
      <object_component id="oc-3d9">
         <name>.bss:xDelayedTaskList1</name>
         <uninitialized>true</uninitialized>
         <run_address>0x20007670</run_address>
         <size>0x14</size>
         <input_file_ref idref="fl-b"/>
      </object_component>
      <object_component id="oc-3dc">
         <name>.bss:xDelayedTaskList2</name>
         <uninitialized>true</uninitialized>
         <run_address>0x20007684</run_address>
         <size>0x14</size>
         <input_file_ref idref="fl-b"/>
      </object_component>
      <object_component id="oc-13b">
         <name>.bss</name>
         <uninitialized>true</uninitialized>
         <run_address>0x200076d4</run_address>
         <size>0x8</size>
         <input_file_ref idref="fl-b"/>
      </object_component>
      <object_component id="oc-379">
         <name>.bss:xPendingReadyList</name>
         <uninitialized>true</uninitialized>
         <run_address>0x20007698</run_address>
         <size>0x14</size>
         <input_file_ref idref="fl-b"/>
      </object_component>
      <object_component id="oc-3df">
         <name>.bss:xTasksWaitingTermination</name>
         <uninitialized>true</uninitialized>
         <run_address>0x200076c0</run_address>
         <size>0x14</size>
         <input_file_ref idref="fl-b"/>
      </object_component>
      <object_component id="oc-3a2">
         <name>.bss:xSuspendedTaskList</name>
         <uninitialized>true</uninitialized>
         <run_address>0x200076ac</run_address>
         <size>0x14</size>
         <input_file_ref idref="fl-b"/>
      </object_component>
      <object_component id="oc-375">
         <name>.bss:ucHeap</name>
         <uninitialized>true</uninitialized>
         <run_address>0x20000000</run_address>
         <size>0x7530</size>
         <input_file_ref idref="fl-e"/>
      </object_component>
      <object_component id="oc-2a0">
         <name>.bss:xStart</name>
         <uninitialized>true</uninitialized>
         <run_address>0x200076e4</run_address>
         <size>0x8</size>
         <input_file_ref idref="fl-e"/>
      </object_component>
      <object_component id="oc-2a3">
         <name>.bss:xEnd</name>
         <uninitialized>true</uninitialized>
         <run_address>0x200076dc</run_address>
         <size>0x8</size>
         <input_file_ref idref="fl-e"/>
      </object_component>
      <object_component id="oc-24e">
         <name>.common:g_pCAN0Queue</name>
         <uninitialized>true</uninitialized>
         <run_address>0x200076ec</run_address>
         <size>0x4</size>
      </object_component>
      <object_component id="oc-33e">
         <name>.common:g_pCAN1Queue</name>
         <uninitialized>true</uninitialized>
         <run_address>0x200076f0</run_address>
         <size>0x4</size>
      </object_component>
      <object_component id="oc-18a">
         <name>.common:g_pUARTSemaphore</name>
         <uninitialized>true</uninitialized>
         <run_address>0x200076f4</run_address>
         <size>0x4</size>
      </object_component>
      <object_component id="oc-2a">
         <name>.stack</name>
         <uninitialized>true</uninitialized>
         <run_address>0x200076f8</run_address>
         <size>0x0</size>
         <input_file_ref idref="fl-cb"/>
      </object_component>
      <object_component id="oc-45b">
         <name>.stack</name>
         <uninitialized>true</uninitialized>
         <run_address>0x200076f8</run_address>
         <size>0x0</size>
      </object_component>
      <object_component id="oc-14a">
         <name>.debug_info</name>
         <load_address>0x0</load_address>
         <run_address>0x0</run_address>
         <size>0x579</size>
         <input_file_ref idref="fl-2"/>
      </object_component>
      <object_component id="oc-cd">
         <name>.debug_info</name>
         <load_address>0x579</load_address>
         <run_address>0x579</run_address>
         <size>0xc3</size>
         <input_file_ref idref="fl-2"/>
      </object_component>
      <object_component id="oc-174">
         <name>.debug_info</name>
         <load_address>0x63c</load_address>
         <run_address>0x63c</run_address>
         <size>0x219</size>
         <input_file_ref idref="fl-2"/>
      </object_component>
      <object_component id="oc-250">
         <name>.debug_info</name>
         <load_address>0x855</load_address>
         <run_address>0x855</run_address>
         <size>0x1a5</size>
         <input_file_ref idref="fl-2"/>
      </object_component>
      <object_component id="oc-4f">
         <name>.debug_info</name>
         <load_address>0x9fa</load_address>
         <run_address>0x9fa</run_address>
         <size>0x154</size>
         <input_file_ref idref="fl-2"/>
      </object_component>
      <object_component id="oc-1aa">
         <name>.debug_info</name>
         <load_address>0xb4e</load_address>
         <run_address>0xb4e</run_address>
         <size>0x2ef</size>
         <input_file_ref idref="fl-2"/>
      </object_component>
      <object_component id="oc-1d2">
         <name>.debug_info</name>
         <load_address>0xe3d</load_address>
         <run_address>0xe3d</run_address>
         <size>0x1b3</size>
         <input_file_ref idref="fl-2"/>
      </object_component>
      <object_component id="oc-14c">
         <name>.debug_info</name>
         <load_address>0xff0</load_address>
         <run_address>0xff0</run_address>
         <size>0x8b</size>
         <input_file_ref idref="fl-2"/>
      </object_component>
      <object_component id="oc-1d7">
         <name>.debug_info</name>
         <load_address>0x107b</load_address>
         <run_address>0x107b</run_address>
         <size>0x46</size>
         <input_file_ref idref="fl-2"/>
      </object_component>
      <object_component id="oc-273">
         <name>.debug_info</name>
         <load_address>0x10c1</load_address>
         <run_address>0x10c1</run_address>
         <size>0x2c</size>
         <input_file_ref idref="fl-2"/>
      </object_component>
      <object_component id="oc-1af">
         <name>.debug_info</name>
         <load_address>0x10ed</load_address>
         <run_address>0x10ed</run_address>
         <size>0x2c</size>
         <input_file_ref idref="fl-2"/>
      </object_component>
      <object_component id="oc-d0">
         <name>.debug_info</name>
         <load_address>0x1119</load_address>
         <run_address>0x1119</run_address>
         <size>0x18b</size>
         <input_file_ref idref="fl-2"/>
      </object_component>
      <object_component id="oc-117">
         <name>.debug_info</name>
         <load_address>0x12a4</load_address>
         <run_address>0x12a4</run_address>
         <size>0x53</size>
         <input_file_ref idref="fl-2"/>
      </object_component>
      <object_component id="oc-1f2">
         <name>.debug_info</name>
         <load_address>0x12f7</load_address>
         <run_address>0x12f7</run_address>
         <size>0x4e</size>
         <input_file_ref idref="fl-2"/>
      </object_component>
      <object_component id="oc-1b9">
         <name>.debug_info</name>
         <load_address>0x1345</load_address>
         <run_address>0x1345</run_address>
         <size>0x14c</size>
         <input_file_ref idref="fl-2"/>
      </object_component>
      <object_component id="oc-153">
         <name>.debug_info</name>
         <load_address>0x1491</load_address>
         <run_address>0x1491</run_address>
         <size>0x575</size>
         <input_file_ref idref="fl-3"/>
      </object_component>
      <object_component id="oc-d6">
         <name>.debug_info</name>
         <load_address>0x1a06</load_address>
         <run_address>0x1a06</run_address>
         <size>0xe8</size>
         <input_file_ref idref="fl-3"/>
      </object_component>
      <object_component id="oc-179">
         <name>.debug_info</name>
         <load_address>0x1aee</load_address>
         <run_address>0x1aee</run_address>
         <size>0x1ff</size>
         <input_file_ref idref="fl-3"/>
      </object_component>
      <object_component id="oc-259">
         <name>.debug_info</name>
         <load_address>0x1ced</load_address>
         <run_address>0x1ced</run_address>
         <size>0x232</size>
         <input_file_ref idref="fl-3"/>
      </object_component>
      <object_component id="oc-57">
         <name>.debug_info</name>
         <load_address>0x1f1f</load_address>
         <run_address>0x1f1f</run_address>
         <size>0x154</size>
         <input_file_ref idref="fl-3"/>
      </object_component>
      <object_component id="oc-18b">
         <name>.debug_info</name>
         <load_address>0x2073</load_address>
         <run_address>0x2073</run_address>
         <size>0x24b</size>
         <input_file_ref idref="fl-4"/>
      </object_component>
      <object_component id="oc-122">
         <name>.debug_info</name>
         <load_address>0x22be</load_address>
         <run_address>0x22be</run_address>
         <size>0x155</size>
         <input_file_ref idref="fl-4"/>
      </object_component>
      <object_component id="oc-104">
         <name>.debug_info</name>
         <load_address>0x2413</load_address>
         <run_address>0x2413</run_address>
         <size>0x177</size>
         <input_file_ref idref="fl-4"/>
      </object_component>
      <object_component id="oc-63">
         <name>.debug_info</name>
         <load_address>0x258a</load_address>
         <run_address>0x258a</run_address>
         <size>0x84</size>
         <input_file_ref idref="fl-4"/>
      </object_component>
      <object_component id="oc-354">
         <name>.debug_info</name>
         <load_address>0x260e</load_address>
         <run_address>0x260e</run_address>
         <size>0x31c</size>
         <input_file_ref idref="fl-5"/>
      </object_component>
      <object_component id="oc-17f">
         <name>.debug_info</name>
         <load_address>0x292a</load_address>
         <run_address>0x292a</run_address>
         <size>0x11f</size>
         <input_file_ref idref="fl-5"/>
      </object_component>
      <object_component id="oc-25e">
         <name>.debug_info</name>
         <load_address>0x2a49</load_address>
         <run_address>0x2a49</run_address>
         <size>0x20a</size>
         <input_file_ref idref="fl-5"/>
      </object_component>
      <object_component id="oc-5c">
         <name>.debug_info</name>
         <load_address>0x2c53</load_address>
         <run_address>0x2c53</run_address>
         <size>0x1a6</size>
         <input_file_ref idref="fl-6"/>
      </object_component>
      <object_component id="oc-10">
         <name>.debug_info</name>
         <load_address>0x2df9</load_address>
         <run_address>0x2df9</run_address>
         <size>0xc9</size>
         <input_file_ref idref="fl-6"/>
      </object_component>
      <object_component id="oc-2e">
         <name>.debug_info</name>
         <load_address>0x2ec2</load_address>
         <run_address>0x2ec2</run_address>
         <size>0xf9</size>
         <input_file_ref idref="fl-6"/>
      </object_component>
      <object_component id="oc-34">
         <name>.debug_info</name>
         <load_address>0x2fbb</load_address>
         <run_address>0x2fbb</run_address>
         <size>0xea</size>
         <input_file_ref idref="fl-6"/>
      </object_component>
      <object_component id="oc-3e">
         <name>.debug_info</name>
         <load_address>0x30a5</load_address>
         <run_address>0x30a5</run_address>
         <size>0x102</size>
         <input_file_ref idref="fl-6"/>
      </object_component>
      <object_component id="oc-38">
         <name>.debug_info</name>
         <load_address>0x31a7</load_address>
         <run_address>0x31a7</run_address>
         <size>0xf0</size>
         <input_file_ref idref="fl-6"/>
      </object_component>
      <object_component id="oc-1ca">
         <name>.debug_info</name>
         <load_address>0x3297</load_address>
         <run_address>0x3297</run_address>
         <size>0x141</size>
         <input_file_ref idref="fl-9"/>
      </object_component>
      <object_component id="oc-136">
         <name>.debug_info</name>
         <load_address>0x33d8</load_address>
         <run_address>0x33d8</run_address>
         <size>0x228</size>
         <input_file_ref idref="fl-9"/>
      </object_component>
      <object_component id="oc-397">
         <name>.debug_info</name>
         <load_address>0x3600</load_address>
         <run_address>0x3600</run_address>
         <size>0x253</size>
         <input_file_ref idref="fl-9"/>
      </object_component>
      <object_component id="oc-3cc">
         <name>.debug_info</name>
         <load_address>0x3853</load_address>
         <run_address>0x3853</run_address>
         <size>0x1d5</size>
         <input_file_ref idref="fl-9"/>
      </object_component>
      <object_component id="oc-200">
         <name>.debug_info</name>
         <load_address>0x3a28</load_address>
         <run_address>0x3a28</run_address>
         <size>0x1cd</size>
         <input_file_ref idref="fl-9"/>
      </object_component>
      <object_component id="oc-131">
         <name>.debug_info</name>
         <load_address>0x3bf5</load_address>
         <run_address>0x3bf5</run_address>
         <size>0x200</size>
         <input_file_ref idref="fl-9"/>
      </object_component>
      <object_component id="oc-1be">
         <name>.debug_info</name>
         <load_address>0x3df5</load_address>
         <run_address>0x3df5</run_address>
         <size>0x110</size>
         <input_file_ref idref="fl-9"/>
      </object_component>
      <object_component id="oc-20a">
         <name>.debug_info</name>
         <load_address>0x3f05</load_address>
         <run_address>0x3f05</run_address>
         <size>0x5fe</size>
         <input_file_ref idref="fl-a"/>
      </object_component>
      <object_component id="oc-2c2">
         <name>.debug_info</name>
         <load_address>0x4503</load_address>
         <run_address>0x4503</run_address>
         <size>0x2a2</size>
         <input_file_ref idref="fl-a"/>
      </object_component>
      <object_component id="oc-3e5">
         <name>.debug_info</name>
         <load_address>0x47a5</load_address>
         <run_address>0x47a5</run_address>
         <size>0x222</size>
         <input_file_ref idref="fl-a"/>
      </object_component>
      <object_component id="oc-3f1">
         <name>.debug_info</name>
         <load_address>0x49c7</load_address>
         <run_address>0x49c7</run_address>
         <size>0x21f</size>
         <input_file_ref idref="fl-a"/>
      </object_component>
      <object_component id="oc-332">
         <name>.debug_info</name>
         <load_address>0x4be6</load_address>
         <run_address>0x4be6</run_address>
         <size>0x54b</size>
         <input_file_ref idref="fl-a"/>
      </object_component>
      <object_component id="oc-2c8">
         <name>.debug_info</name>
         <load_address>0x5131</load_address>
         <run_address>0x5131</run_address>
         <size>0x220</size>
         <input_file_ref idref="fl-a"/>
      </object_component>
      <object_component id="oc-2d4">
         <name>.debug_info</name>
         <load_address>0x5351</load_address>
         <run_address>0x5351</run_address>
         <size>0x288</size>
         <input_file_ref idref="fl-a"/>
      </object_component>
      <object_component id="oc-204">
         <name>.debug_info</name>
         <load_address>0x55d9</load_address>
         <run_address>0x55d9</run_address>
         <size>0x4bb</size>
         <input_file_ref idref="fl-a"/>
      </object_component>
      <object_component id="oc-30c">
         <name>.debug_info</name>
         <load_address>0x5a94</load_address>
         <run_address>0x5a94</run_address>
         <size>0x2a6</size>
         <input_file_ref idref="fl-a"/>
      </object_component>
      <object_component id="oc-243">
         <name>.debug_info</name>
         <load_address>0x5d3a</load_address>
         <run_address>0x5d3a</run_address>
         <size>0x304</size>
         <input_file_ref idref="fl-a"/>
      </object_component>
      <object_component id="oc-16d">
         <name>.debug_info</name>
         <load_address>0x603e</load_address>
         <run_address>0x603e</run_address>
         <size>0x263</size>
         <input_file_ref idref="fl-a"/>
      </object_component>
      <object_component id="oc-2e2">
         <name>.debug_info</name>
         <load_address>0x62a1</load_address>
         <run_address>0x62a1</run_address>
         <size>0x1cd</size>
         <input_file_ref idref="fl-a"/>
      </object_component>
      <object_component id="oc-116">
         <name>.debug_info</name>
         <load_address>0x646e</load_address>
         <run_address>0x646e</run_address>
         <size>0x5db</size>
         <input_file_ref idref="fl-b"/>
      </object_component>
      <object_component id="oc-a7">
         <name>.debug_info</name>
         <load_address>0x6a49</load_address>
         <run_address>0x6a49</run_address>
         <size>0x30b</size>
         <input_file_ref idref="fl-b"/>
      </object_component>
      <object_component id="oc-126">
         <name>.debug_info</name>
         <load_address>0x6d54</load_address>
         <run_address>0x6d54</run_address>
         <size>0x107</size>
         <input_file_ref idref="fl-b"/>
      </object_component>
      <object_component id="oc-3da">
         <name>.debug_info</name>
         <load_address>0x6e5b</load_address>
         <run_address>0x6e5b</run_address>
         <size>0x107</size>
         <input_file_ref idref="fl-b"/>
      </object_component>
      <object_component id="oc-3dd">
         <name>.debug_info</name>
         <load_address>0x6f62</load_address>
         <run_address>0x6f62</run_address>
         <size>0x107</size>
         <input_file_ref idref="fl-b"/>
      </object_component>
      <object_component id="oc-13c">
         <name>.debug_info</name>
         <load_address>0x7069</load_address>
         <run_address>0x7069</run_address>
         <size>0x149</size>
         <input_file_ref idref="fl-b"/>
      </object_component>
      <object_component id="oc-37a">
         <name>.debug_info</name>
         <load_address>0x71b2</load_address>
         <run_address>0x71b2</run_address>
         <size>0x107</size>
         <input_file_ref idref="fl-b"/>
      </object_component>
      <object_component id="oc-3e0">
         <name>.debug_info</name>
         <load_address>0x72b9</load_address>
         <run_address>0x72b9</run_address>
         <size>0x115</size>
         <input_file_ref idref="fl-b"/>
      </object_component>
      <object_component id="oc-3a3">
         <name>.debug_info</name>
         <load_address>0x73ce</load_address>
         <run_address>0x73ce</run_address>
         <size>0x109</size>
         <input_file_ref idref="fl-b"/>
      </object_component>
      <object_component id="oc-12a">
         <name>.debug_info</name>
         <load_address>0x74d7</load_address>
         <run_address>0x74d7</run_address>
         <size>0x1d3</size>
         <input_file_ref idref="fl-b"/>
      </object_component>
      <object_component id="oc-b4">
         <name>.debug_info</name>
         <load_address>0x76aa</load_address>
         <run_address>0x76aa</run_address>
         <size>0x2a3</size>
         <input_file_ref idref="fl-b"/>
      </object_component>
      <object_component id="oc-298">
         <name>.debug_info</name>
         <load_address>0x794d</load_address>
         <run_address>0x794d</run_address>
         <size>0x26b</size>
         <input_file_ref idref="fl-b"/>
      </object_component>
      <object_component id="oc-2da">
         <name>.debug_info</name>
         <load_address>0x7bb8</load_address>
         <run_address>0x7bb8</run_address>
         <size>0x274</size>
         <input_file_ref idref="fl-b"/>
      </object_component>
      <object_component id="oc-3a7">
         <name>.debug_info</name>
         <load_address>0x7e2c</load_address>
         <run_address>0x7e2c</run_address>
         <size>0x255</size>
         <input_file_ref idref="fl-b"/>
      </object_component>
      <object_component id="oc-39d">
         <name>.debug_info</name>
         <load_address>0x8081</load_address>
         <run_address>0x8081</run_address>
         <size>0x22e</size>
         <input_file_ref idref="fl-b"/>
      </object_component>
      <object_component id="oc-341">
         <name>.debug_info</name>
         <load_address>0x82af</load_address>
         <run_address>0x82af</run_address>
         <size>0x1c6</size>
         <input_file_ref idref="fl-b"/>
      </object_component>
      <object_component id="oc-313">
         <name>.debug_info</name>
         <load_address>0x8475</load_address>
         <run_address>0x8475</run_address>
         <size>0x2b9</size>
         <input_file_ref idref="fl-b"/>
      </object_component>
      <object_component id="oc-319">
         <name>.debug_info</name>
         <load_address>0x872e</load_address>
         <run_address>0x872e</run_address>
         <size>0x2b5</size>
         <input_file_ref idref="fl-b"/>
      </object_component>
      <object_component id="oc-325">
         <name>.debug_info</name>
         <load_address>0x89e3</load_address>
         <run_address>0x89e3</run_address>
         <size>0x23a</size>
         <input_file_ref idref="fl-b"/>
      </object_component>
      <object_component id="oc-249">
         <name>.debug_info</name>
         <load_address>0x8c1d</load_address>
         <run_address>0x8c1d</run_address>
         <size>0x471</size>
         <input_file_ref idref="fl-b"/>
      </object_component>
      <object_component id="oc-2aa">
         <name>.debug_info</name>
         <load_address>0x908e</load_address>
         <run_address>0x908e</run_address>
         <size>0x1e9</size>
         <input_file_ref idref="fl-b"/>
      </object_component>
      <object_component id="oc-2bc">
         <name>.debug_info</name>
         <load_address>0x9277</load_address>
         <run_address>0x9277</run_address>
         <size>0x2bd</size>
         <input_file_ref idref="fl-b"/>
      </object_component>
      <object_component id="oc-ad">
         <name>.debug_info</name>
         <load_address>0x9534</load_address>
         <run_address>0x9534</run_address>
         <size>0x234</size>
         <input_file_ref idref="fl-b"/>
      </object_component>
      <object_component id="oc-28c">
         <name>.debug_info</name>
         <load_address>0x9768</load_address>
         <run_address>0x9768</run_address>
         <size>0x1a9</size>
         <input_file_ref idref="fl-b"/>
      </object_component>
      <object_component id="oc-185">
         <name>.debug_info</name>
         <load_address>0x9911</load_address>
         <run_address>0x9911</run_address>
         <size>0x1e4</size>
         <input_file_ref idref="fl-b"/>
      </object_component>
      <object_component id="oc-3eb">
         <name>.debug_info</name>
         <load_address>0x9af5</load_address>
         <run_address>0x9af5</run_address>
         <size>0x23a</size>
         <input_file_ref idref="fl-b"/>
      </object_component>
      <object_component id="oc-2ce">
         <name>.debug_info</name>
         <load_address>0x9d2f</load_address>
         <run_address>0x9d2f</run_address>
         <size>0x29a</size>
         <input_file_ref idref="fl-b"/>
      </object_component>
      <object_component id="oc-38f">
         <name>.debug_info</name>
         <load_address>0x9fc9</load_address>
         <run_address>0x9fc9</run_address>
         <size>0x1ab</size>
         <input_file_ref idref="fl-b"/>
      </object_component>
      <object_component id="oc-34e">
         <name>.debug_info</name>
         <load_address>0xa174</load_address>
         <run_address>0xa174</run_address>
         <size>0x317</size>
         <input_file_ref idref="fl-b"/>
      </object_component>
      <object_component id="oc-3f8">
         <name>.debug_info</name>
         <load_address>0xa48b</load_address>
         <run_address>0xa48b</run_address>
         <size>0x1c9</size>
         <input_file_ref idref="fl-b"/>
      </object_component>
      <object_component id="oc-414">
         <name>.debug_info</name>
         <load_address>0xa654</load_address>
         <run_address>0xa654</run_address>
         <size>0x1e8</size>
         <input_file_ref idref="fl-b"/>
      </object_component>
      <object_component id="oc-361">
         <name>.debug_info</name>
         <load_address>0xa83c</load_address>
         <run_address>0xa83c</run_address>
         <size>0x27e</size>
         <input_file_ref idref="fl-b"/>
      </object_component>
      <object_component id="oc-26c">
         <name>.debug_info</name>
         <load_address>0xaaba</load_address>
         <run_address>0xaaba</run_address>
         <size>0x1e1</size>
         <input_file_ref idref="fl-b"/>
      </object_component>
      <object_component id="oc-1a5">
         <name>.debug_info</name>
         <load_address>0xac9b</load_address>
         <run_address>0xac9b</run_address>
         <size>0x169</size>
         <input_file_ref idref="fl-b"/>
      </object_component>
      <object_component id="oc-1b4">
         <name>.debug_info</name>
         <load_address>0xae04</load_address>
         <run_address>0xae04</run_address>
         <size>0x46</size>
         <input_file_ref idref="fl-b"/>
      </object_component>
      <object_component id="oc-11e">
         <name>.debug_info</name>
         <load_address>0xae4a</load_address>
         <run_address>0xae4a</run_address>
         <size>0x221</size>
         <input_file_ref idref="fl-c"/>
      </object_component>
      <object_component id="oc-aa">
         <name>.debug_info</name>
         <load_address>0xb06b</load_address>
         <run_address>0xb06b</run_address>
         <size>0x135</size>
         <input_file_ref idref="fl-c"/>
      </object_component>
      <object_component id="oc-35c">
         <name>.debug_info</name>
         <load_address>0xb1a0</load_address>
         <run_address>0xb1a0</run_address>
         <size>0x11c</size>
         <input_file_ref idref="fl-c"/>
      </object_component>
      <object_component id="oc-49">
         <name>.debug_info</name>
         <load_address>0xb2bc</load_address>
         <run_address>0xb2bc</run_address>
         <size>0x209</size>
         <input_file_ref idref="fl-c"/>
      </object_component>
      <object_component id="oc-356">
         <name>.debug_info</name>
         <load_address>0xb4c5</load_address>
         <run_address>0xb4c5</run_address>
         <size>0x1fa</size>
         <input_file_ref idref="fl-c"/>
      </object_component>
      <object_component id="oc-265">
         <name>.debug_info</name>
         <load_address>0xb6bf</load_address>
         <run_address>0xb6bf</run_address>
         <size>0x242</size>
         <input_file_ref idref="fl-c"/>
      </object_component>
      <object_component id="oc-2b0">
         <name>.debug_info</name>
         <load_address>0xb901</load_address>
         <run_address>0xb901</run_address>
         <size>0x1ec</size>
         <input_file_ref idref="fl-c"/>
      </object_component>
      <object_component id="oc-2b6">
         <name>.debug_info</name>
         <load_address>0xbaed</load_address>
         <run_address>0xbaed</run_address>
         <size>0x1ee</size>
         <input_file_ref idref="fl-c"/>
      </object_component>
      <object_component id="oc-320">
         <name>.debug_info</name>
         <load_address>0xbcdb</load_address>
         <run_address>0xbcdb</run_address>
         <size>0x2a3</size>
         <input_file_ref idref="fl-c"/>
      </object_component>
      <object_component id="oc-3d3">
         <name>.debug_info</name>
         <load_address>0xbf7e</load_address>
         <run_address>0xbf7e</run_address>
         <size>0x1dc</size>
         <input_file_ref idref="fl-c"/>
      </object_component>
      <object_component id="oc-45">
         <name>.debug_info</name>
         <load_address>0xc15a</load_address>
         <run_address>0xc15a</run_address>
         <size>0x26d</size>
         <input_file_ref idref="fl-d"/>
      </object_component>
      <object_component id="oc-2a7">
         <name>.debug_info</name>
         <load_address>0xc3c7</load_address>
         <run_address>0xc3c7</run_address>
         <size>0x1ef</size>
         <input_file_ref idref="fl-e"/>
      </object_component>
      <object_component id="oc-376">
         <name>.debug_info</name>
         <load_address>0xc5b6</load_address>
         <run_address>0xc5b6</run_address>
         <size>0x103</size>
         <input_file_ref idref="fl-e"/>
      </object_component>
      <object_component id="oc-2a1">
         <name>.debug_info</name>
         <load_address>0xc6b9</load_address>
         <run_address>0xc6b9</run_address>
         <size>0x103</size>
         <input_file_ref idref="fl-e"/>
      </object_component>
      <object_component id="oc-2a4">
         <name>.debug_info</name>
         <load_address>0xc7bc</load_address>
         <run_address>0xc7bc</run_address>
         <size>0xff</size>
         <input_file_ref idref="fl-e"/>
      </object_component>
      <object_component id="oc-29e">
         <name>.debug_info</name>
         <load_address>0xc8bb</load_address>
         <run_address>0xc8bb</run_address>
         <size>0x11d</size>
         <input_file_ref idref="fl-e"/>
      </object_component>
      <object_component id="oc-3c6">
         <name>.debug_info</name>
         <load_address>0xc9d8</load_address>
         <run_address>0xc9d8</run_address>
         <size>0x274</size>
         <input_file_ref idref="fl-e"/>
      </object_component>
      <object_component id="oc-292">
         <name>.debug_info</name>
         <load_address>0xcc4c</load_address>
         <run_address>0xcc4c</run_address>
         <size>0x1d6</size>
         <input_file_ref idref="fl-e"/>
      </object_component>
      <object_component id="oc-1f8">
         <name>.debug_info</name>
         <load_address>0xce22</load_address>
         <run_address>0xce22</run_address>
         <size>0x348</size>
         <input_file_ref idref="fl-e"/>
      </object_component>
      <object_component id="oc-381">
         <name>.debug_info</name>
         <load_address>0xd16a</load_address>
         <run_address>0xd16a</run_address>
         <size>0x62</size>
         <input_file_ref idref="fl-e"/>
      </object_component>
      <object_component id="oc-1f1">
         <name>.debug_info</name>
         <load_address>0xd1cc</load_address>
         <run_address>0xd1cc</run_address>
         <size>0x100</size>
         <input_file_ref idref="fl-f"/>
      </object_component>
      <object_component id="oc-367">
         <name>.debug_info</name>
         <load_address>0xd2cc</load_address>
         <run_address>0xd2cc</run_address>
         <size>0xe7</size>
         <input_file_ref idref="fl-f"/>
      </object_component>
      <object_component id="oc-27e">
         <name>.debug_info</name>
         <load_address>0xd3b3</load_address>
         <run_address>0xd3b3</run_address>
         <size>0x1de</size>
         <input_file_ref idref="fl-f"/>
      </object_component>
      <object_component id="oc-1ed">
         <name>.debug_info</name>
         <load_address>0xd591</load_address>
         <run_address>0xd591</run_address>
         <size>0x310</size>
         <input_file_ref idref="fl-f"/>
      </object_component>
      <object_component id="oc-167">
         <name>.debug_info</name>
         <load_address>0xd8a1</load_address>
         <run_address>0xd8a1</run_address>
         <size>0x1ab</size>
         <input_file_ref idref="fl-f"/>
      </object_component>
      <object_component id="oc-369">
         <name>.debug_info</name>
         <load_address>0xda4c</load_address>
         <run_address>0xda4c</run_address>
         <size>0x229</size>
         <input_file_ref idref="fl-f"/>
      </object_component>
      <object_component id="oc-26">
         <name>.debug_info</name>
         <load_address>0xdc75</load_address>
         <run_address>0xdc75</run_address>
         <size>0x160</size>
         <input_file_ref idref="fl-cb"/>
      </object_component>
      <object_component id="oc-e0">
         <name>.debug_info</name>
         <load_address>0xddd5</load_address>
         <run_address>0xddd5</run_address>
         <size>0xf9</size>
         <input_file_ref idref="fl-cc"/>
      </object_component>
      <object_component id="oc-15">
         <name>.debug_info</name>
         <load_address>0xdece</load_address>
         <run_address>0xdece</run_address>
         <size>0x245</size>
         <input_file_ref idref="fl-cc"/>
      </object_component>
      <object_component id="oc-5e">
         <name>.debug_info</name>
         <load_address>0xe113</load_address>
         <run_address>0xe113</run_address>
         <size>0x60</size>
         <input_file_ref idref="fl-cc"/>
      </object_component>
      <object_component id="oc-db">
         <name>.debug_info</name>
         <load_address>0xe173</load_address>
         <run_address>0xe173</run_address>
         <size>0x46</size>
         <input_file_ref idref="fl-cc"/>
      </object_component>
      <object_component id="oc-73">
         <name>.debug_info</name>
         <load_address>0xe1b9</load_address>
         <run_address>0xe1b9</run_address>
         <size>0x140</size>
         <input_file_ref idref="fl-cd"/>
      </object_component>
      <object_component id="oc-19">
         <name>.debug_info</name>
         <load_address>0xe2f9</load_address>
         <run_address>0xe2f9</run_address>
         <size>0x1df</size>
         <input_file_ref idref="fl-cd"/>
      </object_component>
      <object_component id="oc-6e">
         <name>.debug_info</name>
         <load_address>0xe4d8</load_address>
         <run_address>0xe4d8</run_address>
         <size>0x46</size>
         <input_file_ref idref="fl-cd"/>
      </object_component>
      <object_component id="oc-e2">
         <name>.debug_info</name>
         <load_address>0xe51e</load_address>
         <run_address>0xe51e</run_address>
         <size>0x2c</size>
         <input_file_ref idref="fl-cd"/>
      </object_component>
      <object_component id="oc-7f">
         <name>.debug_info</name>
         <load_address>0xe54a</load_address>
         <run_address>0xe54a</run_address>
         <size>0x12f</size>
         <input_file_ref idref="fl-ce"/>
      </object_component>
      <object_component id="oc-1f">
         <name>.debug_info</name>
         <load_address>0xe679</load_address>
         <run_address>0xe679</run_address>
         <size>0x1aa</size>
         <input_file_ref idref="fl-ce"/>
      </object_component>
      <object_component id="oc-7a">
         <name>.debug_info</name>
         <load_address>0xe823</load_address>
         <run_address>0xe823</run_address>
         <size>0x46</size>
         <input_file_ref idref="fl-ce"/>
      </object_component>
      <object_component id="oc-ea">
         <name>.debug_info</name>
         <load_address>0xe869</load_address>
         <run_address>0xe869</run_address>
         <size>0x2c</size>
         <input_file_ref idref="fl-ce"/>
      </object_component>
      <object_component id="oc-110">
         <name>.debug_info</name>
         <load_address>0xe895</load_address>
         <run_address>0xe895</run_address>
         <size>0x234</size>
         <input_file_ref idref="fl-cf"/>
      </object_component>
      <object_component id="oc-10a">
         <name>.debug_info</name>
         <load_address>0xeac9</load_address>
         <run_address>0xeac9</run_address>
         <size>0x185</size>
         <input_file_ref idref="fl-cf"/>
      </object_component>
      <object_component id="oc-9c">
         <name>.debug_info</name>
         <load_address>0xec4e</load_address>
         <run_address>0xec4e</run_address>
         <size>0x214</size>
         <input_file_ref idref="fl-cf"/>
      </object_component>
      <object_component id="oc-6a">
         <name>.debug_info</name>
         <load_address>0xee62</load_address>
         <run_address>0xee62</run_address>
         <size>0x111</size>
         <input_file_ref idref="fl-d1"/>
      </object_component>
      <object_component id="oc-77">
         <name>.debug_info</name>
         <load_address>0xef73</load_address>
         <run_address>0xef73</run_address>
         <size>0x13f</size>
         <input_file_ref idref="fl-d2"/>
      </object_component>
      <object_component id="oc-81">
         <name>.debug_info</name>
         <load_address>0xf0b2</load_address>
         <run_address>0xf0b2</run_address>
         <size>0x138</size>
         <input_file_ref idref="fl-d3"/>
      </object_component>
      <object_component id="oc-8a">
         <name>.debug_info</name>
         <load_address>0xf1ea</load_address>
         <run_address>0xf1ea</run_address>
         <size>0x148</size>
         <input_file_ref idref="fl-d4"/>
      </object_component>
      <object_component id="oc-9f">
         <name>.debug_info</name>
         <load_address>0xf332</load_address>
         <run_address>0xf332</run_address>
         <size>0x109</size>
         <input_file_ref idref="fl-d5"/>
      </object_component>
      <object_component id="oc-285">
         <name>.debug_info</name>
         <load_address>0xf43b</load_address>
         <run_address>0xf43b</run_address>
         <size>0x13a</size>
         <input_file_ref idref="fl-d6"/>
      </object_component>
      <object_component id="oc-19f">
         <name>.debug_info</name>
         <load_address>0xf575</load_address>
         <run_address>0xf575</run_address>
         <size>0x124</size>
         <input_file_ref idref="fl-d7"/>
      </object_component>
      <object_component id="oc-10d">
         <name>.debug_info</name>
         <load_address>0xf699</load_address>
         <run_address>0xf699</run_address>
         <size>0x113</size>
         <input_file_ref idref="fl-d7"/>
      </object_component>
      <object_component id="oc-19a">
         <name>.debug_info</name>
         <load_address>0xf7ac</load_address>
         <run_address>0xf7ac</run_address>
         <size>0x21f</size>
         <input_file_ref idref="fl-d7"/>
      </object_component>
      <object_component id="oc-108">
         <name>.debug_info</name>
         <load_address>0xf9cb</load_address>
         <run_address>0xf9cb</run_address>
         <size>0x166</size>
         <input_file_ref idref="fl-d8"/>
      </object_component>
      <object_component id="oc-95">
         <name>.debug_info</name>
         <load_address>0xfb31</load_address>
         <run_address>0xfb31</run_address>
         <size>0x167</size>
         <input_file_ref idref="fl-d8"/>
      </object_component>
      <object_component id="oc-190">
         <name>.debug_info</name>
         <load_address>0xfc98</load_address>
         <run_address>0xfc98</run_address>
         <size>0x5e</size>
         <input_file_ref idref="fl-d8"/>
      </object_component>
      <object_component id="oc-100">
         <name>.debug_info</name>
         <load_address>0xfcf6</load_address>
         <run_address>0xfcf6</run_address>
         <size>0x2e9</size>
         <input_file_ref idref="fl-d9"/>
      </object_component>
      <object_component id="oc-90">
         <name>.debug_info</name>
[...]
         <value>0x200078f8</value>
      </symbol>
      <symbol id="sm-2">
         <name>__TI_CINIT_Base</name>
         <value>0x2768</value>
      </symbol>
      <symbol id="sm-3">
         <name>__TI_CINIT_Limit</name>
         <value>0x2778</value>
      </symbol>
      <symbol id="sm-4">
         <name>__TI_Handler_Table_Base</name>
         <value>0x2754</value>
      </symbol>
      <symbol id="sm-5">
         <name>__TI_Handler_Table_Limit</name>
         <value>0x2760</value>
      </symbol>
      <symbol id="sm-6">
         <name>binit</name>
         <value>0xffffffff</value>
      </symbol>
      <symbol id="sm-7">
         <name>__binit__</name>
         <value>0xffffffff</value>
      </symbol>
      <symbol id="sm-8">
         <name>__STACK_SIZE</name>
         <value>0x200</value>
      </symbol>
      <symbol id="sm-9">
         <name>__STACK_END</name>
         <value>0x200078f8</value>
      </symbol>
      <symbol id="sm-a">
         <name>__c_args__</name>
         <value>0xffffffff</value>
      </symbol>
      <symbol id="sm-b">
         <name>__TI_pprof_out_hndl</name>
         <value>0xffffffff</value>
      </symbol>
      <symbol id="sm-c">
         <name>__TI_prof_data_start</name>
         <value>0xffffffff</value>
      </symbol>
      <symbol id="sm-d">
         <name>__TI_prof_data_size</name>
         <value>0xffffffff</value>
      </symbol>
      <symbol id="sm-96">
         <name>g_pCAN0Queue</name>
         <value>0x200076ec</value>
      </symbol>
      <symbol id="sm-97">
         <name>CAN0Task</name>
         <value>0x1099</value>
         <object_component_ref idref="oc-24f"/>
      </symbol>
      <symbol id="sm-98">
         <name>CAN0IntHandler</name>
         <value>0x20a5</value>
         <object_component_ref idref="oc-4e"/>
      </symbol>
      <symbol id="sm-99">
         <name>CAN0TaskInit</name>
         <value>0x1161</value>
         <object_component_ref idref="oc-172"/>
      </symbol>
      <symbol id="sm-9a">
         <name>g_bErrFlag</name>
         <value>0x2000794b</value>
         <object_component_ref idref="oc-cc"/>
      </symbol>
      <symbol id="sm-e0">
         <name>g_pCAN1Queue</name>
         <value>0x200076f0</value>
      </symbol>
      <symbol id="sm-e1">
         <name>CAN1TaskInit</name>
         <value>0x13f5</value>
         <object_component_ref idref="oc-178"/>
      </symbol>
      <symbol id="sm-e2">
         <name>g_bErr1Flag</name>
         <value>0x2000794a</value>
         <object_component_ref idref="oc-d5"/>
      </symbol>
      <symbol id="sm-e3">
         <name>CAN1IntHandler</name>
         <value>0x1ec9</value>
         <object_component_ref idref="oc-54"/>
      </symbol>
      <symbol id="sm-e4">
         <name>g_bRXFlag</name>
         <value>0x20007949</value>
         <object_component_ref idref="oc-d5"/>
      </symbol>
      <symbol id="sm-10a">
         <name>g_pUARTSemaphore</name>
         <value>0x200076f4</value>
      </symbol>
      <symbol id="sm-10b">
         <name>vApplicationStackOverflowHook</name>
         <value>0x24d7</value>
         <object_component_ref idref="oc-11f"/>
      </symbol>
      <symbol id="sm-10c">
         <name>main</name>
         <value>0x17a9</value>
         <object_component_ref idref="oc-101"/>
      </symbol>
      <symbol id="sm-130">
         <name>MapTaskInit</name>
         <value>0x21c9</value>
         <object_component_ref idref="oc-17e"/>
      </symbol>
      <symbol id="sm-161">
         <name>ResetISR</name>
         <value>0x2593</value>
         <object_component_ref idref="oc-2b"/>
      </symbol>
      <symbol id="sm-162">
         <name>g_pfnVectors</name>
         <value>0x0</value>
         <object_component_ref idref="oc-f"/>
      </symbol>
      <symbol id="sm-199">
         <name>uxListRemove</name>
         <value>0x23bd</value>
         <object_component_ref idref="oc-12f"/>
      </symbol>
      <symbol id="sm-19a">
         <name>vListInsert</name>
         <value>0x2191</value>
         <object_component_ref idref="oc-396"/>
      </symbol>
      <symbol id="sm-19b">
         <name>vListInitialiseItem</name>
         <value>0x259f</value>
         <object_component_ref idref="oc-3cb"/>
      </symbol>
      <symbol id="sm-19c">
         <name>vListInsertEnd</name>
         <value>0x2479</value>
         <object_component_ref idref="oc-135"/>
      </symbol>
      <symbol id="sm-19d">
         <name>vListInitialise</name>
         <value>0x24c1</value>
         <object_component_ref idref="oc-1fd"/>
      </symbol>
      <symbol id="sm-22d">
         <name>xQueueGenericCreate</name>
         <value>0x20e1</value>
         <object_component_ref idref="oc-242"/>
      </symbol>
      <symbol id="sm-22e">
         <name>xQueueCreateMutex</name>
         <value>0x1e7d</value>
         <object_component_ref idref="oc-16c"/>
      </symbol>
      <symbol id="sm-22f">
         <name>xQueueGenericSend</name>
         <value>0xdf9</value>
         <object_component_ref idref="oc-203"/>
      </symbol>
      <symbol id="sm-230">
         <name>xQueueGenericReset</name>
         <value>0x162d</value>
         <object_component_ref idref="oc-30b"/>
      </symbol>
      <symbol id="sm-231">
         <name>xQueueGenericReceive</name>
         <value>0x6c1</value>
         <object_component_ref idref="oc-331"/>
      </symbol>
      <symbol id="sm-3f5">
         <name>vTaskSuspendAll</name>
         <value>0x2535</value>
         <object_component_ref idref="oc-28b"/>
      </symbol>
      <symbol id="sm-3f6">
         <name>vTaskPriorityInherit</name>
         <value>0x1489</value>
         <object_component_ref idref="oc-3ea"/>
      </symbol>
      <symbol id="sm-3f7">
         <name>vTaskPlaceOnEventList</name>
         <value>0x1ab5</value>
         <object_component_ref idref="oc-2cd"/>
      </symbol>
      <symbol id="sm-3f8">
         <name>xTaskCheckForTimeOut</name>
         <value>0x1d91</value>
         <object_component_ref idref="oc-2bb"/>
      </symbol>
      <symbol id="sm-3f9">
         <name>xTaskPriorityDisinherit</name>
         <value>0x16b1</value>
         <object_component_ref idref="oc-3a6"/>
      </symbol>
      <symbol id="sm-3fa">
         <name>vTaskStartScheduler</name>
         <value>0x1bdd</value>
         <object_component_ref idref="oc-184"/>
      </symbol>
      <symbol id="sm-3fb">
         <name>pvTaskIncrementMutexHeldCount</name>
         <value>0x2449</value>
         <object_component_ref idref="oc-3f6"/>
      </symbol>
      <symbol id="sm-3fc">
         <name>vTaskDelayUntil</name>
         <value>0x15a9</value>
         <object_component_ref idref="oc-34c"/>
      </symbol>
      <symbol id="sm-3fd">
         <name>vTaskMissedYield</name>
         <value>0x2561</value>
         <object_component_ref idref="oc-38e"/>
      </symbol>
      <symbol id="sm-3fe">
         <name>xTaskResumeAll</name>
         <value>0xee1</value>
         <object_component_ref idref="oc-297"/>
      </symbol>
      <symbol id="sm-3ff">
         <name>xTaskGetTickCount</name>
         <value>0x256d</value>
         <object_component_ref idref="oc-340"/>
      </symbol>
      <symbol id="sm-400">
         <name>xTaskGenericCreate</name>
         <value>0xafd</value>
         <object_component_ref idref="oc-248"/>
      </symbol>
      <symbol id="sm-401">
         <name>pxCurrentTCB</name>
         <value>0x200078f8</value>
         <object_component_ref idref="oc-a6"/>
      </symbol>
      <symbol id="sm-402">
         <name>vTaskSetTimeOutState</name>
         <value>0x24a9</value>
         <object_component_ref idref="oc-2a9"/>
      </symbol>
      <symbol id="sm-403">
         <name>xTaskIncrementTick</name>
         <value>0xc01</value>
         <object_component_ref idref="oc-b3"/>
      </symbol>
      <symbol id="sm-404">
         <name>vTaskSwitchContext</name>
         <value>0x151d</value>
         <object_component_ref idref="oc-ac"/>
      </symbol>
      <symbol id="sm-405">
         <name>xTaskRemoveFromEventList</name>
         <value>0x1821</value>
         <object_component_ref idref="oc-2d9"/>
      </symbol>
      <symbol id="sm-45f">
         <name>ulMaxSyscallInterruptPriority</name>
         <value>0x2734</value>
         <object_component_ref idref="oc-a9"/>
      </symbol>
      <symbol id="sm-460">
         <name>vPortSetupTimerInterrupt</name>
         <value>0x24ed</value>
         <object_component_ref idref="oc-355"/>
      </symbol>
      <symbol id="sm-461">
         <name>xPortSysTickHandler</name>
         <value>0x2261</value>
         <object_component_ref idref="oc-48"/>
      </symbol>
      <symbol id="sm-462">
         <name>pxPortInitialiseStack</name>
         <value>0x2309</value>
         <object_component_ref idref="oc-31e"/>
      </symbol>
      <symbol id="sm-463">
         <name>vPortExitCritical</name>
         <value>0x2491</value>
         <object_component_ref idref="oc-2af"/>
      </symbol>
      <symbol id="sm-464">
         <name>xPortStartScheduler</name>
         <value>0x2065</value>
         <object_component_ref idref="oc-264"/>
      </symbol>
      <symbol id="sm-465">
         <name>vPortEnterCritical</name>
         <value>0x23f9</value>
         <object_component_ref idref="oc-2b5"/>
      </symbol>
      <symbol id="sm-474">
         <name>vPortStartFirstTask</name>
         <value>0x106d</value>
         <object_component_ref idref="oc-43"/>
      </symbol>
      <symbol id="sm-475">
         <name>ulPortGetIPSR</name>
         <value>0xfd5</value>
         <object_component_ref idref="oc-43"/>
      </symbol>
      <symbol id="sm-476">
         <name>vPortEnableVFP</name>
         <value>0x1089</value>
         <object_component_ref idref="oc-43"/>
      </symbol>
      <symbol id="sm-477">
         <name>xPortPendSVHandler</name>
         <value>0xfed</value>
         <object_component_ref idref="oc-43"/>
      </symbol>
      <symbol id="sm-478">
         <name>vPortSVCHandler</name>
         <value>0x104d</value>
         <object_component_ref idref="oc-43"/>
      </symbol>
      <symbol id="sm-4cd">
         <name>pvPortMalloc</name>
         <value>0x1211</value>
         <object_component_ref idref="oc-1f7"/>
      </symbol>
      <symbol id="sm-4ce">
         <name>vPortFree</name>
         <value>0x1fa1</value>
         <object_component_ref idref="oc-3c4"/>
      </symbol>
      <symbol id="sm-521">
         <name>UARTwrite</name>
         <value>0x1f59</value>
         <object_component_ref idref="oc-27d"/>
      </symbol>
      <symbol id="sm-522">
         <name>UARTprintf</name>
         <value>0x2415</value>
         <object_component_ref idref="oc-166"/>
      </symbol>
      <symbol id="sm-523">
         <name>UARTvprintf</name>
         <value>0x26d</value>
         <object_component_ref idref="oc-1ea"/>
      </symbol>
      <symbol id="sm-535">
         <name>_c_int00</name>
         <value>0x1ce9</value>
         <object_component_ref idref="oc-24"/>
      </symbol>
      <symbol id="sm-536">
         <name>__stack</name>
         <value>0x200076f8</value>
         <object_component_ref idref="oc-2a"/>
      </symbol>
      <symbol id="sm-554">
         <name>__TI_decompress_lzss</name>
         <value>0x1a4d</value>
         <object_component_ref idref="oc-12"/>
      </symbol>
      <symbol id="sm-56b">
         <name>__TI_decompress_none</name>
         <value>0x2545</value>
         <object_component_ref idref="oc-18"/>
      </symbol>
      <symbol id="sm-582">
         <name>__TI_zero_init</name>
         <value>0x2553</value>
         <object_component_ref idref="oc-1e"/>
      </symbol>
      <symbol id="sm-5a3">
         <name>C$$EXIT</name>
         <value>0x1d3d</value>
         <object_component_ref idref="oc-98"/>
      </symbol>
      <symbol id="sm-5a4">
         <name>abort</name>
         <value>0x1d41</value>
         <object_component_ref idref="oc-98"/>
      </symbol>
      <symbol id="sm-5a5">
         <name>exit</name>
         <value>0x1d49</value>
         <object_component_ref idref="oc-98"/>
      </symbol>
      <symbol id="sm-5a6">
         <name>__TI_dtors_ptr</name>
         <value>0x2000792c</value>
         <object_component_ref idref="oc-109"/>
      </symbol>
      <symbol id="sm-5a7">
         <name>__TI_cleanup_ptr</name>
         <value>0x20007928</value>
         <object_component_ref idref="oc-109"/>
      </symbol>
      <symbol id="sm-5a8">
         <name>__TI_enable_exit_profile_output</name>
         <value>0x20007930</value>
         <object_component_ref idref="oc-109"/>
      </symbol>
      <symbol id="sm-5c4">
         <name>memcpy</name>
         <value>0x1359</value>
         <object_component_ref idref="oc-68"/>
      </symbol>
      <symbol id="sm-5c5">
         <name>__aeabi_memcpy</name>
         <value>0x1359</value>
         <object_component_ref idref="oc-68"/>
      </symbol>
      <symbol id="sm-5c6">
         <name>__aeabi_memcpy8</name>
         <value>0x1359</value>
         <object_component_ref idref="oc-68"/>
      </symbol>
      <symbol id="sm-5c7">
         <name>__aeabi_memcpy4</name>
         <value>0x1359</value>
         <object_component_ref idref="oc-68"/>
      </symbol>
      <symbol id="sm-5d6">
         <name>__aeabi_memset</name>
         <value>0x172f</value>
         <object_component_ref idref="oc-74"/>
      </symbol>
      <symbol id="sm-5d7">
         <name>memset</name>
         <value>0x1735</value>
         <object_component_ref idref="oc-74"/>
      </symbol>
      <symbol id="sm-5d8">
         <name>__aeabi_memset8</name>
         <value>0x172f</value>
         <object_component_ref idref="oc-74"/>
      </symbol>
      <symbol id="sm-5d9">
         <name>__aeabi_memset4</name>
         <value>0x172f</value>
         <object_component_ref idref="oc-74"/>
      </symbol>
      <symbol id="sm-5da">
         <name>__aeabi_memclr8</name>
         <value>0x172d</value>
         <object_component_ref idref="oc-74"/>
      </symbol>
      <symbol id="sm-5db">
         <name>__aeabi_memclr4</name>
         <value>0x172d</value>
         <object_component_ref idref="oc-74"/>
      </symbol>
      <symbol id="sm-5dc">
         <name>__aeabi_memclr</name>
         <value>0x172d</value>
         <object_component_ref idref="oc-74"/>
      </symbol>
      <symbol id="sm-5e6">
         <name>__mpu_init</name>
         <value>0x1907</value>
         <object_component_ref idref="oc-80"/>
      </symbol>
      <symbol id="sm-5f0">
         <name>_system_pre_init</name>
         <value>0x25a5</value>
         <object_component_ref idref="oc-86"/>
      </symbol>
      <symbol id="sm-5f8">
         <name>main_func_sp</name>
         <value>0x20007950</value>
         <object_component_ref idref="oc-9e"/>
      </symbol>
      <symbol id="sm-607">
         <name>__aeabi_uidivmod</name>
         <value>0x2025</value>
         <object_component_ref idref="oc-283"/>
      </symbol>
      <symbol id="sm-608">
         <name>__aeabi_uidiv</name>
         <value>0x2025</value>
         <object_component_ref idref="oc-283"/>
      </symbol>
      <symbol id="sm-621">
         <name>_nop</name>
         <value>0x24e7</value>
         <object_component_ref idref="oc-197"/>
      </symbol>
      <symbol id="sm-622">
         <name>_lock</name>
         <value>0x20007934</value>
         <object_component_ref idref="oc-10c"/>
      </symbol>
      <symbol id="sm-623">
         <name>_unlock</name>
         <value>0x20007938</value>
         <object_component_ref idref="oc-10c"/>
      </symbol>
      <symbol id="sm-624">
         <name>_register_lock</name>
         <value>0x24df</value>
         <object_component_ref idref="oc-197"/>
      </symbol>
      <symbol id="sm-625">
         <name>_register_unlock</name>
         <value>0x24d9</value>
         <object_component_ref idref="oc-197"/>
      </symbol>
      <symbol id="sm-639">
         <name>_args_main</name>
         <value>0x2461</value>
         <object_component_ref idref="oc-92"/>
      </symbol>
      <symbol id="sm-663">
         <name>__TI_auto_init</name>
         <value>0x1909</value>
         <object_component_ref idref="oc-8c"/>
      </symbol>
      <symbol id="sm-67d">
         <name>copy_in</name>
         <value>0x1e31</value>
         <object_component_ref idref="oc-f3"/>
      </symbol>
      <symbol id="sm-687">
         <name>__aeabi_idiv0</name>
         <value>0x17a7</value>
         <object_component_ref idref="oc-36d"/>
      </symbol>
      <symbol id="sm-691">
         <name>_system_post_cinit</name>
         <value>0x1b7b</value>
         <object_component_ref idref="oc-f9"/>
      </symbol>
      <symbol id="sm-733">
         <name>CANMessageGet</name>
         <value>0x8e9</value>
         <object_component_ref idref="oc-346"/>
      </symbol>
      <symbol id="sm-734">
         <name>CANBitRateSet</name>
         <value>0x1979</value>
         <object_component_ref idref="oc-22a"/>
      </symbol>
      <symbol id="sm-735">
         <name>CANEnable</name>
         <value>0x2579</value>
         <object_component_ref idref="oc-23c"/>
      </symbol>
      <symbol id="sm-736">
         <name>CANStatusGet</name>
         <value>0x1fe5</value>
         <object_component_ref idref="oc-c6"/>
      </symbol>
      <symbol id="sm-737">
         <name>CANMessageSet</name>
         <value>0x457</value>
         <object_component_ref idref="oc-337"/>
      </symbol>
      <symbol id="sm-738">
         <name>CANIntClear</name>
         <value>0x237b</value>
         <object_component_ref idref="oc-c0"/>
      </symbol>
      <symbol id="sm-739">
         <name>CANIntStatus</name>
         <value>0x239d</value>
         <object_component_ref idref="oc-ba"/>
      </symbol>
      <symbol id="sm-73a">
         <name>CANInit</name>
         <value>0x211d</value>
         <object_component_ref idref="oc-21e"/>
      </symbol>
      <symbol id="sm-73b">
         <name>CANIntEnable</name>
         <value>0x2583</value>
         <object_component_ref idref="oc-230"/>
      </symbol>
      <symbol id="sm-76d">
         <name>GPIOPinConfigure</name>
         <value>0x1f11</value>
         <object_component_ref idref="oc-212"/>
      </symbol>
      <symbol id="sm-76e">
         <name>GPIODirModeSet</name>
         <value>0x228d</value>
         <object_component_ref idref="oc-2ee"/>
      </symbol>
      <symbol id="sm-76f">
         <name>GPIOPadConfigSet</name>
         <value>0x58d</value>
         <object_component_ref idref="oc-2f4"/>
      </symbol>
      <symbol id="sm-770">
         <name>GPIOPinTypeCAN</name>
         <value>0x2501</value>
         <object_component_ref idref="oc-218"/>
      </symbol>
      <symbol id="sm-797">
         <name>IntEnable</name>
         <value>0x19e5</value>
         <object_component_ref idref="oc-236"/>
      </symbol>
      <symbol id="sm-7e9">
         <name>SysCtlClockSet</name>
         <value>0xd05</value>
         <object_component_ref idref="oc-32b"/>
      </symbol>
      <symbol id="sm-7ea">
         <name>SysCtlDelay</name>
         <value>0x2599</value>
         <object_component_ref idref="oc-33d"/>
      </symbol>
      <symbol id="sm-7eb">
         <name>SysCtlPeripheralEnable</name>
         <value>0x21fd</value>
         <object_component_ref idref="oc-20c"/>
      </symbol>
      <symbol id="sm-7ec">
         <name>SysCtlClockGet</name>
         <value>0x7d9</value>
         <object_component_ref idref="oc-224"/>
      </symbol>
      <symbol id="sm-7ee">
         <name>__TI_static_base__</name>
         <value>0x0</value>
      </symbol>
      <symbol id="sm-7f1">
         <name>SHT$$INIT_ARRAY$$Limit</name>
         <value>0x0</value>
      </symbol>
      <symbol id="sm-7f2">
         <name>SHT$$INIT_ARRAY$$Base</name>
         <value>0x0</value>
      </symbol>
   </symbol_table>
   <title>Link successful</title>
</link_info>
