******************************************************************************
                  TI ARM Linker PC v16.9.0                     
******************************************************************************
>> Linked Tue Jul 04 16:07:55 2017

OUTPUT FILE NAME:   <Lamp_freertos_final.out>
ENTRY POINT SYMBOL: "_c_int00"  address: 00001de5


MEMORY CONFIGURATION

         name            origin    length      used     unused   attr    fill
----------------------  --------  ---------  --------  --------  ----  --------
  FLASH                 00000000   00040000  00002874  0003d78c  R  X
  SRAM                  20000000   00008000  0000796c  00000694  RW X


SEGMENT ALLOCATION MAP

run origin  load origin   length   init length attrs members
----------  ----------- ---------- ----------- ----- -------
00000000    00000000    00002878   00002878    r-x
  00000000    00000000    0000026c   0000026c    r-- .intvecs
  0000026c    0000026c    00002418   00002418    r-x .text
  00002684    00002684    000001a8   000001a8    r-- .const
  00002830    00002830    00000048   00000048    r-- .cinit
20000000    20000000    0000796c   00000000    rw-
  20000000    20000000    00007700   00000000    rw- .bss
  20007700    20007700    00000200   00000000    rw- .stack
  20007900    20007900    0000006c   00000000    rw- .data


SECTION ALLOCATION MAP

 output                                  attributes/
section   page    origin      length       input sections
--------  ----  ----------  ----------   ----------------
.intvecs   0    00000000    0000026c     
                  00000000    0000026c     startup_ccs.obj (.intvecs)

.text      0    0000026c    00002418     
                  0000026c    000001ea     uartstdio.obj (.text:UARTvprintf)
                  00000456    00000136     driverlib.lib : can.obj (.text:CANMessageSet)
                  0000058c    00000132                   : gpio.obj (.text:GPIOPadConfigSet)
                  000006be    00000002     startup_ccs.obj (.text:FaultISR)
                  000006c0    00000118     queue.obj (.text:xQueueGenericReceive)
                  000007d8    00000110     driverlib.lib : sysctl.obj (.text:SysCtlClockGet)
                  000008e8    0000010e                   : can.obj (.text:CANMessageGet)
                  000009f6    00000002     startup_ccs.obj (.text:IntDefaultHandler)
                  000009f8    00000104     rgb.obj (.text:RGBInit)
                  00000afc    00000104     tasks.obj (.text:xTaskGenericCreate)
                  00000c00    00000104     tasks.obj (.text:xTaskIncrementTick)
                  00000d04    000000e8     queue.obj (.text:xQueueGenericSend)
                  00000dec    000000e4     tasks.obj (.text:xTaskResumeAll)
                  00000ed0    000000d2     portasm.obj (.text)
                  00000fa2    00000002     startup_ccs.obj (.text:NmiSR)
                  00000fa4    000000c4     can_task.obj (.text:CANTask)
                  00001068    000000c0     rgb.obj (.text:RGBEnable)
                  00001128    000000ac     heap_2.obj (.text:pvPortMalloc)
                  000011d4    0000009c     rtsv7M4_T_le_v4SPD16_eabi.lib : memcpy_t2.obj (.text)
                  00001270    00000094     can_task.obj (.text:CANTaskInit)
                  00001304    00000094     tasks.obj (.text:vTaskPriorityInherit)
                  00001398    00000090     rgb.obj (.text:RGBColorSet)
                  00001428    0000008c     tasks.obj (.text:vTaskSwitchContext)
                  000014b4    00000084     tasks.obj (.text:vTaskDelayUntil)
                  00001538    00000084     queue.obj (.text:xQueueGenericReset)
                  000015bc    0000007c     tasks.obj (.text:xTaskPriorityDisinherit)
                  00001638    0000007a     rtsv7M4_T_le_v4SPD16_eabi.lib : memset_t2.obj (.text)
                  000016b2    00000002                                   : i_div0.obj (.text)
                  000016b4    00000074     freertos_demo.obj (.text:main)
                  00001728    00000074     tasks.obj (.text:xTaskRemoveFromEventList)
                  0000179c    00000072     queue.obj (.text:prvCopyDataToQueue)
                  0000180e    00000002     rtsv7M4_T_le_v4SPD16_eabi.lib : mpu_init.obj (.text)
                  00001810    00000070                                   : autoinit.obj (.text)
                  00001880    0000006c     driverlib.lib : can.obj (.text:CANBitRateSet)
                  000018ec    0000006c     led_task.obj (.text:LEDTaskInit)
                  00001958    00000068     driverlib.lib : interrupt.obj (.text:IntEnable)
                  000019c0    00000068     rgb.obj (.text:RGBDisable)
                  00001a28    00000068     rtsv7M4_T_le_v4SPD16_eabi.lib : copy_decompress_lzss.obj (.text:decompress:lzss)
                  00001a90    00000064     freertos_demo.obj (.text:ConfigureUART)
                  00001af4    00000064     tasks.obj (.text:vTaskPlaceOnEventList)
                  00001b58    00000062     queue.obj (.text:prvUnlockQueue)
                  00001bba    00000002     rtsv7M4_T_le_v4SPD16_eabi.lib : startup.obj (.text)
                  00001bbc    00000060     uartstdio.obj (.text:UARTStdioConfig)
                  00001c1c    00000060     tasks.obj (.text:prvInitialiseTaskLists)
                  00001c7c    00000060     tasks.obj (.text:vTaskStartScheduler)
                  00001cdc    0000005c     tasks.obj (.text:vTaskDelay)
                  00001d38    00000058     tasks.obj (.text:prvCheckTasksWaitingTermination)
                  00001d90    00000054     tasks.obj (.text:prvInitialiseTCBVariables)
                  00001de4    00000054     rtsv7M4_T_le_v4SPD16_eabi.lib : boot.obj (.text)
                  00001e38    00000054                                   : exit.obj (.text)
                  00001e8c    00000054     tasks.obj (.text:xTaskCheckForTimeOut)
                  00001ee0    0000004c     tasks.obj (.text:prvAddCurrentTaskToDelayedList)
                  00001f2c    0000004c     rtsv7M4_T_le_v4SPD16_eabi.lib : cpy_tbl.obj (.text)
                  00001f78    0000004c     queue.obj (.text:xQueueCreateMutex)
                  00001fc4    00000048     driverlib.lib : gpio.obj (.text:GPIOPinConfigure)
                  0000200c    00000048     uartstdio.obj (.text:UARTwrite)
                  00002054    00000044     can_task.obj (.text:CANIntHandler)
                  00002098    00000044     heap_2.obj (.text:vPortFree)
                  000020dc    00000040     driverlib.lib : can.obj (.text:CANStatusGet)
                  0000211c    00000040     led_task.obj (.text:LEDTask)
                  0000215c    00000040     rtsv7M4_T_le_v4SPD16_eabi.lib : u_divt2.obj (.text)
                  0000219c    00000040     port.obj (.text:xPortStartScheduler)
                  000021dc    0000003c     queue.obj (.text:xQueueGenericCreate)
                  00002218    0000003a     driverlib.lib : can.obj (.text:CANInit)
                  00002252    0000003a     tasks.obj (.text:prvAllocateTCBAndStack)
                  0000228c    00000038     list.obj (.text:vListInsert)
                  000022c4    00000034     driverlib.lib : sysctl.obj (.text:SysCtlPeripheralEnable)
                  000022f8    00000030     heap_2.obj (.text:prvHeapInit)
                  00002328    0000002c     port.obj (.text:xPortSysTickHandler)
                  00002354    0000002a     driverlib.lib : gpio.obj (.text:GPIODirModeSet)
                  0000237e    0000002a                   : can.obj (.text:_CANDataRegRead)
                  000023a8    00000028     tasks.obj (.text:prvResetNextTaskUnblockTime)
                  000023d0    00000028     port.obj (.text:pxPortInitialiseStack)
                  000023f8    00000026     queue.obj (.text:prvCopyDataFromQueue)
                  0000241e    00000024     driverlib.lib : can.obj (.text:_CANDataRegWrite)
                  00002442    00000022                   : can.obj (.text:CANIntClear)
                  00002464    00000020                   : can.obj (.text:CANIntStatus)
                  00002484    00000020     list.obj (.text:uxListRemove)
                  000024a4    0000001c     queue.obj (.text:prvIsQueueFull)
                  000024c0    0000001c     port.obj (.text:vPortEnterCritical)
                  000024dc    0000001a     uartstdio.obj (.text:UARTprintf)
                  000024f6    0000001a     queue.obj (.text:prvIsQueueEmpty)
                  00002510    00000018     tasks.obj (.text:pvTaskIncrementMutexHeldCount)
                  00002528    00000018     rtsv7M4_T_le_v4SPD16_eabi.lib : args_main.obj (.text)
                  00002540    00000018     list.obj (.text:vListInsertEnd)
                  00002558    00000018     port.obj (.text:vPortExitCritical)
                  00002570    00000018     tasks.obj (.text:vTaskSetTimeOutState)
                  00002588    00000016     list.obj (.text:vListInitialise)
                  0000259e    00000002     freertos_demo.obj (.text:vApplicationStackOverflowHook)
                  000025a0    00000014     rgb.obj (.text:RGBIntensitySet)
                  000025b4    00000014     rtsv7M4_T_le_v4SPD16_eabi.lib : _lock.obj (.text)
                  000025c8    00000014     port.obj (.text:vPortSetupTimerInterrupt)
                  000025dc    00000012     driverlib.lib : gpio.obj (.text:GPIOPinTypeCAN)
                  000025ee    00000012     tasks.obj (.text:prvDeleteTCB)
                  00002600    00000010     port.obj (.text:prvTaskExitError)
                  00002610    00000010     tasks.obj (.text:vTaskSuspendAll)
                  00002620    0000000e     rtsv7M4_T_le_v4SPD16_eabi.lib : copy_decompress_none.obj (.text:decompress:none)
                  0000262e    0000000c                                   : copy_zero_init.obj (.text:decompress:ZI)
                  0000263a    00000002     --HOLE-- [fill = 0]
                  0000263c    0000000c     tasks.obj (.text:vTaskMissedYield)
                  00002648    0000000c     tasks.obj (.text:xTaskGetTickCount)
                  00002654    0000000a     driverlib.lib : can.obj (.text:CANEnable)
                  0000265e    00000008                   : can.obj (.text:CANIntEnable)
                  00002666    00000008     tasks.obj (.text:prvIdleTask)
                  0000266e    00000006     startup_ccs.obj (.text:ResetISR)
                  00002674    00000006     driverlib.lib : uart.obj (.text:UARTClockSourceSet)
                  0000267a    00000006     list.obj (.text:vListInitialiseItem)
                  00002680    00000004     rtsv7M4_T_le_v4SPD16_eabi.lib : pre_init.obj (.text)

.const     0    00002684    000001a8     
                  00002684    00000090     driverlib.lib : gpio.obj (.const:g_pui32GPIOBaseAddrs)
                  00002714    00000070                   : interrupt.obj (.const)
                  00002784    0000006c                   : sysctl.obj (.const:g_pui32Xtals)
                  000027f0    00000020                   : can.obj (.const)
                  00002810    0000000c     uartstdio.obj (.const:g_ui32UARTBase)
                  0000281c    0000000c     uartstdio.obj (.const:g_ui32UARTPeriph)
                  00002828    00000004     port.obj (.const)

.cinit     0    00002830    00000048     
                  00002830    0000001e     (.cinit..data.load) [load image, compression = lzss]
                  0000284e    00000002     --HOLE-- [fill = 0]
                  00002850    0000000c     (__TI_handler_table)
                  0000285c    00000004     --HOLE-- [fill = 0]
                  00002860    00000008     (.cinit..bss.load) [load image, compression = zero_init]
                  00002868    00000010     (__TI_cinit_table)

.init_array 
*          0    00000000    00000000     UNINITIALIZED

.bss       0    20000000    00007700     UNINITIALIZED
                  20000000    00007530     heap_2.obj (.bss:ucHeap)
                  20007530    00000140     tasks.obj (.bss:pxReadyTasksLists)
                  20007670    00000014     tasks.obj (.bss:xDelayedTaskList1)
                  20007684    00000014     tasks.obj (.bss:xDelayedTaskList2)
                  20007698    00000014     tasks.obj (.bss:xPendingReadyList)
                  200076ac    00000014     tasks.obj (.bss:xSuspendedTaskList)
                  200076c0    00000014     tasks.obj (.bss:xTasksWaitingTermination)
                  200076d4    0000000c     rgb.obj (.bss:g_ui32Colors)
                  200076e0    00000008     tasks.obj (.bss)
                  200076e8    00000008     heap_2.obj (.bss:xEnd)
                  200076f0    00000008     heap_2.obj (.bss:xStart)
                  200076f8    00000004     (.common:g_pLEDQueue)
                  200076fc    00000004     (.common:g_pUARTSemaphore)

.stack     0    20007700    00000200     UNINITIALIZED
                  20007700    00000200     --HOLE--

.data      0    20007900    0000006c     UNINITIALIZED
                  20007900    00000030     tasks.obj (.data)
                  20007930    0000000c     rtsv7M4_T_le_v4SPD16_eabi.lib : exit.obj (.data:$O1$$)
                  2000793c    0000000c     led_task.obj (.data:g_pui32Colors)
                  20007948    00000008     rtsv7M4_T_le_v4SPD16_eabi.lib : _lock.obj (.data:$O1$$)
                  20007950    00000008     heap_2.obj (.data)
                  20007958    00000005     uartstdio.obj (.data)
                  2000795d    00000002     can_task.obj (.data)
                  2000795f    00000001     --HOLE--
                  20007960    00000004     port.obj (.data)
                  20007964    00000004     rgb.obj (.data)
                  20007968    00000004     rtsv7M4_T_le_v4SPD16_eabi.lib : stkdepth_vars.obj (.data)

MODULE SUMMARY

       Module                     code   ro data   rw data
       ------                     ----   -------   -------
    .\
       startup_ccs.obj            12     620       0      
       can_task.obj               412    0         2      
       freertos_demo.obj          218    0         4      
       led_task.obj               172    0         16     
    +--+--------------------------+------+---------+---------+
       Total:                     814    620       22     
                                                          
    .\drivers\
       rgb.obj                    720    0         16     
    +--+--------------------------+------+---------+---------+
       Total:                     720    0         16     
                                                          
    .\third_party\FreeRTOS\Source\
       tasks.obj                  2336   0         476    
       queue.obj                  1084   0         0      
       list.obj                   140    0         0      
    +--+--------------------------+------+---------+---------+
       Total:                     3560   0         476    
                                                          
    .\third_party\FreeRTOS\Source\portable\CCS\ARM_CM4F\
       port.obj                   236    4         4      
       portasm.obj                210    0         0      
    +--+--------------------------+------+---------+---------+
       Total:                     446    4         4      
                                                          
    .\third_party\FreeRTOS\Source\portable\MemMang\
       heap_2.obj                 288    0         30024  
    +--+--------------------------+------+---------+---------+
       Total:                     288    0         30024  
                                                          
    .\utils\
       uartstdio.obj              684    24        5      
    +--+--------------------------+------+---------+---------+
       Total:                     684    24        5      
                                                          
    C:/ti/TivaWare_C_Series-2.1.2.111/driverlib/ccs/Debug/driverlib.lib
       can.obj                    972    32        0      
       gpio.obj                   438    144       0      
       sysctl.obj                 324    108       0      
       interrupt.obj              104    112       0      
       uart.obj                   6      0         0      
    +--+--------------------------+------+---------+---------+
       Total:                     1844   396       0      
                                                          
    C:\ti\ccsv7\tools\compiler\ti-cgt-arm_16.9.0.LTS\lib\rtsv7M4_T_le_v4SPD16_eabi.lib
       memcpy_t2.obj              156    0         0      
       memset_t2.obj              122    0         0      
       autoinit.obj               112    0         0      
       copy_decompress_lzss.obj   104    0         0      
       exit.obj                   84     0         12     
       boot.obj                   84     0         0      
       cpy_tbl.obj                76     0         0      
       u_divt2.obj                64     0         0      
       _lock.obj                  20     0         8      
       args_main.obj              24     0         0      
       copy_decompress_none.obj   14     0         0      
       copy_zero_init.obj         12     0         0      
       pre_init.obj               4      0         0      
       stkdepth_vars.obj          0      0         4      
       i_div0.obj                 2      0         0      
       mpu_init.obj               2      0         0      
       startup.obj                2      0         0      
    +--+--------------------------+------+---------+---------+
       Total:                     882    0         24     
                                                          
       Stack:                     0      0         512    
       Linker Generated:          0      66        0      
    +--+--------------------------+------+---------+---------+
       Grand Total:               9238   1110      31083  


LINKER GENERATED COPY TABLES

__TI_cinit_table @ 00002868 records: 2, size/record: 8, table size: 16
	.data: load addr=00002830, load size=0000001e bytes, run addr=20007900, run size=0000006c bytes, compression=lzss
	.bss: load addr=00002860, load size=00000008 bytes, run addr=20000000, run size=00007700 bytes, compression=zero_init


LINKER GENERATED HANDLER TABLE

__TI_handler_table @ 00002850 records: 3, size/record: 4, table size: 12
	index: 0, handler: __TI_decompress_lzss
	index: 1, handler: __TI_decompress_none
	index: 2, handler: __TI_zero_init


GLOBAL SYMBOLS: SORTED ALPHABETICALLY BY Name 

address   name                           
-------   ----                           
00001e39  C$$EXIT                        
00001881  CANBitRateSet                  
00002655  CANEnable                      
00002219  CANInit                        
00002443  CANIntClear                    
0000265f  CANIntEnable                   
00002055  CANIntHandler                  
00002465  CANIntStatus                   
000008e9  CANMessageGet                  
00000457  CANMessageSet                  
000020dd  CANStatusGet                   
00001271  CANTaskInit                    
00001a91  ConfigureUART                  
00002355  GPIODirModeSet                 
0000058d  GPIOPadConfigSet               
00001fc5  GPIOPinConfigure               
000025dd  GPIOPinTypeCAN                 
00001959  IntEnable                      
000018ed  LEDTaskInit                    
00001399  RGBColorSet                    
000019c1  RGBDisable                     
00001069  RGBEnable                      
000009f9  RGBInit                        
000025a1  RGBIntensitySet                
0000266f  ResetISR                       
UNDEFED   SHT$$INIT_ARRAY$$Base          
UNDEFED   SHT$$INIT_ARRAY$$Limit         
000007d9  SysCtlClockGet                 
000022c5  SysCtlPeripheralEnable         
00002675  UARTClockSourceSet             
00001bbd  UARTStdioConfig                
000024dd  UARTprintf                     
0000026d  UARTvprintf                    
0000200d  UARTwrite                      
20007900  __STACK_END                    
00000200  __STACK_SIZE                   
20007900  __STACK_TOP                    
00002868  __TI_CINIT_Base                
00002878  __TI_CINIT_Limit               
00002850  __TI_Handler_Table_Base        
0000285c  __TI_Handler_Table_Limit       
00001811  __TI_auto_init                 
20007930  __TI_cleanup_ptr               
00001a29  __TI_decompress_lzss           
00002621  __TI_decompress_none           
20007934  __TI_dtors_ptr                 
20007938  __TI_enable_exit_profile_output
ffffffff  __TI_pprof_out_hndl            
ffffffff  __TI_prof_data_size            
ffffffff  __TI_prof_data_start           
00000000  __TI_static_base__             
0000262f  __TI_zero_init                 
000016b3  __aeabi_idiv0                  
00001639  __aeabi_memclr                 
00001639  __aeabi_memclr4                
00001639  __aeabi_memclr8                
000011d5  __aeabi_memcpy                 
000011d5  __aeabi_memcpy4                
000011d5  __aeabi_memcpy8                
0000163b  __aeabi_memset                 
0000163b  __aeabi_memset4                
0000163b  __aeabi_memset8                
0000215d  __aeabi_uidiv                  
0000215d  __aeabi_uidivmod               
ffffffff  __binit__                      
ffffffff  __c_args__                     
0000180f  __mpu_init                     
20007700  __stack                        
00002529  _args_main                     
00001de5  _c_int00                       
20007948  _lock                          
000025c3  _nop                           
000025bb  _register_lock                 
000025b5  _register_unlock               
00001bbb  _system_post_cinit             
00002681  _system_pre_init               
2000794c  _unlock                        
00001e3d  abort                          
ffffffff  binit                          
00001f2d  copy_in                        
00001e45  exit                           
2000795e  g_bErrFlag                     
2000795d  g_bRXFlag                      
200076f8  g_pLEDQueue                    
200076fc  g_pUARTSemaphore               
00000000  g_pfnVectors                   
000016b5  main                           
20007968  main_func_sp                   
000011d5  memcpy                         
00001641  memset                         
00001129  pvPortMalloc                   
00002511  pvTaskIncrementMutexHeldCount  
20007900  pxCurrentTCB                   
000023d1  pxPortInitialiseStack          
00002828  ulMaxSyscallInterruptPriority  
00000ee1  ulPortGetIPSR                  
00002485  uxListRemove                   
0000259f  vApplicationStackOverflowHook  
00002589  vListInitialise                
0000267b  vListInitialiseItem            
0000228d  vListInsert                    
00002541  vListInsertEnd                 
00000f95  vPortEnableVFP                 
000024c1  vPortEnterCritical             
00002559  vPortExitCritical              
00002099  vPortFree                      
00000f59  vPortSVCHandler                
000025c9  vPortSetupTimerInterrupt       
00000f79  vPortStartFirstTask            
00001cdd  vTaskDelay                     
000014b5  vTaskDelayUntil                
0000263d  vTaskMissedYield               
00001af5  vTaskPlaceOnEventList          
00001305  vTaskPriorityInherit           
00002571  vTaskSetTimeOutState           
00001c7d  vTaskStartScheduler            
00002611  vTaskSuspendAll                
00001429  vTaskSwitchContext             
00000ef9  xPortPendSVHandler             
0000219d  xPortStartScheduler            
00002329  xPortSysTickHandler            
00001f79  xQueueCreateMutex              
000021dd  xQueueGenericCreate            
000006c1  xQueueGenericReceive           
00001539  xQueueGenericReset             
00000d05  xQueueGenericSend              
00001e8d  xTaskCheckForTimeOut           
00000afd  xTaskGenericCreate             
00002649  xTaskGetTickCount              
00000c01  xTaskIncrementTick             
000015bd  xTaskPriorityDisinherit        
00001729  xTaskRemoveFromEventList       
00000ded  xTaskResumeAll                 


GLOBAL SYMBOLS: SORTED BY Symbol Address 

address   name                           
-------   ----                           
00000000  __TI_static_base__             
00000000  g_pfnVectors                   
00000200  __STACK_SIZE                   
0000026d  UARTvprintf                    
00000457  CANMessageSet                  
0000058d  GPIOPadConfigSet               
000006c1  xQueueGenericReceive           
000007d9  SysCtlClockGet                 
000008e9  CANMessageGet                  
000009f9  RGBInit                        
00000afd  xTaskGenericCreate             
00000c01  xTaskIncrementTick             
00000d05  xQueueGenericSend              
00000ded  xTaskResumeAll                 
00000ee1  ulPortGetIPSR                  
00000ef9  xPortPendSVHandler             
00000f59  vPortSVCHandler                
00000f79  vPortStartFirstTask            
00000f95  vPortEnableVFP                 
00001069  RGBEnable                      
00001129  pvPortMalloc                   
000011d5  __aeabi_memcpy                 
000011d5  __aeabi_memcpy4                
000011d5  __aeabi_memcpy8                
000011d5  memcpy                         
00001271  CANTaskInit                    
00001305  vTaskPriorityInherit           
00001399  RGBColorSet                    
00001429  vTaskSwitchContext             
000014b5  vTaskDelayUntil                
00001539  xQueueGenericReset             
000015bd  xTaskPriorityDisinherit        
00001639  __aeabi_memclr                 
00001639  __aeabi_memclr4                
00001639  __aeabi_memclr8                
0000163b  __aeabi_memset                 
0000163b  __aeabi_memset4                
0000163b  __aeabi_memset8                
00001641  memset                         
000016b3  __aeabi_idiv0                  
000016b5  main                           
00001729  xTaskRemoveFromEventList       
0000180f  __mpu_init                     
00001811  __TI_auto_init                 
00001881  CANBitRateSet                  
000018ed  LEDTaskInit                    
00001959  IntEnable                      
000019c1  RGBDisable                     
00001a29  __TI_decompress_lzss           
00001a91  ConfigureUART                  
00001af5  vTaskPlaceOnEventList          
00001bbb  _system_post_cinit             
00001bbd  UARTStdioConfig                
00001c7d  vTaskStartScheduler            
00001cdd  vTaskDelay                     
00001de5  _c_int00                       
00001e39  C$$EXIT                        
00001e3d  abort                          
00001e45  exit                           
00001e8d  xTaskCheckForTimeOut           
00001f2d  copy_in                        
00001f79  xQueueCreateMutex              
00001fc5  GPIOPinConfigure               
0000200d  UARTwrite                      
00002055  CANIntHandler                  
00002099  vPortFree                      
000020dd  CANStatusGet                   
0000215d  __aeabi_uidiv                  
0000215d  __aeabi_uidivmod               
0000219d  xPortStartScheduler            
000021dd  xQueueGenericCreate            
00002219  CANInit                        
0000228d  vListInsert                    
000022c5  SysCtlPeripheralEnable         
00002329  xPortSysTickHandler            
00002355  GPIODirModeSet                 
000023d1  pxPortInitialiseStack          
00002443  CANIntClear                    
00002465  CANIntStatus                   
00002485  uxListRemove                   
000024c1  vPortEnterCritical             
000024dd  UARTprintf                     
00002511  pvTaskIncrementMutexHeldCount  
00002529  _args_main                     
00002541  vListInsertEnd                 
00002559  vPortExitCritical              
00002571  vTaskSetTimeOutState           
00002589  vListInitialise                
0000259f  vApplicationStackOverflowHook  
000025a1  RGBIntensitySet                
000025b5  _register_unlock               
000025bb  _register_lock                 
000025c3  _nop                           
000025c9  vPortSetupTimerInterrupt       
000025dd  GPIOPinTypeCAN                 
00002611  vTaskSuspendAll                
00002621  __TI_decompress_none           
0000262f  __TI_zero_init                 
0000263d  vTaskMissedYield               
00002649  xTaskGetTickCount              
00002655  CANEnable                      
0000265f  CANIntEnable                   
0000266f  ResetISR                       
00002675  UARTClockSourceSet             
0000267b  vListInitialiseItem            
00002681  _system_pre_init               
00002828  ulMaxSyscallInterruptPriority  
00002850  __TI_Handler_Table_Base        
0000285c  __TI_Handler_Table_Limit       
00002868  __TI_CINIT_Base                
00002878  __TI_CINIT_Limit               
200076f8  g_pLEDQueue                    
200076fc  g_pUARTSemaphore               
20007700  __stack                        
20007900  __STACK_END                    
20007900  __STACK_TOP                    
20007900  pxCurrentTCB                   
20007930  __TI_cleanup_ptr               
20007934  __TI_dtors_ptr                 
20007938  __TI_enable_exit_profile_output
20007948  _lock                          
2000794c  _unlock                        
2000795d  g_bRXFlag                      
2000795e  g_bErrFlag                     
20007968  main_func_sp                   
ffffffff  __TI_pprof_out_hndl            
ffffffff  __TI_prof_data_size            
ffffffff  __TI_prof_data_start           
ffffffff  __binit__                      
ffffffff  __c_args__                     
ffffffff  binit                          
UNDEFED   SHT$$INIT_ARRAY$$Base          
UNDEFED   SHT$$INIT_ARRAY$$Limit         

[133 symbols]
