<?xml version="1.0"?>
<link_info>
   <banner>TI ARM Linker PC v16.9.0.LTS</banner>
   <copyright>Copyright (c) 1996-2015 Texas Instruments Incorporated</copyright>
   <link_time>0x595a6784</link_time>
   <link_errors>0x0</link_errors>
   <output_file>Lamp_freertos.out</output_file>
   <entry_point>
      <name>_c_int00</name>
      <address>0x1de5</address>
   </entry_point>
   <input_file_list>
      <input_file id="fl-2">
         <path>.\</path>
         <kind>object</kind>
         <file>can_task.obj</file>
         <name>can_task.obj</name>
      </input_file>
      <input_file id="fl-3">
         <path>.\</path>
         <kind>object</kind>
         <file>freertos_demo.obj</file>
         <name>freertos_demo.obj</name>
      </input_file>
      <input_file id="fl-4">
         <path>.\</path>
         <kind>object</kind>
         <file>led_task.obj</file>
         <name>led_task.obj</name>
      </input_file>
      <input_file id="fl-5">
         <path>.\</path>
         <kind>object</kind>
         <file>startup_ccs.obj</file>
         <name>startup_ccs.obj</name>
      </input_file>
      <input_file id="fl-6">
         <path>.\drivers\</path>
         <kind>object</kind>
         <file>buttons.obj</file>
         <name>buttons.obj</name>
      </input_file>
      <input_file id="fl-7">
         <path>.\drivers\</path>
         <kind>object</kind>
         <file>rgb.obj</file>
         <name>rgb.obj</name>
      </input_file>
      <input_file id="fl-8">
         <path>.\third_party\FreeRTOS\Source\</path>
         <kind>object</kind>
         <file>list.obj</file>
         <name>list.obj</name>
      </input_file>
      <input_file id="fl-9">
         <path>.\third_party\FreeRTOS\Source\</path>
         <kind>object</kind>
         <file>queue.obj</file>
         <name>queue.obj</name>
      </input_file>
      <input_file id="fl-a">
         <path>.\third_party\FreeRTOS\Source\</path>
         <kind>object</kind>
         <file>tasks.obj</file>
         <name>tasks.obj</name>
      </input_file>
      <input_file id="fl-b">
         <path>.\third_party\FreeRTOS\Source\portable\CCS\ARM_CM4F\</path>
         <kind>object</kind>
         <file>port.obj</file>
         <name>port.obj</name>
      </input_file>
      <input_file id="fl-c">
         <path>.\third_party\FreeRTOS\Source\portable\CCS\ARM_CM4F\</path>
         <kind>object</kind>
         <file>portasm.obj</file>
         <name>portasm.obj</name>
      </input_file>
      <input_file id="fl-d">
         <path>.\third_party\FreeRTOS\Source\portable\MemMang\</path>
         <kind>object</kind>
         <file>heap_2.obj</file>
         <name>heap_2.obj</name>
      </input_file>
      <input_file id="fl-e">
         <path>.\utils\</path>
         <kind>object</kind>
         <file>uartstdio.obj</file>
         <name>uartstdio.obj</name>
      </input_file>
      <input_file id="fl-f">
         <path>.\utils\</path>
         <kind>object</kind>
         <file>ustdlib.obj</file>
         <name>ustdlib.obj</name>
      </input_file>
      <input_file id="fl-ca">
         <path>C:\ti\ccsv7\tools\compiler\ti-cgt-arm_16.9.0.LTS\lib\</path>
         <kind>archive</kind>
         <file>rtsv7M4_T_le_v4SPD16_eabi.lib</file>
         <name>boot.obj</name>
      </input_file>
      <input_file id="fl-cb">
         <path>C:\ti\ccsv7\tools\compiler\ti-cgt-arm_16.9.0.LTS\lib\</path>
         <kind>archive</kind>
         <file>rtsv7M4_T_le_v4SPD16_eabi.lib</file>
         <name>copy_decompress_lzss.obj</name>
      </input_file>
      <input_file id="fl-cc">
         <path>C:\ti\ccsv7\tools\compiler\ti-cgt-arm_16.9.0.LTS\lib\</path>
         <kind>archive</kind>
         <file>rtsv7M4_T_le_v4SPD16_eabi.lib</file>
         <name>copy_decompress_none.obj</name>
      </input_file>
      <input_file id="fl-cd">
         <path>C:\ti\ccsv7\tools\compiler\ti-cgt-arm_16.9.0.LTS\lib\</path>
         <kind>archive</kind>
         <file>rtsv7M4_T_le_v4SPD16_eabi.lib</file>
         <name>copy_zero_init.obj</name>
      </input_file>
      <input_file id="fl-ce">
         <path>C:\ti\ccsv7\tools\compiler\ti-cgt-arm_16.9.0.LTS\lib\</path>
         <kind>archive</kind>
         <file>rtsv7M4_T_le_v4SPD16_eabi.lib</file>
         <name>exit.obj</name>
      </input_file>
      <input_file id="fl-cf">
         <path>C:\ti\ccsv7\tools\compiler\ti-cgt-arm_16.9.0.LTS\lib\</path>
         <kind>archive</kind>
         <file>rtsv7M4_T_le_v4SPD16_eabi.lib</file>
         <name>fs_toull_t2.obj</name>
      </input_file>
      <input_file id="fl-d0">
         <path>C:\ti\ccsv7\tools\compiler\ti-cgt-arm_16.9.0.LTS\lib\</path>
         <kind>archive</kind>
         <file>rtsv7M4_T_le_v4SPD16_eabi.lib</file>
         <name>memcpy_t2.obj</name>
      </input_file>
      <input_file id="fl-d1">
         <path>C:\ti\ccsv7\tools\compiler\ti-cgt-arm_16.9.0.LTS\lib\</path>
         <kind>archive</kind>
         <file>rtsv7M4_T_le_v4SPD16_eabi.lib</file>
         <name>memset_t2.obj</name>
      </input_file>
      <input_file id="fl-d2">
         <path>C:\ti\ccsv7\tools\compiler\ti-cgt-arm_16.9.0.LTS\lib\</path>
         <kind>archive</kind>
         <file>rtsv7M4_T_le_v4SPD16_eabi.lib</file>
         <name>mpu_init.obj</name>
      </input_file>
      <input_file id="fl-d3">
         <path>C:\ti\ccsv7\tools\compiler\ti-cgt-arm_16.9.0.LTS\lib\</path>
         <kind>archive</kind>
         <file>rtsv7M4_T_le_v4SPD16_eabi.lib</file>
         <name>pre_init.obj</name>
      </input_file>
      <input_file id="fl-d4">
         <path>C:\ti\ccsv7\tools\compiler\ti-cgt-arm_16.9.0.LTS\lib\</path>
         <kind>archive</kind>
         <file>rtsv7M4_T_le_v4SPD16_eabi.lib</file>
         <name>stkdepth_vars.obj</name>
      </input_file>
      <input_file id="fl-d5">
         <path>C:\ti\ccsv7\tools\compiler\ti-cgt-arm_16.9.0.LTS\lib\</path>
         <kind>archive</kind>
         <file>rtsv7M4_T_le_v4SPD16_eabi.lib</file>
         <name>u_divt2.obj</name>
      </input_file>
      <input_file id="fl-d6">
         <path>C:\ti\ccsv7\tools\compiler\ti-cgt-arm_16.9.0.LTS\lib\</path>
         <kind>archive</kind>
         <file>rtsv7M4_T_le_v4SPD16_eabi.lib</file>
         <name>_lock.obj</name>
      </input_file>
      <input_file id="fl-d7">
         <path>C:\ti\ccsv7\tools\compiler\ti-cgt-arm_16.9.0.LTS\lib\</path>
         <kind>archive</kind>
         <file>rtsv7M4_T_le_v4SPD16_eabi.lib</file>
         <name>args_main.obj</name>
      </input_file>
      <input_file id="fl-d8">
         <path>C:\ti\ccsv7\tools\compiler\ti-cgt-arm_16.9.0.LTS\lib\</path>
         <kind>archive</kind>
         <file>rtsv7M4_T_le_v4SPD16_eabi.lib</file>
         <name>autoinit.obj</name>
      </input_file>
      <input_file id="fl-d9">
         <path>C:\ti\ccsv7\tools\compiler\ti-cgt-arm_16.9.0.LTS\lib\</path>
         <kind>archive</kind>
         <file>rtsv7M4_T_le_v4SPD16_eabi.lib</file>
         <name>cpy_tbl.obj</name>
      </input_file>
      <input_file id="fl-da">
         <path>C:\ti\ccsv7\tools\compiler\ti-cgt-arm_16.9.0.LTS\lib\</path>
         <kind>archive</kind>
         <file>rtsv7M4_T_le_v4SPD16_eabi.lib</file>
         <name>i_div0.obj</name>
      </input_file>
      <input_file id="fl-db">
         <path>C:\ti\ccsv7\tools\compiler\ti-cgt-arm_16.9.0.LTS\lib\</path>
         <kind>archive</kind>
         <file>rtsv7M4_T_le_v4SPD16_eabi.lib</file>
         <name>startup.obj</name>
      </input_file>
      <input_file id="fl-dc">
         <path>C:\ti\TivaWare_C_Series-2.1.2.111\driverlib\ccs\Debug\</path>
         <kind>archive</kind>
         <file>driverlib.lib</file>
         <name>can.obj</name>
      </input_file>
      <input_file id="fl-dd">
         <path>C:\ti\TivaWare_C_Series-2.1.2.111\driverlib\ccs\Debug\</path>
         <kind>archive</kind>
         <file>driverlib.lib</file>
         <name>gpio.obj</name>
      </input_file>
      <input_file id="fl-de">
         <path>C:\ti\TivaWare_C_Series-2.1.2.111\driverlib\ccs\Debug\</path>
         <kind>archive</kind>
         <file>driverlib.lib</file>
         <name>interrupt.obj</name>
      </input_file>
      <input_file id="fl-df">
         <path>C:\ti\TivaWare_C_Series-2.1.2.111\driverlib\ccs\Debug\</path>
         <kind>archive</kind>
         <file>driverlib.lib</file>
         <name>sysctl.obj</name>
      </input_file>
      <input_file id="fl-e0">
         <path>C:\ti\TivaWare_C_Series-2.1.2.111\driverlib\ccs\Debug\</path>
         <kind>archive</kind>
         <file>driverlib.lib</file>
         <name>uart.obj</name>
      </input_file>
      <input_file id="fl-e1">
         <path>C:\ti\TivaWare_C_Series-2.1.2.111\driverlib\ccs\Debug\</path>
         <kind>archive</kind>
         <file>driverlib.lib</file>
         <name>cpu.obj</name>
      </input_file>
   </input_file_list>
   <object_component_list>
      <object_component id="oc-f">
         <name>.intvecs</name>
         <load_address>0x0</load_address>
         <run_address>0x0</run_address>
         <size>0x26c</size>
         <input_file_ref idref="fl-5"/>
      </object_component>
      <object_component id="oc-1e6">
         <name>.text:UARTvprintf</name>
         <load_address>0x26c</load_address>
         <run_address>0x26c</run_address>
         <size>0x1ea</size>
         <input_file_ref idref="fl-e"/>
      </object_component>
      <object_component id="oc-374">
         <name>.text:CANMessageSet</name>
         <load_address>0x456</load_address>
         <run_address>0x456</run_address>
         <size>0x136</size>
         <input_file_ref idref="fl-dc"/>
      </object_component>
      <object_component id="oc-35d">
         <name>.text:GPIOPadConfigSet</name>
         <load_address>0x58c</load_address>
         <run_address>0x58c</run_address>
         <size>0x132</size>
         <input_file_ref idref="fl-dd"/>
      </object_component>
      <object_component id="oc-37">
         <name>.text:FaultISR</name>
         <load_address>0x6be</load_address>
         <run_address>0x6be</run_address>
         <size>0x2</size>
         <input_file_ref idref="fl-5"/>
      </object_component>
      <object_component id="oc-343">
         <name>.text:xQueueGenericReceive</name>
         <load_address>0x6c0</load_address>
         <run_address>0x6c0</run_address>
         <size>0x118</size>
         <input_file_ref idref="fl-9"/>
      </object_component>
      <object_component id="oc-251">
         <name>.text:SysCtlClockGet</name>
         <load_address>0x7d8</load_address>
         <run_address>0x7d8</run_address>
         <size>0x110</size>
         <input_file_ref idref="fl-df"/>
      </object_component>
      <object_component id="oc-37a">
         <name>.text:CANMessageGet</name>
         <load_address>0x8e8</load_address>
         <run_address>0x8e8</run_address>
         <size>0x10e</size>
         <input_file_ref idref="fl-dc"/>
      </object_component>
      <object_component id="oc-3d">
         <name>.text:IntDefaultHandler</name>
         <load_address>0x9f6</load_address>
         <run_address>0x9f6</run_address>
         <size>0x2</size>
         <input_file_ref idref="fl-5"/>
      </object_component>
      <object_component id="oc-208">
         <name>.text:RGBInit</name>
         <load_address>0x9f8</load_address>
         <run_address>0x9f8</run_address>
         <size>0x104</size>
         <input_file_ref idref="fl-7"/>
      </object_component>
      <object_component id="oc-226">
         <name>.text:xTaskGenericCreate</name>
         <load_address>0xafc</load_address>
         <run_address>0xafc</run_address>
         <size>0x104</size>
         <input_file_ref idref="fl-a"/>
      </object_component>
      <object_component id="oc-ad">
         <name>.text:xTaskIncrementTick</name>
         <load_address>0xc00</load_address>
         <run_address>0xc00</run_address>
         <size>0x104</size>
         <input_file_ref idref="fl-a"/>
      </object_component>
      <object_component id="oc-1ff">
         <name>.text:xQueueGenericSend</name>
         <load_address>0xd04</load_address>
         <run_address>0xd04</run_address>
         <size>0xe8</size>
         <input_file_ref idref="fl-9"/>
      </object_component>
      <object_component id="oc-2b8">
         <name>.text:xTaskResumeAll</name>
         <load_address>0xdec</load_address>
         <run_address>0xdec</run_address>
         <size>0xe4</size>
         <input_file_ref idref="fl-a"/>
      </object_component>
      <object_component id="oc-43">
         <name>.text</name>
         <load_address>0xed0</load_address>
         <run_address>0xed0</run_address>
         <size>0xd2</size>
         <input_file_ref idref="fl-c"/>
      </object_component>
      <object_component id="oc-31">
         <name>.text:NmiSR</name>
         <load_address>0xfa2</load_address>
         <run_address>0xfa2</run_address>
         <size>0x2</size>
         <input_file_ref idref="fl-5"/>
      </object_component>
      <object_component id="oc-26f">
         <name>.text:CANTask</name>
         <load_address>0xfa4</load_address>
         <run_address>0xfa4</run_address>
         <size>0xc4</size>
         <input_file_ref idref="fl-2"/>
      </object_component>
      <object_component id="oc-308">
         <name>.text:RGBEnable</name>
         <load_address>0x1068</load_address>
         <run_address>0x1068</run_address>
         <size>0xc0</size>
         <input_file_ref idref="fl-7"/>
      </object_component>
      <object_component id="oc-1f3">
         <name>.text:pvPortMalloc</name>
         <load_address>0x1128</load_address>
         <run_address>0x1128</run_address>
         <size>0xac</size>
         <input_file_ref idref="fl-d"/>
      </object_component>
      <object_component id="oc-62">
         <name>.text</name>
         <load_address>0x11d4</load_address>
         <run_address>0x11d4</run_address>
         <size>0x9c</size>
         <input_file_ref idref="fl-d0"/>
      </object_component>
      <object_component id="oc-16f">
         <name>.text:CANTaskInit</name>
         <load_address>0x1270</load_address>
         <run_address>0x1270</run_address>
         <size>0x94</size>
         <input_file_ref idref="fl-2"/>
      </object_component>
      <object_component id="oc-412">
         <name>.text:vTaskPriorityInherit</name>
         <load_address>0x1304</load_address>
         <run_address>0x1304</run_address>
         <size>0x94</size>
         <input_file_ref idref="fl-a"/>
      </object_component>
      <object_component id="oc-214">
         <name>.text:RGBColorSet</name>
         <load_address>0x1398</load_address>
         <run_address>0x1398</run_address>
         <size>0x90</size>
         <input_file_ref idref="fl-7"/>
      </object_component>
      <object_component id="oc-a6">
         <name>.text:vTaskSwitchContext</name>
         <load_address>0x1428</load_address>
         <run_address>0x1428</run_address>
         <size>0x8c</size>
         <input_file_ref idref="fl-a"/>
      </object_component>
      <object_component id="oc-349">
         <name>.text:vTaskDelayUntil</name>
         <load_address>0x14b4</load_address>
         <run_address>0x14b4</run_address>
         <size>0x84</size>
         <input_file_ref idref="fl-a"/>
      </object_component>
      <object_component id="oc-319">
         <name>.text:xQueueGenericReset</name>
         <load_address>0x1538</load_address>
         <run_address>0x1538</run_address>
         <size>0x84</size>
         <input_file_ref idref="fl-9"/>
      </object_component>
      <object_component id="oc-3dc">
         <name>.text:xTaskPriorityDisinherit</name>
         <load_address>0x15bc</load_address>
         <run_address>0x15bc</run_address>
         <size>0x7c</size>
         <input_file_ref idref="fl-a"/>
      </object_component>
      <object_component id="oc-6e">
         <name>.text</name>
         <load_address>0x1638</load_address>
         <run_address>0x1638</run_address>
         <size>0x7a</size>
         <input_file_ref idref="fl-d1"/>
      </object_component>
      <object_component id="oc-3a3">
         <name>.text</name>
         <load_address>0x16b2</load_address>
         <run_address>0x16b2</run_address>
         <size>0x2</size>
         <input_file_ref idref="fl-da"/>
      </object_component>
      <object_component id="oc-f7">
         <name>.text:main</name>
         <load_address>0x16b4</load_address>
         <run_address>0x16b4</run_address>
         <size>0x74</size>
         <input_file_ref idref="fl-3"/>
      </object_component>
      <object_component id="oc-2fa">
         <name>.text:xTaskRemoveFromEventList</name>
         <load_address>0x1728</load_address>
         <run_address>0x1728</run_address>
         <size>0x74</size>
         <input_file_ref idref="fl-a"/>
      </object_component>
      <object_component id="oc-2f4">
         <name>.text:prvCopyDataToQueue</name>
         <load_address>0x179c</load_address>
         <run_address>0x179c</run_address>
         <size>0x72</size>
         <input_file_ref idref="fl-9"/>
      </object_component>
      <object_component id="oc-7a">
         <name>.text</name>
         <load_address>0x180e</load_address>
         <run_address>0x180e</run_address>
         <size>0x2</size>
         <input_file_ref idref="fl-d2"/>
      </object_component>
      <object_component id="oc-86">
         <name>.text</name>
         <load_address>0x1810</load_address>
         <run_address>0x1810</run_address>
         <size>0x70</size>
         <input_file_ref idref="fl-d8"/>
      </object_component>
      <object_component id="oc-257">
         <name>.text:CANBitRateSet</name>
         <load_address>0x1880</load_address>
         <run_address>0x1880</run_address>
         <size>0x6c</size>
         <input_file_ref idref="fl-dc"/>
      </object_component>
      <object_component id="oc-169">
         <name>.text:LEDTaskInit</name>
         <load_address>0x18ec</load_address>
         <run_address>0x18ec</run_address>
         <size>0x6c</size>
         <input_file_ref idref="fl-4"/>
      </object_component>
      <object_component id="oc-263">
         <name>.text:IntEnable</name>
         <load_address>0x1958</load_address>
         <run_address>0x1958</run_address>
         <size>0x68</size>
         <input_file_ref idref="fl-de"/>
      </object_component>
      <object_component id="oc-21a">
         <name>.text:RGBDisable</name>
         <load_address>0x19c0</load_address>
         <run_address>0x19c0</run_address>
         <size>0x68</size>
         <input_file_ref idref="fl-7"/>
      </object_component>
      <object_component id="oc-12">
         <name>.text:decompress:lzss</name>
         <load_address>0x1a28</load_address>
         <run_address>0x1a28</run_address>
         <size>0x68</size>
         <input_file_ref idref="fl-cb"/>
      </object_component>
      <object_component id="oc-157">
         <name>.text:ConfigureUART</name>
         <load_address>0x1a90</load_address>
         <run_address>0x1a90</run_address>
         <size>0x64</size>
         <input_file_ref idref="fl-3"/>
      </object_component>
      <object_component id="oc-2ee">
         <name>.text:vTaskPlaceOnEventList</name>
         <load_address>0x1af4</load_address>
         <run_address>0x1af4</run_address>
         <size>0x64</size>
         <input_file_ref idref="fl-a"/>
      </object_component>
      <object_component id="oc-2e2">
         <name>.text:prvUnlockQueue</name>
         <load_address>0x1b58</load_address>
         <run_address>0x1b58</run_address>
         <size>0x62</size>
         <input_file_ref idref="fl-9"/>
      </object_component>
      <object_component id="oc-ef">
         <name>.text</name>
         <load_address>0x1bba</load_address>
         <run_address>0x1bba</run_address>
         <size>0x2</size>
         <input_file_ref idref="fl-db"/>
      </object_component>
      <object_component id="oc-1df">
         <name>.text:UARTStdioConfig</name>
         <load_address>0x1bbc</load_address>
         <run_address>0x1bbc</run_address>
         <size>0x60</size>
         <input_file_ref idref="fl-e"/>
      </object_component>
      <object_component id="oc-332">
         <name>.text:prvInitialiseTaskLists</name>
         <load_address>0x1c1c</load_address>
         <run_address>0x1c1c</run_address>
         <size>0x60</size>
         <input_file_ref idref="fl-a"/>
      </object_component>
      <object_component id="oc-175">
         <name>.text:vTaskStartScheduler</name>
         <load_address>0x1c7c</load_address>
         <run_address>0x1c7c</run_address>
         <size>0x60</size>
         <input_file_ref idref="fl-a"/>
      </object_component>
      <object_component id="oc-380">
         <name>.text:vTaskDelay</name>
         <load_address>0x1cdc</load_address>
         <run_address>0x1cdc</run_address>
         <size>0x5c</size>
         <input_file_ref idref="fl-a"/>
      </object_component>
      <object_component id="oc-391">
         <name>.text:prvCheckTasksWaitingTermination</name>
         <load_address>0x1d38</load_address>
         <run_address>0x1d38</run_address>
         <size>0x58</size>
         <input_file_ref idref="fl-a"/>
      </object_component>
      <object_component id="oc-326">
         <name>.text:prvInitialiseTCBVariables</name>
         <load_address>0x1d90</load_address>
         <run_address>0x1d90</run_address>
         <size>0x54</size>
         <input_file_ref idref="fl-a"/>
      </object_component>
      <object_component id="oc-24">
         <name>.text</name>
         <load_address>0x1de4</load_address>
         <run_address>0x1de4</run_address>
         <size>0x54</size>
         <input_file_ref idref="fl-ca"/>
      </object_component>
      <object_component id="oc-92">
         <name>.text</name>
         <load_address>0x1e38</load_address>
         <run_address>0x1e38</run_address>
         <size>0x54</size>
         <input_file_ref idref="fl-ce"/>
      </object_component>
      <object_component id="oc-2dc">
         <name>.text:xTaskCheckForTimeOut</name>
         <load_address>0x1e8c</load_address>
         <run_address>0x1e8c</run_address>
         <size>0x54</size>
         <input_file_ref idref="fl-a"/>
      </object_component>
      <object_component id="oc-3d2">
         <name>.text:prvAddCurrentTaskToDelayedList</name>
         <load_address>0x1ee0</load_address>
         <run_address>0x1ee0</run_address>
         <size>0x4c</size>
         <input_file_ref idref="fl-a"/>
      </object_component>
      <object_component id="oc-e9">
         <name>.text</name>
         <load_address>0x1f2c</load_address>
         <run_address>0x1f2c</run_address>
         <size>0x4c</size>
         <input_file_ref idref="fl-d9"/>
      </object_component>
      <object_component id="oc-163">
         <name>.text:xQueueCreateMutex</name>
         <load_address>0x1f78</load_address>
         <run_address>0x1f78</run_address>
         <size>0x4c</size>
         <input_file_ref idref="fl-9"/>
      </object_component>
      <object_component id="oc-23f">
         <name>.text:GPIOPinConfigure</name>
         <load_address>0x1fc4</load_address>
         <run_address>0x1fc4</run_address>
         <size>0x48</size>
         <input_file_ref idref="fl-dd"/>
      </object_component>
      <object_component id="oc-29e">
         <name>.text:UARTwrite</name>
         <load_address>0x200c</load_address>
         <run_address>0x200c</run_address>
         <size>0x48</size>
         <input_file_ref idref="fl-e"/>
      </object_component>
      <object_component id="oc-4e">
         <name>.text:CANIntHandler</name>
         <load_address>0x2054</load_address>
         <run_address>0x2054</run_address>
         <size>0x44</size>
         <input_file_ref idref="fl-2"/>
      </object_component>
      <object_component id="oc-3ec">
         <name>.text:vPortFree</name>
         <load_address>0x2098</load_address>
         <run_address>0x2098</run_address>
         <size>0x44</size>
         <input_file_ref idref="fl-d"/>
      </object_component>
      <object_component id="oc-c0">
         <name>.text:CANStatusGet</name>
         <load_address>0x20dc</load_address>
         <run_address>0x20dc</run_address>
         <size>0x40</size>
         <input_file_ref idref="fl-dc"/>
      </object_component>
      <object_component id="oc-232">
         <name>.text:LEDTask</name>
         <load_address>0x211c</load_address>
         <run_address>0x211c</run_address>
         <size>0x40</size>
         <input_file_ref idref="fl-4"/>
      </object_component>
      <object_component id="oc-2a4">
         <name>.text</name>
         <load_address>0x215c</load_address>
         <run_address>0x215c</run_address>
         <size>0x40</size>
         <input_file_ref idref="fl-d5"/>
      </object_component>
      <object_component id="oc-276">
         <name>.text:xPortStartScheduler</name>
         <load_address>0x219c</load_address>
         <run_address>0x219c</run_address>
         <size>0x40</size>
         <input_file_ref idref="fl-b"/>
      </object_component>
      <object_component id="oc-220">
         <name>.text:xQueueGenericCreate</name>
         <load_address>0x21dc</load_address>
         <run_address>0x21dc</run_address>
         <size>0x3c</size>
         <input_file_ref idref="fl-9"/>
      </object_component>
      <object_component id="oc-24b">
         <name>.text:CANInit</name>
         <load_address>0x2218</load_address>
         <run_address>0x2218</run_address>
         <size>0x3a</size>
         <input_file_ref idref="fl-dc"/>
      </object_component>
      <object_component id="oc-320">
         <name>.text:prvAllocateTCBAndStack</name>
         <load_address>0x2252</load_address>
         <run_address>0x2252</run_address>
         <size>0x3a</size>
         <input_file_ref idref="fl-a"/>
      </object_component>
      <object_component id="oc-3cc">
         <name>.text:vListInsert</name>
         <load_address>0x228c</load_address>
         <run_address>0x228c</run_address>
         <size>0x38</size>
         <input_file_ref idref="fl-8"/>
      </object_component>
      <object_component id="oc-239">
         <name>.text:SysCtlPeripheralEnable</name>
         <load_address>0x22c4</load_address>
         <run_address>0x22c4</run_address>
         <size>0x34</size>
         <input_file_ref idref="fl-df"/>
      </object_component>
      <object_component id="oc-2b2">
         <name>.text:prvHeapInit</name>
         <load_address>0x22f8</load_address>
         <run_address>0x22f8</run_address>
         <size>0x30</size>
         <input_file_ref idref="fl-d"/>
      </object_component>
      <object_component id="oc-48">
         <name>.text:xPortSysTickHandler</name>
         <load_address>0x2328</load_address>
         <run_address>0x2328</run_address>
         <size>0x2c</size>
         <input_file_ref idref="fl-b"/>
      </object_component>
      <object_component id="oc-357">
         <name>.text:GPIODirModeSet</name>
         <load_address>0x2354</load_address>
         <run_address>0x2354</run_address>
         <size>0x2a</size>
         <input_file_ref idref="fl-dd"/>
      </object_component>
      <object_component id="oc-442">
         <name>.text:_CANDataRegRead</name>
         <load_address>0x237e</load_address>
         <run_address>0x237e</run_address>
         <size>0x2a</size>
         <input_file_ref idref="fl-dc"/>
      </object_component>
      <object_component id="oc-11f">
         <name>.text:prvResetNextTaskUnblockTime</name>
         <load_address>0x23a8</load_address>
         <run_address>0x23a8</run_address>
         <size>0x28</size>
         <input_file_ref idref="fl-a"/>
      </object_component>
      <object_component id="oc-32c">
         <name>.text:pxPortInitialiseStack</name>
         <load_address>0x23d0</load_address>
         <run_address>0x23d0</run_address>
         <size>0x28</size>
         <input_file_ref idref="fl-b"/>
      </object_component>
      <object_component id="oc-418">
         <name>.text:prvCopyDataFromQueue</name>
         <load_address>0x23f8</load_address>
         <run_address>0x23f8</run_address>
         <size>0x26</size>
         <input_file_ref idref="fl-9"/>
      </object_component>
      <object_component id="oc-43b">
         <name>.text:_CANDataRegWrite</name>
         <load_address>0x241e</load_address>
         <run_address>0x241e</run_address>
         <size>0x24</size>
         <input_file_ref idref="fl-dc"/>
      </object_component>
      <object_component id="oc-ba">
         <name>.text:CANIntClear</name>
         <load_address>0x2442</load_address>
         <run_address>0x2442</run_address>
         <size>0x22</size>
         <input_file_ref idref="fl-dc"/>
      </object_component>
      <object_component id="oc-b4">
         <name>.text:CANIntStatus</name>
         <load_address>0x2464</load_address>
         <run_address>0x2464</run_address>
         <size>0x20</size>
         <input_file_ref idref="fl-dc"/>
      </object_component>
      <object_component id="oc-125">
         <name>.text:uxListRemove</name>
         <load_address>0x2484</load_address>
         <run_address>0x2484</run_address>
         <size>0x20</size>
         <input_file_ref idref="fl-8"/>
      </object_component>
      <object_component id="oc-2e8">
         <name>.text:prvIsQueueFull</name>
         <load_address>0x24a4</load_address>
         <run_address>0x24a4</run_address>
         <size>0x1c</size>
         <input_file_ref idref="fl-9"/>
      </object_component>
      <object_component id="oc-2d6">
         <name>.text:vPortEnterCritical</name>
         <load_address>0x24c0</load_address>
         <run_address>0x24c0</run_address>
         <size>0x1c</size>
         <input_file_ref idref="fl-b"/>
      </object_component>
      <object_component id="oc-15d">
         <name>.text:UARTprintf</name>
         <load_address>0x24dc</load_address>
         <run_address>0x24dc</run_address>
         <size>0x1a</size>
         <input_file_ref idref="fl-e"/>
      </object_component>
      <object_component id="oc-40c">
         <name>.text:prvIsQueueEmpty</name>
         <load_address>0x24f6</load_address>
         <run_address>0x24f6</run_address>
         <size>0x1a</size>
         <input_file_ref idref="fl-9"/>
      </object_component>
      <object_component id="oc-41e">
         <name>.text:pvTaskIncrementMutexHeldCount</name>
         <load_address>0x2510</load_address>
         <run_address>0x2510</run_address>
         <size>0x18</size>
         <input_file_ref idref="fl-a"/>
      </object_component>
      <object_component id="oc-8c">
         <name>.text</name>
         <load_address>0x2528</load_address>
         <run_address>0x2528</run_address>
         <size>0x18</size>
         <input_file_ref idref="fl-d7"/>
      </object_component>
      <object_component id="oc-12b">
         <name>.text:vListInsertEnd</name>
         <load_address>0x2540</load_address>
         <run_address>0x2540</run_address>
         <size>0x18</size>
         <input_file_ref idref="fl-8"/>
      </object_component>
      <object_component id="oc-2d0">
         <name>.text:vPortExitCritical</name>
         <load_address>0x2558</load_address>
         <run_address>0x2558</run_address>
         <size>0x18</size>
         <input_file_ref idref="fl-b"/>
      </object_component>
      <object_component id="oc-2ca">
         <name>.text:vTaskSetTimeOutState</name>
         <load_address>0x2570</load_address>
         <run_address>0x2570</run_address>
         <size>0x18</size>
         <input_file_ref idref="fl-a"/>
      </object_component>
      <object_component id="oc-1f9">
         <name>.text:vListInitialise</name>
         <load_address>0x2588</load_address>
         <run_address>0x2588</run_address>
         <size>0x16</size>
         <input_file_ref idref="fl-8"/>
      </object_component>
      <object_component id="oc-115">
         <name>.text:vApplicationStackOverflowHook</name>
         <load_address>0x259e</load_address>
         <run_address>0x259e</run_address>
         <size>0x2</size>
         <input_file_ref idref="fl-3"/>
      </object_component>
      <object_component id="oc-20e">
         <name>.text:RGBIntensitySet</name>
         <load_address>0x25a0</load_address>
         <run_address>0x25a0</run_address>
         <size>0x14</size>
         <input_file_ref idref="fl-7"/>
      </object_component>
      <object_component id="oc-188">
         <name>.text</name>
         <load_address>0x25b4</load_address>
         <run_address>0x25b4</run_address>
         <size>0x14</size>
         <input_file_ref idref="fl-d6"/>
      </object_component>
      <object_component id="oc-387">
         <name>.text:vPortSetupTimerInterrupt</name>
         <load_address>0x25c8</load_address>
         <run_address>0x25c8</run_address>
         <size>0x14</size>
         <input_file_ref idref="fl-b"/>
      </object_component>
      <object_component id="oc-245">
         <name>.text:GPIOPinTypeCAN</name>
         <load_address>0x25dc</load_address>
         <run_address>0x25dc</run_address>
         <size>0x12</size>
         <input_file_ref idref="fl-dd"/>
      </object_component>
      <object_component id="oc-44d">
         <name>.text:prvDeleteTCB</name>
         <load_address>0x25ee</load_address>
         <run_address>0x25ee</run_address>
         <size>0x12</size>
         <input_file_ref idref="fl-a"/>
      </object_component>
      <object_component id="oc-3fa">
         <name>.text:prvTaskExitError</name>
         <load_address>0x2600</load_address>
         <run_address>0x2600</run_address>
         <size>0x10</size>
         <input_file_ref idref="fl-b"/>
      </object_component>
      <object_component id="oc-2ac">
         <name>.text:vTaskSuspendAll</name>
         <load_address>0x2610</load_address>
         <run_address>0x2610</run_address>
         <size>0x10</size>
         <input_file_ref idref="fl-a"/>
      </object_component>
      <object_component id="oc-18">
         <name>.text:decompress:none</name>
         <load_address>0x2620</load_address>
         <run_address>0x2620</run_address>
         <size>0xe</size>
         <input_file_ref idref="fl-cc"/>
      </object_component>
      <object_component id="oc-1e">
         <name>.text:decompress:ZI</name>
         <load_address>0x262e</load_address>
         <run_address>0x262e</run_address>
         <size>0xc</size>
         <input_file_ref idref="fl-cd"/>
      </object_component>
      <object_component id="oc-3c4">
         <name>.text:vTaskMissedYield</name>
         <load_address>0x263c</load_address>
         <run_address>0x263c</run_address>
         <size>0xc</size>
         <input_file_ref idref="fl-a"/>
      </object_component>
      <object_component id="oc-33d">
         <name>.text:xTaskGetTickCount</name>
         <load_address>0x2648</load_address>
         <run_address>0x2648</run_address>
         <size>0xc</size>
         <input_file_ref idref="fl-a"/>
      </object_component>
      <object_component id="oc-269">
         <name>.text:CANEnable</name>
         <load_address>0x2654</load_address>
         <run_address>0x2654</run_address>
         <size>0xa</size>
         <input_file_ref idref="fl-dc"/>
      </object_component>
      <object_component id="oc-25d">
         <name>.text:CANIntEnable</name>
         <load_address>0x265e</load_address>
         <run_address>0x265e</run_address>
         <size>0x8</size>
         <input_file_ref idref="fl-dc"/>
      </object_component>
      <object_component id="oc-27c">
         <name>.text:prvIdleTask</name>
         <load_address>0x2666</load_address>
         <run_address>0x2666</run_address>
         <size>0x8</size>
         <input_file_ref idref="fl-a"/>
      </object_component>
      <object_component id="oc-2b">
         <name>.text:ResetISR</name>
         <load_address>0x266e</load_address>
         <run_address>0x266e</run_address>
         <size>0x6</size>
         <input_file_ref idref="fl-5"/>
      </object_component>
      <object_component id="oc-1d9">
         <name>.text:UARTClockSourceSet</name>
         <load_address>0x2674</load_address>
         <run_address>0x2674</run_address>
         <size>0x6</size>
         <input_file_ref idref="fl-e0"/>
      </object_component>
      <object_component id="oc-3f3">
         <name>.text:vListInitialiseItem</name>
         <load_address>0x267a</load_address>
         <run_address>0x267a</run_address>
         <size>0x6</size>
         <input_file_ref idref="fl-8"/>
      </object_component>
      <object_component id="oc-80">
         <name>.text</name>
         <load_address>0x2680</load_address>
         <run_address>0x2680</run_address>
         <size>0x4</size>
         <input_file_ref idref="fl-d3"/>
      </object_component>
      <object_component id="oc-352">
         <name>.const:g_pui32GPIOBaseAddrs</name>
         <load_address>0x2684</load_address>
         <run_address>0x2684</run_address>
         <size>0x90</size>
         <input_file_ref idref="fl-dd"/>
      </object_component>
      <object_component id="oc-36e">
         <name>.const</name>
         <load_address>0x2714</load_address>
         <run_address>0x2714</run_address>
         <size>0x70</size>
         <input_file_ref idref="fl-de"/>
      </object_component>
      <object_component id="oc-365">
         <name>.const:g_pui32Xtals</name>
         <load_address>0x2784</load_address>
         <run_address>0x2784</run_address>
         <size>0x6c</size>
         <input_file_ref idref="fl-df"/>
      </object_component>
      <object_component id="oc-369">
         <name>.const</name>
         <load_address>0x27f0</load_address>
         <run_address>0x27f0</run_address>
         <size>0x20</size>
         <input_file_ref idref="fl-dc"/>
      </object_component>
      <object_component id="oc-294">
         <name>.const:g_ui32UARTBase</name>
         <load_address>0x2810</load_address>
         <run_address>0x2810</run_address>
         <size>0xc</size>
         <input_file_ref idref="fl-e"/>
      </object_component>
      <object_component id="oc-291">
         <name>.const:g_ui32UARTPeriph</name>
         <load_address>0x281c</load_address>
         <run_address>0x281c</run_address>
         <size>0xc</size>
         <input_file_ref idref="fl-e"/>
      </object_component>
      <object_component id="oc-a3">
         <name>.const</name>
         <load_address>0x2828</load_address>
         <run_address>0x2828</run_address>
         <size>0x4</size>
         <input_file_ref idref="fl-b"/>
      </object_component>
      <object_component id="oc-490">
         <name>.cinit..data.load</name>
         <load_address>0x2830</load_address>
         <run_address>0x2830</run_address>
         <size>0x1e</size>
      </object_component>
      <object_component id="oc-48e">
         <name>__TI_handler_table</name>
         <load_address>0x2850</load_address>
         <run_address>0x2850</run_address>
         <size>0xc</size>
      </object_component>
      <object_component id="oc-491">
         <name>.cinit..bss.load</name>
         <load_address>0x2860</load_address>
         <run_address>0x2860</run_address>
         <size>0x8</size>
      </object_component>
      <object_component id="oc-48f">
         <name>__TI_cinit_table</name>
         <load_address>0x2868</load_address>
         <run_address>0x2868</run_address>
         <size>0x10</size>
      </object_component>
      <object_component id="oc-c6">
         <name>.data</name>
         <load_address>0x2000795d</load_address>
         <run_address>0x2000795d</run_address>
         <size>0x2</size>
         <input_file_ref idref="fl-2"/>
      </object_component>
      <object_component id="oc-22c">
         <name>.data:g_pui32Colors</name>
         <load_address>0x2000793c</load_address>
         <run_address>0x2000793c</run_address>
         <size>0xc</size>
         <input_file_ref idref="fl-4"/>
      </object_component>
      <object_component id="oc-310">
         <name>.data</name>
         <load_address>0x20007964</load_address>
         <run_address>0x20007964</run_address>
         <size>0x4</size>
         <input_file_ref idref="fl-7"/>
      </object_component>
      <object_component id="oc-a0">
         <name>.data</name>
         <load_address>0x20007900</load_address>
         <run_address>0x20007900</run_address>
         <size>0x30</size>
         <input_file_ref idref="fl-a"/>
      </object_component>
      <object_component id="oc-38d">
         <name>.data</name>
         <load_address>0x20007960</load_address>
         <run_address>0x20007960</run_address>
         <size>0x4</size>
         <input_file_ref idref="fl-b"/>
      </object_component>
      <object_component id="oc-2be">
         <name>.data</name>
         <load_address>0x20007950</load_address>
         <run_address>0x20007950</run_address>
         <size>0x8</size>
         <input_file_ref idref="fl-d"/>
      </object_component>
      <object_component id="oc-297">
         <name>.data</name>
         <load_address>0x20007958</load_address>
         <run_address>0x20007958</run_address>
         <size>0x5</size>
         <input_file_ref idref="fl-e"/>
      </object_component>
      <object_component id="oc-ff">
         <name>.data:$O1$$</name>
         <load_address>0x20007930</load_address>
         <run_address>0x20007930</run_address>
         <size>0xc</size>
         <input_file_ref idref="fl-ce"/>
      </object_component>
      <object_component id="oc-98">
         <name>.data</name>
         <load_address>0x20007968</load_address>
         <run_address>0x20007968</run_address>
         <size>0x4</size>
         <input_file_ref idref="fl-d4"/>
      </object_component>
      <object_component id="oc-102">
         <name>.data:$O1$$</name>
         <load_address>0x20007948</load_address>
         <run_address>0x20007948</run_address>
         <size>0x8</size>
         <input_file_ref idref="fl-d6"/>
      </object_component>
      <object_component id="oc-313">
         <name>.bss:g_ui32Colors</name>
         <uninitialized>true</uninitialized>
         <run_address>0x200076d4</run_address>
         <size>0xc</size>
         <input_file_ref idref="fl-7"/>
      </object_component>
      <object_component id="oc-11b">
         <name>.bss:pxReadyTasksLists</name>
         <uninitialized>true</uninitialized>
         <run_address>0x20007530</run_address>
         <size>0x140</size>
         <input_file_ref idref="fl-a"/>
      </object_component>
      <object_component id="oc-401">
         <name>.bss:xDelayedTaskList1</name>
         <uninitialized>true</uninitialized>
         <run_address>0x20007670</run_address>
         <size>0x14</size>
         <input_file_ref idref="fl-a"/>
      </object_component>
      <object_component id="oc-404">
         <name>.bss:xDelayedTaskList2</name>
         <uninitialized>true</uninitialized>
         <run_address>0x20007684</run_address>
         <size>0x14</size>
         <input_file_ref idref="fl-a"/>
      </object_component>
      <object_component id="oc-131">
         <name>.bss</name>
         <uninitialized>true</uninitialized>
         <run_address>0x200076e0</run_address>
         <size>0x8</size>
         <input_file_ref idref="fl-a"/>
      </object_component>
      <object_component id="oc-3af">
         <name>.bss:xPendingReadyList</name>
         <uninitialized>true</uninitialized>
         <run_address>0x20007698</run_address>
         <size>0x14</size>
         <input_file_ref idref="fl-a"/>
      </object_component>
      <object_component id="oc-407">
         <name>.bss:xTasksWaitingTermination</name>
         <uninitialized>true</uninitialized>
         <run_address>0x200076c0</run_address>
         <size>0x14</size>
         <input_file_ref idref="fl-a"/>
      </object_component>
      <object_component id="oc-3d8">
         <name>.bss:xSuspendedTaskList</name>
         <uninitialized>true</uninitialized>
         <run_address>0x200076ac</run_address>
         <size>0x14</size>
         <input_file_ref idref="fl-a"/>
      </object_component>
      <object_component id="oc-3ab">
         <name>.bss:ucHeap</name>
         <uninitialized>true</uninitialized>
         <run_address>0x20000000</run_address>
         <size>0x7530</size>
         <input_file_ref idref="fl-d"/>
      </object_component>
      <object_component id="oc-2c1">
         <name>.bss:xStart</name>
         <uninitialized>true</uninitialized>
         <run_address>0x200076f0</run_address>
         <size>0x8</size>
         <input_file_ref idref="fl-d"/>
      </object_component>
      <object_component id="oc-2c4">
         <name>.bss:xEnd</name>
         <uninitialized>true</uninitialized>
         <run_address>0x200076e8</run_address>
         <size>0x8</size>
         <input_file_ref idref="fl-d"/>
      </object_component>
      <object_component id="oc-17b">
         <name>.common:g_pUARTSemaphore</name>
         <uninitialized>true</uninitialized>
         <run_address>0x200076fc</run_address>
         <size>0x4</size>
      </object_component>
      <object_component id="oc-22f">
         <name>.common:g_pLEDQueue</name>
         <uninitialized>true</uninitialized>
         <run_address>0x200076f8</run_address>
         <size>0x4</size>
      </object_component>
      <object_component id="oc-2a">
         <name>.stack</name>
         <uninitialized>true</uninitialized>
         <run_address>0x20007700</run_address>
         <size>0x0</size>
         <input_file_ref idref="fl-ca"/>
      </object_component>
      <object_component id="oc-492">
         <name>.stack</name>
         <uninitialized>true</uninitialized>
         <run_address>0x20007700</run_address>
         <size>0x0</size>
      </object_component>
      <object_component id="oc-140">
         <name>.debug_info</name>
         <load_address>0x0</load_address>
         <run_address>0x0</run_address>
         <size>0x51c</size>
         <input_file_ref idref="fl-2"/>
      </object_component>
      <object_component id="oc-c7">
         <name>.debug_info</name>
         <load_address>0x51c</load_address>
         <run_address>0x51c</run_address>
         <size>0xeb</size>
         <input_file_ref idref="fl-2"/>
      </object_component>
      <object_component id="oc-171">
         <name>.debug_info</name>
         <load_address>0x607</load_address>
         <run_address>0x607</run_address>
         <size>0x200</size>
         <input_file_ref idref="fl-2"/>
      </object_component>
      <object_component id="oc-270">
         <name>.debug_info</name>
         <load_address>0x807</load_address>
         <run_address>0x807</run_address>
         <size>0x1d0</size>
         <input_file_ref idref="fl-2"/>
      </object_component>
      <object_component id="oc-4f">
         <name>.debug_info</name>
         <load_address>0x9d7</load_address>
         <run_address>0x9d7</run_address>
         <size>0x155</size>
         <input_file_ref idref="fl-2"/>
      </object_component>
      <object_component id="oc-19b">
         <name>.debug_info</name>
         <load_address>0xb2c</load_address>
         <run_address>0xb2c</run_address>
         <size>0x2ef</size>
         <input_file_ref idref="fl-2"/>
      </object_component>
      <object_component id="oc-1c3">
         <name>.debug_info</name>
         <load_address>0xe1b</load_address>
         <run_address>0xe1b</run_address>
         <size>0x1b3</size>
         <input_file_ref idref="fl-2"/>
      </object_component>
      <object_component id="oc-141">
         <name>.debug_info</name>
         <load_address>0xfce</load_address>
         <run_address>0xfce</run_address>
         <size>0x8b</size>
         <input_file_ref idref="fl-2"/>
      </object_component>
      <object_component id="oc-1c8">
         <name>.debug_info</name>
         <load_address>0x1059</load_address>
         <run_address>0x1059</run_address>
         <size>0x46</size>
         <input_file_ref idref="fl-2"/>
      </object_component>
      <object_component id="oc-285">
         <name>.debug_info</name>
         <load_address>0x109f</load_address>
         <run_address>0x109f</run_address>
         <size>0x2c</size>
         <input_file_ref idref="fl-2"/>
      </object_component>
      <object_component id="oc-1a0">
         <name>.debug_info</name>
         <load_address>0x10cb</load_address>
         <run_address>0x10cb</run_address>
         <size>0x2c</size>
         <input_file_ref idref="fl-2"/>
      </object_component>
      <object_component id="oc-ca">
         <name>.debug_info</name>
         <load_address>0x10f7</load_address>
         <run_address>0x10f7</run_address>
         <size>0x18b</size>
         <input_file_ref idref="fl-2"/>
      </object_component>
      <object_component id="oc-10d">
         <name>.debug_info</name>
         <load_address>0x1282</load_address>
         <run_address>0x1282</run_address>
         <size>0x53</size>
         <input_file_ref idref="fl-2"/>
      </object_component>
      <object_component id="oc-1ee">
         <name>.debug_info</name>
         <load_address>0x12d5</load_address>
         <run_address>0x12d5</run_address>
         <size>0x4e</size>
         <input_file_ref idref="fl-2"/>
      </object_component>
      <object_component id="oc-1aa">
         <name>.debug_info</name>
         <load_address>0x1323</load_address>
         <run_address>0x1323</run_address>
         <size>0x14c</size>
         <input_file_ref idref="fl-2"/>
      </object_component>
      <object_component id="oc-17c">
         <name>.debug_info</name>
         <load_address>0x146f</load_address>
         <run_address>0x146f</run_address>
         <size>0x296</size>
         <input_file_ref idref="fl-3"/>
      </object_component>
      <object_component id="oc-116">
         <name>.debug_info</name>
         <load_address>0x1705</load_address>
         <run_address>0x1705</run_address>
         <size>0x15b</size>
         <input_file_ref idref="fl-3"/>
      </object_component>
      <object_component id="oc-158">
         <name>.debug_info</name>
         <load_address>0x1860</load_address>
         <run_address>0x1860</run_address>
         <size>0x161</size>
         <input_file_ref idref="fl-3"/>
      </object_component>
      <object_component id="oc-f8">
         <name>.debug_info</name>
         <load_address>0x19c1</load_address>
         <run_address>0x19c1</run_address>
         <size>0x17d</size>
         <input_file_ref idref="fl-3"/>
      </object_component>
      <object_component id="oc-5d">
         <name>.debug_info</name>
         <load_address>0x1b3e</load_address>
         <run_address>0x1b3e</run_address>
         <size>0x84</size>
         <input_file_ref idref="fl-3"/>
      </object_component>
      <object_component id="oc-230">
         <name>.debug_info</name>
         <load_address>0x1bc2</load_address>
         <run_address>0x1bc2</run_address>
         <size>0x396</size>
         <input_file_ref idref="fl-4"/>
      </object_component>
      <object_component id="oc-22d">
         <name>.debug_info</name>
         <load_address>0x1f58</load_address>
         <run_address>0x1f58</run_address>
         <size>0xcd</size>
         <input_file_ref idref="fl-4"/>
      </object_component>
      <object_component id="oc-16a">
         <name>.debug_info</name>
         <load_address>0x2025</load_address>
         <run_address>0x2025</run_address>
         <size>0x17a</size>
         <input_file_ref idref="fl-4"/>
      </object_component>
      <object_component id="oc-234">
         <name>.debug_info</name>
         <load_address>0x219f</load_address>
         <run_address>0x219f</run_address>
         <size>0x1b6</size>
         <input_file_ref idref="fl-4"/>
      </object_component>
      <object_component id="oc-56">
         <name>.debug_info</name>
         <load_address>0x2355</load_address>
         <run_address>0x2355</run_address>
         <size>0x186</size>
         <input_file_ref idref="fl-5"/>
      </object_component>
      <object_component id="oc-10">
         <name>.debug_info</name>
         <load_address>0x24db</load_address>
         <run_address>0x24db</run_address>
         <size>0xcf</size>
         <input_file_ref idref="fl-5"/>
      </object_component>
      <object_component id="oc-2c">
         <name>.debug_info</name>
         <load_address>0x25aa</load_address>
         <run_address>0x25aa</run_address>
         <size>0xff</size>
         <input_file_ref idref="fl-5"/>
      </object_component>
      <object_component id="oc-33">
         <name>.debug_info</name>
         <load_address>0x26a9</load_address>
         <run_address>0x26a9</run_address>
         <size>0xed</size>
         <input_file_ref idref="fl-5"/>
      </object_component>
      <object_component id="oc-40">
         <name>.debug_info</name>
         <load_address>0x2796</load_address>
         <run_address>0x2796</run_address>
         <size>0x108</size>
         <input_file_ref idref="fl-5"/>
      </object_component>
      <object_component id="oc-3a">
         <name>.debug_info</name>
         <load_address>0x289e</load_address>
         <run_address>0x289e</run_address>
         <size>0xf4</size>
         <input_file_ref idref="fl-5"/>
      </object_component>
      <object_component id="oc-30f">
         <name>.debug_info</name>
         <load_address>0x2992</load_address>
         <run_address>0x2992</run_address>
         <size>0x135</size>
         <input_file_ref idref="fl-7"/>
      </object_component>
      <object_component id="oc-314">
         <name>.debug_info</name>
         <load_address>0x2ac7</load_address>
         <run_address>0x2ac7</run_address>
         <size>0x10b</size>
         <input_file_ref idref="fl-7"/>
      </object_component>
      <object_component id="oc-311">
         <name>.debug_info</name>
         <load_address>0x2bd2</load_address>
         <run_address>0x2bd2</run_address>
         <size>0x10b</size>
         <input_file_ref idref="fl-7"/>
      </object_component>
      <object_component id="oc-217">
         <name>.debug_info</name>
         <load_address>0x2cdd</load_address>
         <run_address>0x2cdd</run_address>
         <size>0x213</size>
         <input_file_ref idref="fl-7"/>
      </object_component>
      <object_component id="oc-20f">
         <name>.debug_info</name>
         <load_address>0x2ef0</load_address>
         <run_address>0x2ef0</run_address>
         <size>0x210</size>
         <input_file_ref idref="fl-7"/>
      </object_component>
      <object_component id="oc-309">
         <name>.debug_info</name>
         <load_address>0x3100</load_address>
         <run_address>0x3100</run_address>
         <size>0x20c</size>
         <input_file_ref idref="fl-7"/>
      </object_component>
      <object_component id="oc-20a">
         <name>.debug_info</name>
         <load_address>0x330c</load_address>
         <run_address>0x330c</run_address>
         <size>0x24b</size>
         <input_file_ref idref="fl-7"/>
      </object_component>
      <object_component id="oc-21c">
         <name>.debug_info</name>
         <load_address>0x3557</load_address>
         <run_address>0x3557</run_address>
         <size>0x1e4</size>
         <input_file_ref idref="fl-7"/>
      </object_component>
      <object_component id="oc-1bb">
         <name>.debug_info</name>
         <load_address>0x373b</load_address>
         <run_address>0x373b</run_address>
         <size>0x147</size>
         <input_file_ref idref="fl-8"/>
      </object_component>
      <object_component id="oc-12d">
         <name>.debug_info</name>
         <load_address>0x3882</load_address>
         <run_address>0x3882</run_address>
         <size>0x22e</size>
         <input_file_ref idref="fl-8"/>
      </object_component>
      <object_component id="oc-3ce">
         <name>.debug_info</name>
         <load_address>0x3ab0</load_address>
         <run_address>0x3ab0</run_address>
         <size>0x259</size>
         <input_file_ref idref="fl-8"/>
      </object_component>
      <object_component id="oc-3f5">
         <name>.debug_info</name>
         <load_address>0x3d09</load_address>
         <run_address>0x3d09</run_address>
         <size>0x1db</size>
         <input_file_ref idref="fl-8"/>
      </object_component>
      <object_component id="oc-1fb">
         <name>.debug_info</name>
         <load_address>0x3ee4</load_address>
         <run_address>0x3ee4</run_address>
         <size>0x1d3</size>
         <input_file_ref idref="fl-8"/>
      </object_component>
      <object_component id="oc-127">
         <name>.debug_info</name>
         <load_address>0x40b7</load_address>
         <run_address>0x40b7</run_address>
         <size>0x206</size>
         <input_file_ref idref="fl-8"/>
      </object_component>
      <object_component id="oc-1af">
         <name>.debug_info</name>
         <load_address>0x42bd</load_address>
         <run_address>0x42bd</run_address>
         <size>0x110</size>
         <input_file_ref idref="fl-8"/>
      </object_component>
      <object_component id="oc-206">
         <name>.debug_info</name>
         <load_address>0x43cd</load_address>
         <run_address>0x43cd</run_address>
         <size>0x604</size>
         <input_file_ref idref="fl-9"/>
      </object_component>
      <object_component id="oc-2e5">
         <name>.debug_info</name>
         <load_address>0x49d1</load_address>
         <run_address>0x49d1</run_address>
         <size>0x2a8</size>
         <input_file_ref idref="fl-9"/>
      </object_component>
      <object_component id="oc-40f">
         <name>.debug_info</name>
         <load_address>0x4c79</load_address>
         <run_address>0x4c79</run_address>
         <size>0x228</size>
         <input_file_ref idref="fl-9"/>
      </object_component>
      <object_component id="oc-41b">
         <name>.debug_info</name>
         <load_address>0x4ea1</load_address>
         <run_address>0x4ea1</run_address>
         <size>0x225</size>
         <input_file_ref idref="fl-9"/>
      </object_component>
      <object_component id="oc-346">
         <name>.debug_info</name>
         <load_address>0x50c6</load_address>
         <run_address>0x50c6</run_address>
         <size>0x551</size>
         <input_file_ref idref="fl-9"/>
      </object_component>
      <object_component id="oc-2eb">
         <name>.debug_info</name>
         <load_address>0x5617</load_address>
         <run_address>0x5617</run_address>
         <size>0x226</size>
         <input_file_ref idref="fl-9"/>
      </object_component>
      <object_component id="oc-2f7">
         <name>.debug_info</name>
         <load_address>0x583d</load_address>
         <run_address>0x583d</run_address>
         <size>0x28e</size>
         <input_file_ref idref="fl-9"/>
      </object_component>
      <object_component id="oc-202">
         <name>.debug_info</name>
         <load_address>0x5acb</load_address>
         <run_address>0x5acb</run_address>
         <size>0x4c1</size>
         <input_file_ref idref="fl-9"/>
      </object_component>
      <object_component id="oc-31c">
         <name>.debug_info</name>
         <load_address>0x5f8c</load_address>
         <run_address>0x5f8c</run_address>
         <size>0x2ac</size>
         <input_file_ref idref="fl-9"/>
      </object_component>
      <object_component id="oc-223">
         <name>.debug_info</name>
         <load_address>0x6238</load_address>
         <run_address>0x6238</run_address>
         <size>0x30a</size>
         <input_file_ref idref="fl-9"/>
      </object_component>
      <object_component id="oc-166">
         <name>.debug_info</name>
         <load_address>0x6542</load_address>
         <run_address>0x6542</run_address>
         <size>0x269</size>
         <input_file_ref idref="fl-9"/>
      </object_component>
      <object_component id="oc-303">
         <name>.debug_info</name>
         <load_address>0x67ab</load_address>
         <run_address>0x67ab</run_address>
         <size>0x1cd</size>
         <input_file_ref idref="fl-9"/>
      </object_component>
      <object_component id="oc-10c">
         <name>.debug_info</name>
         <load_address>0x6978</load_address>
         <run_address>0x6978</run_address>
         <size>0x5e1</size>
         <input_file_ref idref="fl-a"/>
      </object_component>
      <object_component id="oc-a1">
         <name>.debug_info</name>
         <load_address>0x6f59</load_address>
         <run_address>0x6f59</run_address>
         <size>0x311</size>
         <input_file_ref idref="fl-a"/>
      </object_component>
      <object_component id="oc-11c">
         <name>.debug_info</name>
         <load_address>0x726a</load_address>
         <run_address>0x726a</run_address>
         <size>0x10d</size>
         <input_file_ref idref="fl-a"/>
      </object_component>
      <object_component id="oc-402">
         <name>.debug_info</name>
         <load_address>0x7377</load_address>
         <run_address>0x7377</run_address>
         <size>0x10d</size>
         <input_file_ref idref="fl-a"/>
      </object_component>
      <object_component id="oc-405">
         <name>.debug_info</name>
         <load_address>0x7484</load_address>
         <run_address>0x7484</run_address>
         <size>0x10d</size>
         <input_file_ref idref="fl-a"/>
      </object_component>
      <object_component id="oc-132">
         <name>.debug_info</name>
         <load_address>0x7591</load_address>
         <run_address>0x7591</run_address>
         <size>0x14f</size>
         <input_file_ref idref="fl-a"/>
      </object_component>
      <object_component id="oc-3b0">
         <name>.debug_info</name>
         <load_address>0x76e0</load_address>
         <run_address>0x76e0</run_address>
         <size>0x10d</size>
         <input_file_ref idref="fl-a"/>
      </object_component>
      <object_component id="oc-408">
         <name>.debug_info</name>
         <load_address>0x77ed</load_address>
         <run_address>0x77ed</run_address>
         <size>0x11b</size>
         <input_file_ref idref="fl-a"/>
      </object_component>
      <object_component id="oc-3d9">
         <name>.debug_info</name>
         <load_address>0x7908</load_address>
         <run_address>0x7908</run_address>
         <size>0x10f</size>
         <input_file_ref idref="fl-a"/>
      </object_component>
      <object_component id="oc-120">
         <name>.debug_info</name>
         <load_address>0x7a17</load_address>
         <run_address>0x7a17</run_address>
         <size>0x1d9</size>
         <input_file_ref idref="fl-a"/>
      </object_component>
      <object_component id="oc-ae">
         <name>.debug_info</name>
         <load_address>0x7bf0</load_address>
         <run_address>0x7bf0</run_address>
         <size>0x2a9</size>
         <input_file_ref idref="fl-a"/>
      </object_component>
      <object_component id="oc-2b9">
         <name>.debug_info</name>
         <load_address>0x7e99</load_address>
         <run_address>0x7e99</run_address>
         <size>0x271</size>
         <input_file_ref idref="fl-a"/>
      </object_component>
      <object_component id="oc-2fb">
         <name>.debug_info</name>
         <load_address>0x810a</load_address>
         <run_address>0x810a</run_address>
         <size>0x27a</size>
         <input_file_ref idref="fl-a"/>
      </object_component>
      <object_component id="oc-3dd">
         <name>.debug_info</name>
         <load_address>0x8384</load_address>
         <run_address>0x8384</run_address>
         <size>0x25b</size>
         <input_file_ref idref="fl-a"/>
      </object_component>
      <object_component id="oc-3d3">
         <name>.debug_info</name>
         <load_address>0x85df</load_address>
         <run_address>0x85df</run_address>
         <size>0x234</size>
         <input_file_ref idref="fl-a"/>
      </object_component>
      <object_component id="oc-33e">
         <name>.debug_info</name>
         <load_address>0x8813</load_address>
         <run_address>0x8813</run_address>
         <size>0x1cc</size>
         <input_file_ref idref="fl-a"/>
      </object_component>
      <object_component id="oc-321">
         <name>.debug_info</name>
         <load_address>0x89df</load_address>
         <run_address>0x89df</run_address>
         <size>0x2bf</size>
         <input_file_ref idref="fl-a"/>
      </object_component>
      <object_component id="oc-327">
         <name>.debug_info</name>
         <load_address>0x8c9e</load_address>
         <run_address>0x8c9e</run_address>
         <size>0x2bb</size>
         <input_file_ref idref="fl-a"/>
      </object_component>
      <object_component id="oc-333">
         <name>.debug_info</name>
         <load_address>0x8f59</load_address>
         <run_address>0x8f59</run_address>
         <size>0x240</size>
         <input_file_ref idref="fl-a"/>
      </object_component>
      <object_component id="oc-227">
         <name>.debug_info</name>
         <load_address>0x9199</load_address>
         <run_address>0x9199</run_address>
         <size>0x477</size>
         <input_file_ref idref="fl-a"/>
      </object_component>
      <object_component id="oc-2cb">
         <name>.debug_info</name>
         <load_address>0x9610</load_address>
         <run_address>0x9610</run_address>
         <size>0x1ef</size>
         <input_file_ref idref="fl-a"/>
      </object_component>
      <object_component id="oc-2dd">
         <name>.debug_info</name>
         <load_address>0x97ff</load_address>
         <run_address>0x97ff</run_address>
         <size>0x2c3</size>
         <input_file_ref idref="fl-a"/>
      </object_component>
      <object_component id="oc-a7">
         <name>.debug_info</name>
         <load_address>0x9ac2</load_address>
         <run_address>0x9ac2</run_address>
         <size>0x23a</size>
         <input_file_ref idref="fl-a"/>
      </object_component>
      <object_component id="oc-2ad">
         <name>.debug_info</name>
         <load_address>0x9cfc</load_address>
         <run_address>0x9cfc</run_address>
         <size>0x1af</size>
         <input_file_ref idref="fl-a"/>
      </object_component>
      <object_component id="oc-176">
         <name>.debug_info</name>
         <load_address>0x9eab</load_address>
         <run_address>0x9eab</run_address>
         <size>0x1ea</size>
         <input_file_ref idref="fl-a"/>
      </object_component>
      <object_component id="oc-413">
         <name>.debug_info</name>
         <load_address>0xa095</load_address>
         <run_address>0xa095</run_address>
         <size>0x240</size>
         <input_file_ref idref="fl-a"/>
      </object_component>
      <object_component id="oc-2f0">
         <name>.debug_info</name>
         <load_address>0xa2d5</load_address>
         <run_address>0xa2d5</run_address>
         <size>0x2a0</size>
         <input_file_ref idref="fl-a"/>
      </object_component>
      <object_component id="oc-3c6">
         <name>.debug_info</name>
         <load_address>0xa575</load_address>
         <run_address>0xa575</run_address>
         <size>0x1b1</size>
         <input_file_ref idref="fl-a"/>
      </object_component>
      <object_component id="oc-34b">
         <name>.debug_info</name>
         <load_address>0xa726</load_address>
         <run_address>0xa726</run_address>
         <size>0x31d</size>
         <input_file_ref idref="fl-a"/>
      </object_component>
      <object_component id="oc-382">
         <name>.debug_info</name>
         <load_address>0xaa43</load_address>
         <run_address>0xaa43</run_address>
         <size>0x26d</size>
         <input_file_ref idref="fl-a"/>
      </object_component>
      <object_component id="oc-420">
         <name>.debug_info</name>
         <load_address>0xacb0</load_address>
         <run_address>0xacb0</run_address>
         <size>0x1cf</size>
         <input_file_ref idref="fl-a"/>
      </object_component>
      <object_component id="oc-44f">
         <name>.debug_info</name>
         <load_address>0xae7f</load_address>
         <run_address>0xae7f</run_address>
         <size>0x1ee</size>
         <input_file_ref idref="fl-a"/>
      </object_component>
      <object_component id="oc-393">
         <name>.debug_info</name>
         <load_address>0xb06d</load_address>
         <run_address>0xb06d</run_address>
         <size>0x284</size>
         <input_file_ref idref="fl-a"/>
      </object_component>
      <object_component id="oc-27e">
         <name>.debug_info</name>
         <load_address>0xb2f1</load_address>
         <run_address>0xb2f1</run_address>
         <size>0x1e7</size>
         <input_file_ref idref="fl-a"/>
      </object_component>
      <object_component id="oc-196">
         <name>.debug_info</name>
         <load_address>0xb4d8</load_address>
         <run_address>0xb4d8</run_address>
         <size>0x169</size>
         <input_file_ref idref="fl-a"/>
      </object_component>
      <object_component id="oc-1a5">
         <name>.debug_info</name>
         <load_address>0xb641</load_address>
         <run_address>0xb641</run_address>
         <size>0x46</size>
         <input_file_ref idref="fl-a"/>
      </object_component>
      <object_component id="oc-114">
         <name>.debug_info</name>
         <load_address>0xb687</load_address>
         <run_address>0xb687</run_address>
         <size>0x227</size>
         <input_file_ref idref="fl-b"/>
      </object_component>
      <object_component id="oc-a4">
         <name>.debug_info</name>
         <load_address>0xb8ae</load_address>
         <run_address>0xb8ae</run_address>
         <size>0x13b</size>
         <input_file_ref idref="fl-b"/>
      </object_component>
      <object_component id="oc-38e">
         <name>.debug_info</name>
         <load_address>0xb9e9</load_address>
         <run_address>0xb9e9</run_address>
         <size>0x122</size>
         <input_file_ref idref="fl-b"/>
      </object_component>
      <object_component id="oc-49">
         <name>.debug_info</name>
         <load_address>0xbb0b</load_address>
         <run_address>0xbb0b</run_address>
         <size>0x20f</size>
         <input_file_ref idref="fl-b"/>
      </object_component>
      <object_component id="oc-388">
         <name>.debug_info</name>
         <load_address>0xbd1a</load_address>
         <run_address>0xbd1a</run_address>
         <size>0x200</size>
         <input_file_ref idref="fl-b"/>
      </object_component>
      <object_component id="oc-277">
         <name>.debug_info</name>
         <load_address>0xbf1a</load_address>
         <run_address>0xbf1a</run_address>
         <size>0x248</size>
         <input_file_ref idref="fl-b"/>
      </object_component>
      <object_component id="oc-2d1">
         <name>.debug_info</name>
         <load_address>0xc162</load_address>
         <run_address>0xc162</run_address>
         <size>0x1f2</size>
         <input_file_ref idref="fl-b"/>
      </object_component>
      <object_component id="oc-2d7">
         <name>.debug_info</name>
         <load_address>0xc354</load_address>
         <run_address>0xc354</run_address>
         <size>0x1f4</size>
         <input_file_ref idref="fl-b"/>
      </object_component>
      <object_component id="oc-32d">
         <name>.debug_info</name>
         <load_address>0xc548</load_address>
         <run_address>0xc548</run_address>
         <size>0x2a9</size>
         <input_file_ref idref="fl-b"/>
      </object_component>
      <object_component id="oc-3fb">
         <name>.debug_info</name>
         <load_address>0xc7f1</load_address>
         <run_address>0xc7f1</run_address>
         <size>0x1e2</size>
         <input_file_ref idref="fl-b"/>
      </object_component>
      <object_component id="oc-46">
         <name>.debug_info</name>
         <load_address>0xc9d3</load_address>
         <run_address>0xc9d3</run_address>
         <size>0x273</size>
         <input_file_ref idref="fl-c"/>
      </object_component>
      <object_component id="oc-2c8">
         <name>.debug_info</name>
         <load_address>0xcc46</load_address>
         <run_address>0xcc46</run_address>
         <size>0x1f5</size>
         <input_file_ref idref="fl-d"/>
      </object_component>
      <object_component id="oc-3ac">
         <name>.debug_info</name>
         <load_address>0xce3b</load_address>
         <run_address>0xce3b</run_address>
         <size>0x109</size>
         <input_file_ref idref="fl-d"/>
      </object_component>
      <object_component id="oc-2c2">
         <name>.debug_info</name>
         <load_address>0xcf44</load_address>
         <run_address>0xcf44</run_address>
         <size>0x109</size>
         <input_file_ref idref="fl-d"/>
      </object_component>
      <object_component id="oc-2c5">
         <name>.debug_info</name>
         <load_address>0xd04d</load_address>
         <run_address>0xd04d</run_address>
         <size>0x105</size>
         <input_file_ref idref="fl-d"/>
      </object_component>
      <object_component id="oc-2bf">
         <name>.debug_info</name>
         <load_address>0xd152</load_address>
         <run_address>0xd152</run_address>
         <size>0x123</size>
         <input_file_ref idref="fl-d"/>
      </object_component>
      <object_component id="oc-3ed">
         <name>.debug_info</name>
         <load_address>0xd275</load_address>
         <run_address>0xd275</run_address>
         <size>0x27a</size>
         <input_file_ref idref="fl-d"/>
      </object_component>
      <object_component id="oc-2b3">
         <name>.debug_info</name>
         <load_address>0xd4ef</load_address>
         <run_address>0xd4ef</run_address>
         <size>0x1dc</size>
         <input_file_ref idref="fl-d"/>
      </object_component>
      <object_component id="oc-1f4">
         <name>.debug_info</name>
         <load_address>0xd6cb</load_address>
         <run_address>0xd6cb</run_address>
         <size>0x34e</size>
         <input_file_ref idref="fl-d"/>
      </object_component>
      <object_component id="oc-3b7">
         <name>.debug_info</name>
         <load_address>0xda19</load_address>
         <run_address>0xda19</run_address>
         <size>0x62</size>
         <input_file_ref idref="fl-d"/>
      </object_component>
      <object_component id="oc-1ed">
         <name>.debug_info</name>
         <load_address>0xda7b</load_address>
         <run_address>0xda7b</run_address>
         <size>0x106</size>
         <input_file_ref idref="fl-e"/>
      </object_component>
      <object_component id="oc-298">
         <name>.debug_info</name>
         <load_address>0xdb81</load_address>
         <run_address>0xdb81</run_address>
         <size>0xed</size>
         <input_file_ref idref="fl-e"/>
      </object_component>
      <object_component id="oc-295">
         <name>.debug_info</name>
         <load_address>0xdc6e</load_address>
         <run_address>0xdc6e</run_address>
         <size>0xf5</size>
         <input_file_ref idref="fl-e"/>
      </object_component>
      <object_component id="oc-292">
         <name>.debug_info</name>
         <load_address>0xdd63</load_address>
         <run_address>0xdd63</run_address>
         <size>0xf9</size>
         <input_file_ref idref="fl-e"/>
      </object_component>
      <object_component id="oc-2a0">
         <name>.debug_info</name>
         <load_address>0xde5c</load_address>
         <run_address>0xde5c</run_address>
         <size>0x1e4</size>
         <input_file_ref idref="fl-e"/>
      </object_component>
      <object_component id="oc-1e9">
         <name>.debug_info</name>
         <load_address>0xe040</load_address>
         <run_address>0xe040</run_address>
         <size>0x316</size>
         <input_file_ref idref="fl-e"/>
      </object_component>
      <object_component id="oc-160">
         <name>.debug_info</name>
         <load_address>0xe356</load_address>
         <run_address>0xe356</run_address>
         <size>0x1b1</size>
         <input_file_ref idref="fl-e"/>
      </object_component>
      <object_component id="oc-29a">
         <name>.debug_info</name>
         <load_address>0xe507</load_address>
         <run_address>0xe507</run_address>
         <size>0x22f</size>
         <input_file_ref idref="fl-e"/>
      </object_component>
      <object_component id="oc-1e2">
         <name>.debug_info</name>
         <load_address>0xe736</load_address>
         <run_address>0xe736</run_address>
         <size>0x247</size>
         <input_file_ref idref="fl-e"/>
      </object_component>
      <object_component id="oc-27">
         <name>.debug_info</name>
         <load_address>0xe97d</load_address>
         <run_address>0xe97d</run_address>
         <size>0x160</size>
         <input_file_ref idref="fl-ca"/>
      </object_component>
      <object_component id="oc-d6">
         <name>.debug_info</name>
         <load_address>0xeadd</load_address>
         <run_address>0xeadd</run_address>
         <size>0xf9</size>
         <input_file_ref idref="fl-cb"/>
      </object_component>
      <object_component id="oc-14">
         <name>.debug_info</name>
         <load_address>0xebd6</load_address>
         <run_address>0xebd6</run_address>
         <size>0x245</size>
         <input_file_ref idref="fl-cb"/>
      </object_component>
      <object_component id="oc-58">
         <name>.debug_info</name>
         <load_address>0xee1b</load_address>
         <run_address>0xee1b</run_address>
         <size>0x60</size>
         <input_file_ref idref="fl-cb"/>
      </object_component>
      <object_component id="oc-d1">
         <name>.debug_info</name>
         <load_address>0xee7b</load_address>
         <run_address>0xee7b</run_address>
         <size>0x46</size>
         <input_file_ref idref="fl-cb"/>
      </object_component>
      <object_component id="oc-6d">
         <name>.debug_info</name>
         <load_address>0xeec1</load_address>
         <run_address>0xeec1</run_address>
         <size>0x140</size>
         <input_file_ref idref="fl-cc"/>
      </object_component>
      <object_component id="oc-19">
         <name>.debug_info</name>
         <load_address>0xf001</load_address>
         <run_address>0xf001</run_address>
         <size>0x1df</size>
         <input_file_ref idref="fl-cc"/>
      </object_component>
      <object_component id="oc-68">
         <name>.debug_info</name>
         <load_address>0xf1e0</load_address>
         <run_address>0xf1e0</run_address>
         <size>0x46</size>
         <input_file_ref idref="fl-cc"/>
      </object_component>
      <object_component id="oc-d8">
         <name>.debug_info</name>
         <load_address>0xf226</load_address>
         <run_address>0xf226</run_address>
         <size>0x2c</size>
         <input_file_ref idref="fl-cc"/>
      </object_component>
      <object_component id="oc-79">
         <name>.debug_info</name>
         <load_address>0xf252</load_address>
         <run_address>0xf252</run_address>
         <size>0x12f</size>
         <input_file_ref idref="fl-cd"/>
      </object_component>
      <object_component id="oc-21">
         <name>.debug_info</name>
         <load_address>0xf381</load_address>
         <run_address>0xf381</run_address>
         <size>0x1aa</size>
         <input_file_ref idref="fl-cd"/>
      </object_component>
      <object_component id="oc-74">
         <name>.debug_info</name>
         <load_address>0xf52b</load_address>
         <run_address>0xf52b</run_address>
         <size>0x46</size>
         <input_file_ref idref="fl-cd"/>
      </object_component>
      <object_component id="oc-e0">
         <name>.debug_info</name>
         <load_address>0xf571</load_address>
         <run_address>0xf571</run_address>
         <size>0x2c</size>
         <input_file_ref idref="fl-cd"/>
[...]
         <value>0x2850</value>
      </symbol>
      <symbol id="sm-5">
         <name>__TI_Handler_Table_Limit</name>
         <value>0x285c</value>
      </symbol>
      <symbol id="sm-6">
         <name>binit</name>
         <value>0xffffffff</value>
      </symbol>
      <symbol id="sm-7">
         <name>__binit__</name>
         <value>0xffffffff</value>
      </symbol>
      <symbol id="sm-8">
         <name>__STACK_SIZE</name>
         <value>0x200</value>
      </symbol>
      <symbol id="sm-9">
         <name>__STACK_END</name>
         <value>0x20007900</value>
      </symbol>
      <symbol id="sm-a">
         <name>__c_args__</name>
         <value>0xffffffff</value>
      </symbol>
      <symbol id="sm-b">
         <name>__TI_pprof_out_hndl</name>
         <value>0xffffffff</value>
      </symbol>
      <symbol id="sm-c">
         <name>__TI_prof_data_start</name>
         <value>0xffffffff</value>
      </symbol>
      <symbol id="sm-d">
         <name>__TI_prof_data_size</name>
         <value>0xffffffff</value>
      </symbol>
      <symbol id="sm-97">
         <name>CANIntHandler</name>
         <value>0x2055</value>
         <object_component_ref idref="oc-4e"/>
      </symbol>
      <symbol id="sm-98">
         <name>CANTaskInit</name>
         <value>0x1271</value>
         <object_component_ref idref="oc-16f"/>
      </symbol>
      <symbol id="sm-99">
         <name>g_bRXFlag</name>
         <value>0x2000795d</value>
         <object_component_ref idref="oc-c6"/>
      </symbol>
      <symbol id="sm-9a">
         <name>g_bErrFlag</name>
         <value>0x2000795e</value>
         <object_component_ref idref="oc-c6"/>
      </symbol>
      <symbol id="sm-cc">
         <name>g_pUARTSemaphore</name>
         <value>0x200076fc</value>
      </symbol>
      <symbol id="sm-cd">
         <name>vApplicationStackOverflowHook</name>
         <value>0x259f</value>
         <object_component_ref idref="oc-115"/>
      </symbol>
      <symbol id="sm-ce">
         <name>main</name>
         <value>0x16b5</value>
         <object_component_ref idref="oc-f7"/>
      </symbol>
      <symbol id="sm-cf">
         <name>ConfigureUART</name>
         <value>0x1a91</value>
         <object_component_ref idref="oc-157"/>
      </symbol>
      <symbol id="sm-fa">
         <name>g_pLEDQueue</name>
         <value>0x200076f8</value>
      </symbol>
      <symbol id="sm-fb">
         <name>LEDTaskInit</name>
         <value>0x18ed</value>
         <object_component_ref idref="oc-169"/>
      </symbol>
      <symbol id="sm-12c">
         <name>ResetISR</name>
         <value>0x266f</value>
         <object_component_ref idref="oc-2b"/>
      </symbol>
      <symbol id="sm-12d">
         <name>g_pfnVectors</name>
         <value>0x0</value>
         <object_component_ref idref="oc-f"/>
      </symbol>
      <symbol id="sm-184">
         <name>RGBDisable</name>
         <value>0x19c1</value>
         <object_component_ref idref="oc-21a"/>
      </symbol>
      <symbol id="sm-185">
         <name>RGBIntensitySet</name>
         <value>0x25a1</value>
         <object_component_ref idref="oc-20e"/>
      </symbol>
      <symbol id="sm-186">
         <name>RGBEnable</name>
         <value>0x1069</value>
         <object_component_ref idref="oc-308"/>
      </symbol>
      <symbol id="sm-187">
         <name>RGBInit</name>
         <value>0x9f9</value>
         <object_component_ref idref="oc-208"/>
      </symbol>
      <symbol id="sm-188">
         <name>RGBColorSet</name>
         <value>0x1399</value>
         <object_component_ref idref="oc-214"/>
      </symbol>
      <symbol id="sm-1bd">
         <name>uxListRemove</name>
         <value>0x2485</value>
         <object_component_ref idref="oc-125"/>
      </symbol>
      <symbol id="sm-1be">
         <name>vListInsert</name>
         <value>0x228d</value>
         <object_component_ref idref="oc-3cc"/>
      </symbol>
      <symbol id="sm-1bf">
         <name>vListInitialiseItem</name>
         <value>0x267b</value>
         <object_component_ref idref="oc-3f3"/>
      </symbol>
      <symbol id="sm-1c0">
         <name>vListInsertEnd</name>
         <value>0x2541</value>
         <object_component_ref idref="oc-12b"/>
      </symbol>
      <symbol id="sm-1c1">
         <name>vListInitialise</name>
         <value>0x2589</value>
         <object_component_ref idref="oc-1f9"/>
      </symbol>
      <symbol id="sm-251">
         <name>xQueueGenericCreate</name>
         <value>0x21dd</value>
         <object_component_ref idref="oc-220"/>
      </symbol>
      <symbol id="sm-252">
         <name>xQueueCreateMutex</name>
         <value>0x1f79</value>
         <object_component_ref idref="oc-163"/>
      </symbol>
      <symbol id="sm-253">
         <name>xQueueGenericSend</name>
         <value>0xd05</value>
         <object_component_ref idref="oc-1ff"/>
      </symbol>
      <symbol id="sm-254">
         <name>xQueueGenericReset</name>
         <value>0x1539</value>
         <object_component_ref idref="oc-319"/>
      </symbol>
      <symbol id="sm-255">
         <name>xQueueGenericReceive</name>
         <value>0x6c1</value>
         <object_component_ref idref="oc-343"/>
      </symbol>
      <symbol id="sm-429">
         <name>vTaskDelay</name>
         <value>0x1cdd</value>
         <object_component_ref idref="oc-380"/>
      </symbol>
      <symbol id="sm-42a">
         <name>vTaskSuspendAll</name>
         <value>0x2611</value>
         <object_component_ref idref="oc-2ac"/>
      </symbol>
      <symbol id="sm-42b">
         <name>vTaskPriorityInherit</name>
         <value>0x1305</value>
         <object_component_ref idref="oc-412"/>
      </symbol>
      <symbol id="sm-42c">
         <name>vTaskPlaceOnEventList</name>
         <value>0x1af5</value>
         <object_component_ref idref="oc-2ee"/>
      </symbol>
      <symbol id="sm-42d">
         <name>xTaskCheckForTimeOut</name>
         <value>0x1e8d</value>
         <object_component_ref idref="oc-2dc"/>
      </symbol>
      <symbol id="sm-42e">
         <name>xTaskPriorityDisinherit</name>
         <value>0x15bd</value>
         <object_component_ref idref="oc-3dc"/>
      </symbol>
      <symbol id="sm-42f">
         <name>vTaskStartScheduler</name>
         <value>0x1c7d</value>
         <object_component_ref idref="oc-175"/>
      </symbol>
      <symbol id="sm-430">
         <name>pvTaskIncrementMutexHeldCount</name>
         <value>0x2511</value>
         <object_component_ref idref="oc-41e"/>
      </symbol>
      <symbol id="sm-431">
         <name>vTaskDelayUntil</name>
         <value>0x14b5</value>
         <object_component_ref idref="oc-349"/>
      </symbol>
      <symbol id="sm-432">
         <name>vTaskMissedYield</name>
         <value>0x263d</value>
         <object_component_ref idref="oc-3c4"/>
      </symbol>
      <symbol id="sm-433">
         <name>xTaskResumeAll</name>
         <value>0xded</value>
         <object_component_ref idref="oc-2b8"/>
      </symbol>
      <symbol id="sm-434">
         <name>xTaskGetTickCount</name>
         <value>0x2649</value>
         <object_component_ref idref="oc-33d"/>
      </symbol>
      <symbol id="sm-435">
         <name>xTaskGenericCreate</name>
         <value>0xafd</value>
         <object_component_ref idref="oc-226"/>
      </symbol>
      <symbol id="sm-436">
         <name>pxCurrentTCB</name>
         <value>0x20007900</value>
         <object_component_ref idref="oc-a0"/>
      </symbol>
      <symbol id="sm-437">
         <name>vTaskSetTimeOutState</name>
         <value>0x2571</value>
         <object_component_ref idref="oc-2ca"/>
      </symbol>
      <symbol id="sm-438">
         <name>xTaskIncrementTick</name>
         <value>0xc01</value>
         <object_component_ref idref="oc-ad"/>
      </symbol>
      <symbol id="sm-439">
         <name>vTaskSwitchContext</name>
         <value>0x1429</value>
         <object_component_ref idref="oc-a6"/>
      </symbol>
      <symbol id="sm-43a">
         <name>xTaskRemoveFromEventList</name>
         <value>0x1729</value>
         <object_component_ref idref="oc-2fa"/>
      </symbol>
      <symbol id="sm-494">
         <name>ulMaxSyscallInterruptPriority</name>
         <value>0x2828</value>
         <object_component_ref idref="oc-a3"/>
      </symbol>
      <symbol id="sm-495">
         <name>vPortSetupTimerInterrupt</name>
         <value>0x25c9</value>
         <object_component_ref idref="oc-387"/>
      </symbol>
      <symbol id="sm-496">
         <name>xPortSysTickHandler</name>
         <value>0x2329</value>
         <object_component_ref idref="oc-48"/>
      </symbol>
      <symbol id="sm-497">
         <name>pxPortInitialiseStack</name>
         <value>0x23d1</value>
         <object_component_ref idref="oc-32c"/>
      </symbol>
      <symbol id="sm-498">
         <name>vPortExitCritical</name>
         <value>0x2559</value>
         <object_component_ref idref="oc-2d0"/>
      </symbol>
      <symbol id="sm-499">
         <name>xPortStartScheduler</name>
         <value>0x219d</value>
         <object_component_ref idref="oc-276"/>
      </symbol>
      <symbol id="sm-49a">
         <name>vPortEnterCritical</name>
         <value>0x24c1</value>
         <object_component_ref idref="oc-2d6"/>
      </symbol>
      <symbol id="sm-4a9">
         <name>vPortStartFirstTask</name>
         <value>0xf79</value>
         <object_component_ref idref="oc-43"/>
      </symbol>
      <symbol id="sm-4aa">
         <name>ulPortGetIPSR</name>
         <value>0xee1</value>
         <object_component_ref idref="oc-43"/>
      </symbol>
      <symbol id="sm-4ab">
         <name>vPortEnableVFP</name>
         <value>0xf95</value>
         <object_component_ref idref="oc-43"/>
      </symbol>
      <symbol id="sm-4ac">
         <name>xPortPendSVHandler</name>
         <value>0xef9</value>
         <object_component_ref idref="oc-43"/>
      </symbol>
      <symbol id="sm-4ad">
         <name>vPortSVCHandler</name>
         <value>0xf59</value>
         <object_component_ref idref="oc-43"/>
      </symbol>
      <symbol id="sm-502">
         <name>pvPortMalloc</name>
         <value>0x1129</value>
         <object_component_ref idref="oc-1f3"/>
      </symbol>
      <symbol id="sm-503">
         <name>vPortFree</name>
         <value>0x2099</value>
         <object_component_ref idref="oc-3ec"/>
      </symbol>
      <symbol id="sm-571">
         <name>UARTStdioConfig</name>
         <value>0x1bbd</value>
         <object_component_ref idref="oc-1df"/>
      </symbol>
      <symbol id="sm-572">
         <name>UARTwrite</name>
         <value>0x200d</value>
         <object_component_ref idref="oc-29e"/>
      </symbol>
      <symbol id="sm-573">
         <name>UARTprintf</name>
         <value>0x24dd</value>
         <object_component_ref idref="oc-15d"/>
      </symbol>
      <symbol id="sm-574">
         <name>UARTvprintf</name>
         <value>0x26d</value>
         <object_component_ref idref="oc-1e6"/>
      </symbol>
      <symbol id="sm-586">
         <name>_c_int00</name>
         <value>0x1de5</value>
         <object_component_ref idref="oc-24"/>
      </symbol>
      <symbol id="sm-587">
         <name>__stack</name>
         <value>0x20007700</value>
         <object_component_ref idref="oc-2a"/>
      </symbol>
      <symbol id="sm-5a5">
         <name>__TI_decompress_lzss</name>
         <value>0x1a29</value>
         <object_component_ref idref="oc-12"/>
      </symbol>
      <symbol id="sm-5bc">
         <name>__TI_decompress_none</name>
         <value>0x2621</value>
         <object_component_ref idref="oc-18"/>
      </symbol>
      <symbol id="sm-5d3">
         <name>__TI_zero_init</name>
         <value>0x262f</value>
         <object_component_ref idref="oc-1e"/>
      </symbol>
      <symbol id="sm-5f4">
         <name>C$$EXIT</name>
         <value>0x1e39</value>
         <object_component_ref idref="oc-92"/>
      </symbol>
      <symbol id="sm-5f5">
         <name>abort</name>
         <value>0x1e3d</value>
         <object_component_ref idref="oc-92"/>
      </symbol>
      <symbol id="sm-5f6">
         <name>exit</name>
         <value>0x1e45</value>
         <object_component_ref idref="oc-92"/>
      </symbol>
      <symbol id="sm-5f7">
         <name>__TI_dtors_ptr</name>
         <value>0x20007934</value>
         <object_component_ref idref="oc-ff"/>
      </symbol>
      <symbol id="sm-5f8">
         <name>__TI_cleanup_ptr</name>
         <value>0x20007930</value>
         <object_component_ref idref="oc-ff"/>
      </symbol>
      <symbol id="sm-5f9">
         <name>__TI_enable_exit_profile_output</name>
         <value>0x20007938</value>
         <object_component_ref idref="oc-ff"/>
      </symbol>
      <symbol id="sm-615">
         <name>memcpy</name>
         <value>0x11d5</value>
         <object_component_ref idref="oc-62"/>
      </symbol>
      <symbol id="sm-616">
         <name>__aeabi_memcpy</name>
         <value>0x11d5</value>
         <object_component_ref idref="oc-62"/>
      </symbol>
      <symbol id="sm-617">
         <name>__aeabi_memcpy8</name>
         <value>0x11d5</value>
         <object_component_ref idref="oc-62"/>
      </symbol>
      <symbol id="sm-618">
         <name>__aeabi_memcpy4</name>
         <value>0x11d5</value>
         <object_component_ref idref="oc-62"/>
      </symbol>
      <symbol id="sm-627">
         <name>__aeabi_memset</name>
         <value>0x163b</value>
         <object_component_ref idref="oc-6e"/>
      </symbol>
      <symbol id="sm-628">
         <name>memset</name>
         <value>0x1641</value>
         <object_component_ref idref="oc-6e"/>
      </symbol>
      <symbol id="sm-629">
         <name>__aeabi_memset8</name>
         <value>0x163b</value>
         <object_component_ref idref="oc-6e"/>
      </symbol>
      <symbol id="sm-62a">
         <name>__aeabi_memset4</name>
         <value>0x163b</value>
         <object_component_ref idref="oc-6e"/>
      </symbol>
      <symbol id="sm-62b">
         <name>__aeabi_memclr8</name>
         <value>0x1639</value>
         <object_component_ref idref="oc-6e"/>
      </symbol>
      <symbol id="sm-62c">
         <name>__aeabi_memclr4</name>
         <value>0x1639</value>
         <object_component_ref idref="oc-6e"/>
      </symbol>
      <symbol id="sm-62d">
         <name>__aeabi_memclr</name>
         <value>0x1639</value>
         <object_component_ref idref="oc-6e"/>
      </symbol>
      <symbol id="sm-637">
         <name>__mpu_init</name>
         <value>0x180f</value>
         <object_component_ref idref="oc-7a"/>
      </symbol>
      <symbol id="sm-641">
         <name>_system_pre_init</name>
         <value>0x2681</value>
         <object_component_ref idref="oc-80"/>
      </symbol>
      <symbol id="sm-649">
         <name>main_func_sp</name>
         <value>0x20007968</value>
         <object_component_ref idref="oc-98"/>
      </symbol>
      <symbol id="sm-658">
         <name>__aeabi_uidivmod</name>
         <value>0x215d</value>
         <object_component_ref idref="oc-2a4"/>
      </symbol>
      <symbol id="sm-659">
         <name>__aeabi_uidiv</name>
         <value>0x215d</value>
         <object_component_ref idref="oc-2a4"/>
      </symbol>
      <symbol id="sm-672">
         <name>_nop</name>
         <value>0x25c3</value>
         <object_component_ref idref="oc-188"/>
      </symbol>
      <symbol id="sm-673">
         <name>_lock</name>
         <value>0x20007948</value>
         <object_component_ref idref="oc-102"/>
      </symbol>
      <symbol id="sm-674">
         <name>_unlock</name>
         <value>0x2000794c</value>
         <object_component_ref idref="oc-102"/>
      </symbol>
      <symbol id="sm-675">
         <name>_register_lock</name>
         <value>0x25bb</value>
         <object_component_ref idref="oc-188"/>
      </symbol>
      <symbol id="sm-676">
         <name>_register_unlock</name>
         <value>0x25b5</value>
         <object_component_ref idref="oc-188"/>
      </symbol>
      <symbol id="sm-68a">
         <name>_args_main</name>
         <value>0x2529</value>
         <object_component_ref idref="oc-8c"/>
      </symbol>
      <symbol id="sm-6b4">
         <name>__TI_auto_init</name>
         <value>0x1811</value>
         <object_component_ref idref="oc-86"/>
      </symbol>
      <symbol id="sm-6ce">
         <name>copy_in</name>
         <value>0x1f2d</value>
         <object_component_ref idref="oc-e9"/>
      </symbol>
      <symbol id="sm-6d8">
         <name>__aeabi_idiv0</name>
         <value>0x16b3</value>
         <object_component_ref idref="oc-3a3"/>
      </symbol>
      <symbol id="sm-6e2">
         <name>_system_post_cinit</name>
         <value>0x1bbb</value>
         <object_component_ref idref="oc-ef"/>
      </symbol>
      <symbol id="sm-784">
         <name>CANMessageGet</name>
         <value>0x8e9</value>
         <object_component_ref idref="oc-37a"/>
      </symbol>
      <symbol id="sm-785">
         <name>CANBitRateSet</name>
         <value>0x1881</value>
         <object_component_ref idref="oc-257"/>
      </symbol>
      <symbol id="sm-786">
         <name>CANEnable</name>
         <value>0x2655</value>
         <object_component_ref idref="oc-269"/>
      </symbol>
      <symbol id="sm-787">
         <name>CANStatusGet</name>
         <value>0x20dd</value>
         <object_component_ref idref="oc-c0"/>
      </symbol>
      <symbol id="sm-788">
         <name>CANMessageSet</name>
         <value>0x457</value>
         <object_component_ref idref="oc-374"/>
      </symbol>
      <symbol id="sm-789">
         <name>CANIntClear</name>
         <value>0x2443</value>
         <object_component_ref idref="oc-ba"/>
      </symbol>
      <symbol id="sm-78a">
         <name>CANIntStatus</name>
         <value>0x2465</value>
         <object_component_ref idref="oc-b4"/>
      </symbol>
      <symbol id="sm-78b">
         <name>CANInit</name>
         <value>0x2219</value>
         <object_component_ref idref="oc-24b"/>
      </symbol>
      <symbol id="sm-78c">
         <name>CANIntEnable</name>
         <value>0x265f</value>
         <object_component_ref idref="oc-25d"/>
      </symbol>
      <symbol id="sm-7be">
         <name>GPIOPinConfigure</name>
         <value>0x1fc5</value>
         <object_component_ref idref="oc-23f"/>
      </symbol>
      <symbol id="sm-7bf">
         <name>GPIODirModeSet</name>
         <value>0x2355</value>
         <object_component_ref idref="oc-357"/>
      </symbol>
      <symbol id="sm-7c0">
         <name>GPIOPadConfigSet</name>
         <value>0x58d</value>
         <object_component_ref idref="oc-35d"/>
      </symbol>
      <symbol id="sm-7c1">
         <name>GPIOPinTypeCAN</name>
         <value>0x25dd</value>
         <object_component_ref idref="oc-245"/>
      </symbol>
      <symbol id="sm-7e8">
         <name>IntEnable</name>
         <value>0x1959</value>
         <object_component_ref idref="oc-263"/>
      </symbol>
      <symbol id="sm-822">
         <name>SysCtlPeripheralEnable</name>
         <value>0x22c5</value>
         <object_component_ref idref="oc-239"/>
      </symbol>
      <symbol id="sm-823">
         <name>SysCtlClockGet</name>
         <value>0x7d9</value>
         <object_component_ref idref="oc-251"/>
      </symbol>
      <symbol id="sm-830">
         <name>UARTClockSourceSet</name>
         <value>0x2675</value>
         <object_component_ref idref="oc-1d9"/>
      </symbol>
      <symbol id="sm-832">
         <name>__TI_static_base__</name>
         <value>0x0</value>
      </symbol>
      <symbol id="sm-835">
         <name>SHT$$INIT_ARRAY$$Limit</name>
         <value>0x0</value>
      </symbol>
      <symbol id="sm-836">
         <name>SHT$$INIT_ARRAY$$Base</name>
         <value>0x0</value>
      </symbol>
   </symbol_table>
   <title>Link successful</title>
</link_info>
